<?xml version="1.0" encoding="ISO-8859-1" ?>
<link_info>
   <banner>TI ARM Clang Linker PC v3.2.2.LTS</banner>
   <copyright>Copyright (c) 1996-2018 Texas Instruments Incorporated</copyright>
   <link_time>0x68a589f2</link_time>
   <link_errors>0x0</link_errors>
   <output_file>C:\Users\krisz\Documents\GitHub\TTS_SW_2025\Debug\TTS_SW_2025.out</output_file>
   <entry_point>
      <name>_c_int00_noargs</name>
      <address>0xa0ed</address>
   </entry_point>
   <input_file_list>
      <input_file id="fl-1">
         <path>C:\Users\krisz\Documents\GitHub\TTS_SW_2025\Debug\.\</path>
         <kind>object</kind>
         <file>MAS_CAN.o</file>
         <name>MAS_CAN.o</name>
      </input_file>
      <input_file id="fl-2">
         <path>C:\Users\krisz\Documents\GitHub\TTS_SW_2025\Debug\.\</path>
         <kind>object</kind>
         <file>MLX90640_API.o</file>
         <name>MLX90640_API.o</name>
      </input_file>
      <input_file id="fl-3">
         <path>C:\Users\krisz\Documents\GitHub\TTS_SW_2025\Debug\.\</path>
         <kind>object</kind>
         <file>MLX90640_Driver.o</file>
         <name>MLX90640_Driver.o</name>
      </input_file>
      <input_file id="fl-4">
         <path>C:\Users\krisz\Documents\GitHub\TTS_SW_2025\Debug\.\</path>
         <kind>object</kind>
         <file>MLX90640_I2C_MSP.o</file>
         <name>MLX90640_I2C_MSP.o</name>
      </input_file>
      <input_file id="fl-5">
         <path>C:\Users\krisz\Documents\GitHub\TTS_SW_2025\Debug\.\</path>
         <kind>object</kind>
         <file>MLX90640_Init.o</file>
         <name>MLX90640_Init.o</name>
      </input_file>
      <input_file id="fl-6">
         <path>C:\Users\krisz\Documents\GitHub\TTS_SW_2025\Debug\.\</path>
         <kind>object</kind>
         <file>MLX90640_Process.o</file>
         <name>MLX90640_Process.o</name>
      </input_file>
      <input_file id="fl-7">
         <path>C:\Users\krisz\Documents\GitHub\TTS_SW_2025\Debug\.\</path>
         <kind>object</kind>
         <file>i2ccontroller.o</file>
         <name>i2ccontroller.o</name>
      </input_file>
      <input_file id="fl-8">
         <path>C:\Users\krisz\Documents\GitHub\TTS_SW_2025\Debug\.\</path>
         <kind>object</kind>
         <file>main_freertos.o</file>
         <name>main_freertos.o</name>
      </input_file>
      <input_file id="fl-9">
         <path>C:\Users\krisz\Documents\GitHub\TTS_SW_2025\Debug\.\</path>
         <kind>object</kind>
         <file>ti_drivers_config.o</file>
         <name>ti_drivers_config.o</name>
      </input_file>
      <input_file id="fl-a">
         <path>C:\Users\krisz\Documents\GitHub\TTS_SW_2025\Debug\.\</path>
         <kind>object</kind>
         <file>ti_msp_dl_config.o</file>
         <name>ti_msp_dl_config.o</name>
      </input_file>
      <input_file id="fl-b">
         <path>C:\Users\krisz\Documents\GitHub\TTS_SW_2025\Debug\.\freertos\ticlang\</path>
         <kind>object</kind>
         <file>startup_mspm0g350x_ticlang.o</file>
         <name>startup_mspm0g350x_ticlang.o</name>
      </input_file>
      <input_file id="fl-c">
         <path>C:\Users\krisz\Documents\GitHub\TTS_SW_2025\Debug\.\ti\display\</path>
         <kind>object</kind>
         <file>Display.o</file>
         <name>Display.o</name>
      </input_file>
      <input_file id="fl-d">
         <path>C:\Users\krisz\Documents\GitHub\TTS_SW_2025\Debug\.\ti\display\</path>
         <kind>object</kind>
         <file>DisplayUart.o</file>
         <name>DisplayUart.o</name>
      </input_file>
      <input_file id="fl-1b">
         <path>C:\Users\krisz\Documents\GitHub\TTS_SW_2025\Debug\</path>
         <kind>object</kind>
         <file>&lt;internal&gt;</file>
         <name>&lt;internal&gt;</name>
      </input_file>
      <input_file id="fl-1c">
         <path>C:\ti\mspm0_sdk_2_05_01_00\source\ti\drivers\lib\ticlang\m0p\</path>
         <kind>archive</kind>
         <file>drivers_mspm0g1x0x_g3x0x.a</file>
         <name>I2C.o</name>
      </input_file>
      <input_file id="fl-1d">
         <path>C:\ti\mspm0_sdk_2_05_01_00\source\ti\drivers\lib\ticlang\m0p\</path>
         <kind>archive</kind>
         <file>drivers_mspm0g1x0x_g3x0x.a</file>
         <name>UART.o</name>
      </input_file>
      <input_file id="fl-1e">
         <path>C:\ti\mspm0_sdk_2_05_01_00\source\ti\drivers\lib\ticlang\m0p\</path>
         <kind>archive</kind>
         <file>drivers_mspm0g1x0x_g3x0x.a</file>
         <name>I2CMSPM0.o</name>
      </input_file>
      <input_file id="fl-1f">
         <path>C:\ti\mspm0_sdk_2_05_01_00\source\ti\drivers\lib\ticlang\m0p\</path>
         <kind>archive</kind>
         <file>drivers_mspm0g1x0x_g3x0x.a</file>
         <name>UARTMSPM0.o</name>
      </input_file>
      <input_file id="fl-20">
         <path>C:\ti\mspm0_sdk_2_05_01_00\source\ti\drivers\lib\ticlang\m0p\</path>
         <kind>archive</kind>
         <file>drivers_mspm0g1x0x_g3x0x.a</file>
         <name>DMAMSPM0.o</name>
      </input_file>
      <input_file id="fl-21">
         <path>C:\ti\mspm0_sdk_2_05_01_00\source\ti\drivers\lib\ticlang\m0p\</path>
         <kind>archive</kind>
         <file>drivers_mspm0g1x0x_g3x0x.a</file>
         <name>RingBuf.o</name>
      </input_file>
      <input_file id="fl-22">
         <path>C:\ti\mspm0_sdk_2_05_01_00\source\ti\drivers\lib\ticlang\m0p\</path>
         <kind>archive</kind>
         <file>drivers_mspm0g1x0x_g3x0x.a</file>
         <name>GPIO.o</name>
      </input_file>
      <input_file id="fl-23">
         <path>C:\ti\mspm0_sdk_2_05_01_00\source\ti\drivers\lib\ticlang\m0p\</path>
         <kind>archive</kind>
         <file>drivers_mspm0g1x0x_g3x0x.a</file>
         <name>GPIOMSPM0.o</name>
      </input_file>
      <input_file id="fl-24">
         <path>C:\Users\krisz\workspace_v12\freertos_builds_LP_MSPM0G3507_release_ticlang\Debug\</path>
         <kind>archive</kind>
         <file>freertos_builds_LP_MSPM0G3507_release_ticlang.lib</file>
         <name>HwiPMSPM0_freertos.o</name>
      </input_file>
      <input_file id="fl-25">
         <path>C:\Users\krisz\workspace_v12\freertos_builds_LP_MSPM0G3507_release_ticlang\Debug\</path>
         <kind>archive</kind>
         <file>freertos_builds_LP_MSPM0G3507_release_ticlang.lib</file>
         <name>SemaphoreP_freertos.o</name>
      </input_file>
      <input_file id="fl-26">
         <path>C:\Users\krisz\workspace_v12\freertos_builds_LP_MSPM0G3507_release_ticlang\Debug\</path>
         <kind>archive</kind>
         <file>freertos_builds_LP_MSPM0G3507_release_ticlang.lib</file>
         <name>SystemP_freertos.o</name>
      </input_file>
      <input_file id="fl-27">
         <path>C:\Users\krisz\workspace_v12\freertos_builds_LP_MSPM0G3507_release_ticlang\Debug\</path>
         <kind>archive</kind>
         <file>freertos_builds_LP_MSPM0G3507_release_ticlang.lib</file>
         <name>queue.o</name>
      </input_file>
      <input_file id="fl-28">
         <path>C:\Users\krisz\workspace_v12\freertos_builds_LP_MSPM0G3507_release_ticlang\Debug\</path>
         <kind>archive</kind>
         <file>freertos_builds_LP_MSPM0G3507_release_ticlang.lib</file>
         <name>tasks.o</name>
      </input_file>
      <input_file id="fl-29">
         <path>C:\Users\krisz\workspace_v12\freertos_builds_LP_MSPM0G3507_release_ticlang\Debug\</path>
         <kind>archive</kind>
         <file>freertos_builds_LP_MSPM0G3507_release_ticlang.lib</file>
         <name>timers.o</name>
      </input_file>
      <input_file id="fl-2a">
         <path>C:\Users\krisz\workspace_v12\freertos_builds_LP_MSPM0G3507_release_ticlang\Debug\</path>
         <kind>archive</kind>
         <file>freertos_builds_LP_MSPM0G3507_release_ticlang.lib</file>
         <name>port.o</name>
      </input_file>
      <input_file id="fl-2b">
         <path>C:\Users\krisz\workspace_v12\freertos_builds_LP_MSPM0G3507_release_ticlang\Debug\</path>
         <kind>archive</kind>
         <file>freertos_builds_LP_MSPM0G3507_release_ticlang.lib</file>
         <name>PTLS.o</name>
      </input_file>
      <input_file id="fl-2c">
         <path>C:\Users\krisz\workspace_v12\freertos_builds_LP_MSPM0G3507_release_ticlang\Debug\</path>
         <kind>archive</kind>
         <file>freertos_builds_LP_MSPM0G3507_release_ticlang.lib</file>
         <name>memory.o</name>
      </input_file>
      <input_file id="fl-2d">
         <path>C:\Users\krisz\workspace_v12\freertos_builds_LP_MSPM0G3507_release_ticlang\Debug\</path>
         <kind>archive</kind>
         <file>freertos_builds_LP_MSPM0G3507_release_ticlang.lib</file>
         <name>pthread.o</name>
      </input_file>
      <input_file id="fl-2e">
         <path>C:\Users\krisz\workspace_v12\freertos_builds_LP_MSPM0G3507_release_ticlang\Debug\</path>
         <kind>archive</kind>
         <file>freertos_builds_LP_MSPM0G3507_release_ticlang.lib</file>
         <name>ClockP_freertos.o</name>
      </input_file>
      <input_file id="fl-2f">
         <path>C:\Users\krisz\workspace_v12\freertos_builds_LP_MSPM0G3507_release_ticlang\Debug\</path>
         <kind>archive</kind>
         <file>freertos_builds_LP_MSPM0G3507_release_ticlang.lib</file>
         <name>StaticAllocs_freertos.o</name>
      </input_file>
      <input_file id="fl-30">
         <path>C:\Users\krisz\workspace_v12\freertos_builds_LP_MSPM0G3507_release_ticlang\Debug\</path>
         <kind>archive</kind>
         <file>freertos_builds_LP_MSPM0G3507_release_ticlang.lib</file>
         <name>heap_4.o</name>
      </input_file>
      <input_file id="fl-31">
         <path>C:\Users\krisz\workspace_v12\freertos_builds_LP_MSPM0G3507_release_ticlang\Debug\</path>
         <kind>archive</kind>
         <file>freertos_builds_LP_MSPM0G3507_release_ticlang.lib</file>
         <name>list.o</name>
      </input_file>
      <input_file id="fl-32">
         <path>C:\Users\krisz\workspace_v12\freertos_builds_LP_MSPM0G3507_release_ticlang\Debug\</path>
         <kind>archive</kind>
         <file>freertos_builds_LP_MSPM0G3507_release_ticlang.lib</file>
         <name>aeabi_portable.o</name>
      </input_file>
      <input_file id="fl-33">
         <path>C:\ti\mspm0_sdk_2_05_01_00\source\ti\driverlib\lib\ticlang\m0p\mspm0g1x0x_g3x0x\</path>
         <kind>archive</kind>
         <file>driverlib.a</file>
         <name>dl_common.o</name>
      </input_file>
      <input_file id="fl-34">
         <path>C:\ti\mspm0_sdk_2_05_01_00\source\ti\driverlib\lib\ticlang\m0p\mspm0g1x0x_g3x0x\</path>
         <kind>archive</kind>
         <file>driverlib.a</file>
         <name>dl_dma.o</name>
      </input_file>
      <input_file id="fl-35">
         <path>C:\ti\mspm0_sdk_2_05_01_00\source\ti\driverlib\lib\ticlang\m0p\mspm0g1x0x_g3x0x\</path>
         <kind>archive</kind>
         <file>driverlib.a</file>
         <name>dl_i2c.o</name>
      </input_file>
      <input_file id="fl-36">
         <path>C:\ti\mspm0_sdk_2_05_01_00\source\ti\driverlib\lib\ticlang\m0p\mspm0g1x0x_g3x0x\</path>
         <kind>archive</kind>
         <file>driverlib.a</file>
         <name>dl_mcan.o</name>
      </input_file>
      <input_file id="fl-37">
         <path>C:\ti\mspm0_sdk_2_05_01_00\source\ti\driverlib\lib\ticlang\m0p\mspm0g1x0x_g3x0x\</path>
         <kind>archive</kind>
         <file>driverlib.a</file>
         <name>dl_uart.o</name>
      </input_file>
      <input_file id="fl-38">
         <path>C:\ti\mspm0_sdk_2_05_01_00\source\ti\driverlib\lib\ticlang\m0p\mspm0g1x0x_g3x0x\</path>
         <kind>archive</kind>
         <file>driverlib.a</file>
         <name>dl_interrupt.o</name>
      </input_file>
      <input_file id="fl-39">
         <path>C:\ti\mspm0_sdk_2_05_01_00\source\ti\driverlib\lib\ticlang\m0p\mspm0g1x0x_g3x0x\</path>
         <kind>archive</kind>
         <file>driverlib.a</file>
         <name>dl_sysctl_mspm0g1x0x_g3x0x.o</name>
      </input_file>
      <input_file id="fl-48">
         <path>C:\ti\ccs1281\ccs\tools\compiler\ti-cgt-armllvm_3.2.2.LTS\lib\armv6m-ti-none-eabi\c\</path>
         <kind>archive</kind>
         <file>libc.a</file>
         <name>e_pow.c.obj</name>
      </input_file>
      <input_file id="fl-49">
         <path>C:\ti\ccs1281\ccs\tools\compiler\ti-cgt-armllvm_3.2.2.LTS\lib\armv6m-ti-none-eabi\c\</path>
         <kind>archive</kind>
         <file>libc.a</file>
         <name>e_sqrt.c.obj</name>
      </input_file>
      <input_file id="fl-4a">
         <path>C:\ti\ccs1281\ccs\tools\compiler\ti-cgt-armllvm_3.2.2.LTS\lib\armv6m-ti-none-eabi\c\</path>
         <kind>archive</kind>
         <file>libc.a</file>
         <name>s_scalbn.c.obj</name>
      </input_file>
      <input_file id="fl-4b">
         <path>C:\ti\ccs1281\ccs\tools\compiler\ti-cgt-armllvm_3.2.2.LTS\lib\armv6m-ti-none-eabi\c\</path>
         <kind>archive</kind>
         <file>libc.a</file>
         <name>strlen.c.obj</name>
      </input_file>
      <input_file id="fl-4c">
         <path>C:\ti\ccs1281\ccs\tools\compiler\ti-cgt-armllvm_3.2.2.LTS\lib\armv6m-ti-none-eabi\c\</path>
         <kind>archive</kind>
         <file>libc.a</file>
         <name>boot_cortex_m.c.obj</name>
      </input_file>
      <input_file id="fl-4d">
         <path>C:\ti\ccs1281\ccs\tools\compiler\ti-cgt-armllvm_3.2.2.LTS\lib\armv6m-ti-none-eabi\c\</path>
         <kind>archive</kind>
         <file>libc.a</file>
         <name>mathacl_init.c.obj</name>
      </input_file>
      <input_file id="fl-4e">
         <path>C:\ti\ccs1281\ccs\tools\compiler\ti-cgt-armllvm_3.2.2.LTS\lib\armv6m-ti-none-eabi\c\</path>
         <kind>archive</kind>
         <file>libc.a</file>
         <name>autoinit.c.obj</name>
      </input_file>
      <input_file id="fl-4f">
         <path>C:\ti\ccs1281\ccs\tools\compiler\ti-cgt-armllvm_3.2.2.LTS\lib\armv6m-ti-none-eabi\c\</path>
         <kind>archive</kind>
         <file>libc.a</file>
         <name>pre_init.c.obj</name>
      </input_file>
      <input_file id="fl-50">
         <path>C:\ti\ccs1281\ccs\tools\compiler\ti-cgt-armllvm_3.2.2.LTS\lib\armv6m-ti-none-eabi\c\</path>
         <kind>archive</kind>
         <file>libc.a</file>
         <name>cpy_tbl.c.obj</name>
      </input_file>
      <input_file id="fl-51">
         <path>C:\ti\ccs1281\ccs\tools\compiler\ti-cgt-armllvm_3.2.2.LTS\lib\armv6m-ti-none-eabi\c\</path>
         <kind>archive</kind>
         <file>libc.a</file>
         <name>copy_zero_init.c.obj</name>
      </input_file>
      <input_file id="fl-52">
         <path>C:\ti\ccs1281\ccs\tools\compiler\ti-cgt-armllvm_3.2.2.LTS\lib\armv6m-ti-none-eabi\c\</path>
         <kind>archive</kind>
         <file>libc.a</file>
         <name>copy_decompress_none.c.obj</name>
      </input_file>
      <input_file id="fl-53">
         <path>C:\ti\ccs1281\ccs\tools\compiler\ti-cgt-armllvm_3.2.2.LTS\lib\armv6m-ti-none-eabi\c\</path>
         <kind>archive</kind>
         <file>libc.a</file>
         <name>copy_decompress_lzss.c.obj</name>
      </input_file>
      <input_file id="fl-54">
         <path>C:\ti\ccs1281\ccs\tools\compiler\ti-cgt-armllvm_3.2.2.LTS\lib\armv6m-ti-none-eabi\c\</path>
         <kind>archive</kind>
         <file>libc.a</file>
         <name>exit.c.obj</name>
      </input_file>
      <input_file id="fl-55">
         <path>C:\ti\ccs1281\ccs\tools\compiler\ti-cgt-armllvm_3.2.2.LTS\lib\armv6m-ti-none-eabi\c\</path>
         <kind>archive</kind>
         <file>libc.a</file>
         <name>_lock.c.obj</name>
      </input_file>
      <input_file id="fl-56">
         <path>C:\ti\ccs1281\ccs\tools\compiler\ti-cgt-armllvm_3.2.2.LTS\lib\armv6m-ti-none-eabi\c\</path>
         <kind>archive</kind>
         <file>libc.a</file>
         <name>args_main.c.obj</name>
      </input_file>
      <input_file id="fl-bc">
         <path>C:\ti\ccs1281\ccs\tools\compiler\ti-cgt-armllvm_3.2.2.LTS\lib\clang\15.0.7\lib\armv6m-ti-none-eabi\</path>
         <kind>archive</kind>
         <file>libclang_rt.builtins.a</file>
         <name>addsf3.S.obj</name>
      </input_file>
      <input_file id="fl-bd">
         <path>C:\ti\ccs1281\ccs\tools\compiler\ti-cgt-armllvm_3.2.2.LTS\lib\clang\15.0.7\lib\armv6m-ti-none-eabi\</path>
         <kind>archive</kind>
         <file>libclang_rt.builtins.a</file>
         <name>adddf3.S.obj</name>
      </input_file>
      <input_file id="fl-be">
         <path>C:\ti\ccs1281\ccs\tools\compiler\ti-cgt-armllvm_3.2.2.LTS\lib\clang\15.0.7\lib\armv6m-ti-none-eabi\</path>
         <kind>archive</kind>
         <file>libclang_rt.builtins.a</file>
         <name>muldf3.S.obj</name>
      </input_file>
      <input_file id="fl-bf">
         <path>C:\ti\ccs1281\ccs\tools\compiler\ti-cgt-armllvm_3.2.2.LTS\lib\clang\15.0.7\lib\armv6m-ti-none-eabi\</path>
         <kind>archive</kind>
         <file>libclang_rt.builtins.a</file>
         <name>muldsi3.S.obj</name>
      </input_file>
      <input_file id="fl-c0">
         <path>C:\ti\ccs1281\ccs\tools\compiler\ti-cgt-armllvm_3.2.2.LTS\lib\clang\15.0.7\lib\armv6m-ti-none-eabi\</path>
         <kind>archive</kind>
         <file>libclang_rt.builtins.a</file>
         <name>mulsf3.S.obj</name>
      </input_file>
      <input_file id="fl-c1">
         <path>C:\ti\ccs1281\ccs\tools\compiler\ti-cgt-armllvm_3.2.2.LTS\lib\clang\15.0.7\lib\armv6m-ti-none-eabi\</path>
         <kind>archive</kind>
         <file>libclang_rt.builtins.a</file>
         <name>divsf3.S.obj</name>
      </input_file>
      <input_file id="fl-c2">
         <path>C:\ti\ccs1281\ccs\tools\compiler\ti-cgt-armllvm_3.2.2.LTS\lib\clang\15.0.7\lib\armv6m-ti-none-eabi\</path>
         <kind>archive</kind>
         <file>libclang_rt.builtins.a</file>
         <name>divdf3.S.obj</name>
      </input_file>
      <input_file id="fl-c3">
         <path>C:\ti\ccs1281\ccs\tools\compiler\ti-cgt-armllvm_3.2.2.LTS\lib\clang\15.0.7\lib\armv6m-ti-none-eabi\</path>
         <kind>archive</kind>
         <file>libclang_rt.builtins.a</file>
         <name>extendsfdf2.S.obj</name>
      </input_file>
      <input_file id="fl-c4">
         <path>C:\ti\ccs1281\ccs\tools\compiler\ti-cgt-armllvm_3.2.2.LTS\lib\clang\15.0.7\lib\armv6m-ti-none-eabi\</path>
         <kind>archive</kind>
         <file>libclang_rt.builtins.a</file>
         <name>fixdfsi.S.obj</name>
      </input_file>
      <input_file id="fl-c5">
         <path>C:\ti\ccs1281\ccs\tools\compiler\ti-cgt-armllvm_3.2.2.LTS\lib\clang\15.0.7\lib\armv6m-ti-none-eabi\</path>
         <kind>archive</kind>
         <file>libclang_rt.builtins.a</file>
         <name>fixunsdfsi.S.obj</name>
      </input_file>
      <input_file id="fl-c6">
         <path>C:\ti\ccs1281\ccs\tools\compiler\ti-cgt-armllvm_3.2.2.LTS\lib\clang\15.0.7\lib\armv6m-ti-none-eabi\</path>
         <kind>archive</kind>
         <file>libclang_rt.builtins.a</file>
         <name>floatsidf.S.obj</name>
      </input_file>
      <input_file id="fl-c7">
         <path>C:\ti\ccs1281\ccs\tools\compiler\ti-cgt-armllvm_3.2.2.LTS\lib\clang\15.0.7\lib\armv6m-ti-none-eabi\</path>
         <kind>archive</kind>
         <file>libclang_rt.builtins.a</file>
         <name>floatsisf.S.obj</name>
      </input_file>
      <input_file id="fl-c8">
         <path>C:\ti\ccs1281\ccs\tools\compiler\ti-cgt-armllvm_3.2.2.LTS\lib\clang\15.0.7\lib\armv6m-ti-none-eabi\</path>
         <kind>archive</kind>
         <file>libclang_rt.builtins.a</file>
         <name>floatunsidf.S.obj</name>
      </input_file>
      <input_file id="fl-c9">
         <path>C:\ti\ccs1281\ccs\tools\compiler\ti-cgt-armllvm_3.2.2.LTS\lib\clang\15.0.7\lib\armv6m-ti-none-eabi\</path>
         <kind>archive</kind>
         <file>libclang_rt.builtins.a</file>
         <name>floatunsisf.S.obj</name>
      </input_file>
      <input_file id="fl-ca">
         <path>C:\ti\ccs1281\ccs\tools\compiler\ti-cgt-armllvm_3.2.2.LTS\lib\clang\15.0.7\lib\armv6m-ti-none-eabi\</path>
         <kind>archive</kind>
         <file>libclang_rt.builtins.a</file>
         <name>muldi3.S.obj</name>
      </input_file>
      <input_file id="fl-cb">
         <path>C:\ti\ccs1281\ccs\tools\compiler\ti-cgt-armllvm_3.2.2.LTS\lib\clang\15.0.7\lib\armv6m-ti-none-eabi\</path>
         <kind>archive</kind>
         <file>libclang_rt.builtins.a</file>
         <name>truncdfsf2.S.obj</name>
      </input_file>
      <input_file id="fl-cc">
         <path>C:\ti\ccs1281\ccs\tools\compiler\ti-cgt-armllvm_3.2.2.LTS\lib\clang\15.0.7\lib\armv6m-ti-none-eabi\</path>
         <kind>archive</kind>
         <file>libclang_rt.builtins.a</file>
         <name>clzsi2.c.obj</name>
      </input_file>
      <input_file id="fl-cd">
         <path>C:\ti\ccs1281\ccs\tools\compiler\ti-cgt-armllvm_3.2.2.LTS\lib\clang\15.0.7\lib\armv6m-ti-none-eabi\</path>
         <kind>archive</kind>
         <file>libclang_rt.builtins.a</file>
         <name>aeabi_dcmp.S.obj</name>
      </input_file>
      <input_file id="fl-ce">
         <path>C:\ti\ccs1281\ccs\tools\compiler\ti-cgt-armllvm_3.2.2.LTS\lib\clang\15.0.7\lib\armv6m-ti-none-eabi\</path>
         <kind>archive</kind>
         <file>libclang_rt.builtins.a</file>
         <name>aeabi_fcmp.S.obj</name>
      </input_file>
      <input_file id="fl-cf">
         <path>C:\ti\ccs1281\ccs\tools\compiler\ti-cgt-armllvm_3.2.2.LTS\lib\clang\15.0.7\lib\armv6m-ti-none-eabi\</path>
         <kind>archive</kind>
         <file>libclang_rt.builtins.a</file>
         <name>aeabi_memcpy.S.obj</name>
      </input_file>
      <input_file id="fl-d0">
         <path>C:\ti\ccs1281\ccs\tools\compiler\ti-cgt-armllvm_3.2.2.LTS\lib\clang\15.0.7\lib\armv6m-ti-none-eabi\</path>
         <kind>archive</kind>
         <file>libclang_rt.builtins.a</file>
         <name>aeabi_memset.S.obj</name>
      </input_file>
      <input_file id="fl-d1">
         <path>C:\ti\ccs1281\ccs\tools\compiler\ti-cgt-armllvm_3.2.2.LTS\lib\clang\15.0.7\lib\armv6m-ti-none-eabi\</path>
         <kind>archive</kind>
         <file>libclang_rt.builtins.a</file>
         <name>aeabi_uidivmod.S.obj</name>
      </input_file>
      <input_file id="fl-d2">
         <path>C:\ti\ccs1281\ccs\tools\compiler\ti-cgt-armllvm_3.2.2.LTS\lib\clang\15.0.7\lib\armv6m-ti-none-eabi\</path>
         <kind>archive</kind>
         <file>libclang_rt.builtins.a</file>
         <name>aeabi_uldivmod.S.obj</name>
      </input_file>
      <input_file id="fl-d3">
         <path>C:\ti\ccs1281\ccs\tools\compiler\ti-cgt-armllvm_3.2.2.LTS\lib\clang\15.0.7\lib\armv6m-ti-none-eabi\</path>
         <kind>archive</kind>
         <file>libclang_rt.builtins.a</file>
         <name>comparesf2.S.obj</name>
      </input_file>
      <input_file id="fl-d4">
         <path>C:\ti\ccs1281\ccs\tools\compiler\ti-cgt-armllvm_3.2.2.LTS\lib\clang\15.0.7\lib\armv6m-ti-none-eabi\</path>
         <kind>archive</kind>
         <file>libclang_rt.builtins.a</file>
         <name>udivmoddi4.S.obj</name>
      </input_file>
      <input_file id="fl-d5">
         <path>C:\ti\ccs1281\ccs\tools\compiler\ti-cgt-armllvm_3.2.2.LTS\lib\clang\15.0.7\lib\armv6m-ti-none-eabi\</path>
         <kind>archive</kind>
         <file>libclang_rt.builtins.a</file>
         <name>ashldi3.S.obj</name>
      </input_file>
      <input_file id="fl-d6">
         <path>C:\ti\ccs1281\ccs\tools\compiler\ti-cgt-armllvm_3.2.2.LTS\lib\clang\15.0.7\lib\armv6m-ti-none-eabi\</path>
         <kind>archive</kind>
         <file>libclang_rt.builtins.a</file>
         <name>comparedf2.c.obj</name>
      </input_file>
      <input_file id="fl-d7">
         <path>C:\ti\ccs1281\ccs\tools\compiler\ti-cgt-armllvm_3.2.2.LTS\lib\clang\15.0.7\lib\armv6m-ti-none-eabi\</path>
         <kind>archive</kind>
         <file>libclang_rt.builtins.a</file>
         <name>aeabi_div0.c.obj</name>
      </input_file>
      <input_file id="fl-d8">
         <path>C:\ti\ccs1281\ccs\tools\compiler\ti-cgt-armllvm_3.2.2.LTS\lib\armv6m-ti-none-eabi\c\</path>
         <kind>archive</kind>
         <file>libc.a</file>
         <name>memcpy16.S.obj</name>
      </input_file>
      <input_file id="fl-d9">
         <path>C:\ti\ccs1281\ccs\tools\compiler\ti-cgt-armllvm_3.2.2.LTS\lib\armv6m-ti-none-eabi\c\</path>
         <kind>archive</kind>
         <file>libc.a</file>
         <name>memset16.S.obj</name>
      </input_file>
   </input_file_list>
   <object_component_list>
      <object_component id="oc-18">
         <name>.intvecs</name>
         <load_address>0x0</load_address>
         <readonly>true</readonly>
         <run_address>0x0</run_address>
         <size>0xc0</size>
         <alignment>0x4</alignment>
         <input_file_ref idref="fl-b"/>
      </object_component>
      <object_component id="oc-2cd">
         <name>.text.pow</name>
         <load_address>0xc0</load_address>
         <readonly>true</readonly>
         <executable>true</executable>
         <run_address>0xc0</run_address>
         <size>0xa70</size>
         <alignment>0x4</alignment>
         <input_file_ref idref="fl-48"/>
      </object_component>
      <object_component id="oc-235">
         <name>.text.MLX90640_CalculateTo</name>
         <load_address>0xb30</load_address>
         <readonly>true</readonly>
         <executable>true</executable>
         <run_address>0xb30</run_address>
         <size>0x620</size>
         <alignment>0x4</alignment>
         <input_file_ref idref="fl-2"/>
      </object_component>
      <object_component id="oc-2bd">
         <name>.text.ExtractAlphaParameters</name>
         <load_address>0x1150</load_address>
         <readonly>true</readonly>
         <executable>true</executable>
         <run_address>0x1150</run_address>
         <size>0x53c</size>
         <alignment>0x4</alignment>
         <input_file_ref idref="fl-2"/>
      </object_component>
      <object_component id="oc-9a">
         <name>.text.UARTMSP_interruptHandler</name>
         <load_address>0x168c</load_address>
         <readonly>true</readonly>
         <executable>true</executable>
         <run_address>0x168c</run_address>
         <size>0x4f8</size>
         <alignment>0x4</alignment>
         <input_file_ref idref="fl-1f"/>
      </object_component>
      <object_component id="oc-2be">
         <name>.text.ExtractOffsetParameters</name>
         <load_address>0x1b84</load_address>
         <readonly>true</readonly>
         <executable>true</executable>
         <run_address>0x1b84</run_address>
         <size>0x4b0</size>
         <alignment>0x4</alignment>
         <input_file_ref idref="fl-2"/>
      </object_component>
      <object_component id="oc-2c0">
         <name>.text.ExtractKvPixelParameters</name>
         <load_address>0x2034</load_address>
         <readonly>true</readonly>
         <executable>true</executable>
         <run_address>0x2034</run_address>
         <size>0x278</size>
         <alignment>0x4</alignment>
         <input_file_ref idref="fl-2"/>
      </object_component>
      <object_component id="oc-2bf">
         <name>.text.ExtractKtaPixelParameters</name>
         <load_address>0x22ac</load_address>
         <readonly>true</readonly>
         <executable>true</executable>
         <run_address>0x22ac</run_address>
         <size>0x238</size>
         <alignment>0x4</alignment>
         <input_file_ref idref="fl-2"/>
      </object_component>
      <object_component id="oc-224">
         <name>.text.MLX90640_ExtractParameters</name>
         <load_address>0x24e4</load_address>
         <readonly>true</readonly>
         <executable>true</executable>
         <run_address>0x24e4</run_address>
         <size>0x21c</size>
         <alignment>0x4</alignment>
         <input_file_ref idref="fl-2"/>
      </object_component>
      <object_component id="oc-1f1">
         <name>.text.DL_MCAN_msgRAMConfig</name>
         <load_address>0x2700</load_address>
         <readonly>true</readonly>
         <executable>true</executable>
         <run_address>0x2700</run_address>
         <size>0x214</size>
         <alignment>0x4</alignment>
         <input_file_ref idref="fl-36"/>
      </object_component>
      <object_component id="oc-28c">
         <name>.text.GPIO_setConfigAndMux</name>
         <load_address>0x2914</load_address>
         <readonly>true</readonly>
         <executable>true</executable>
         <run_address>0x2914</run_address>
         <size>0x210</size>
         <alignment>0x4</alignment>
         <input_file_ref idref="fl-23"/>
      </object_component>
      <object_component id="oc-215">
         <name>.text.I2C_open</name>
         <load_address>0x2b24</load_address>
         <readonly>true</readonly>
         <executable>true</executable>
         <run_address>0x2b24</run_address>
         <size>0x1f4</size>
         <alignment>0x4</alignment>
         <input_file_ref idref="fl-1e"/>
      </object_component>
      <object_component id="oc-308">
         <name>.text.xQueueSemaphoreTake</name>
         <load_address>0x2d18</load_address>
         <readonly>true</readonly>
         <executable>true</executable>
         <run_address>0x2d18</run_address>
         <size>0x1ec</size>
         <alignment>0x2</alignment>
         <input_file_ref idref="fl-27"/>
      </object_component>
      <object_component id="oc-2c2">
         <name>.text.ExtractDeviatingPixels</name>
         <load_address>0x2f04</load_address>
         <readonly>true</readonly>
         <executable>true</executable>
         <run_address>0x2f04</run_address>
         <size>0x1dc</size>
         <alignment>0x4</alignment>
         <input_file_ref idref="fl-2"/>
      </object_component>
      <object_component id="oc-29a">
         <name>.text.I2CMSPM0_hwiFxn</name>
         <load_address>0x30e0</load_address>
         <readonly>true</readonly>
         <executable>true</executable>
         <run_address>0x30e0</run_address>
         <size>0x1dc</size>
         <alignment>0x4</alignment>
         <input_file_ref idref="fl-1e"/>
      </object_component>
      <object_component id="oc-161">
         <name>.text.xQueueGenericSend</name>
         <load_address>0x32bc</load_address>
         <readonly>true</readonly>
         <executable>true</executable>
         <run_address>0x32bc</run_address>
         <size>0x1d2</size>
         <alignment>0x2</alignment>
         <input_file_ref idref="fl-27"/>
      </object_component>
      <object_component id="oc-42">
         <name>.text.Default_Handler</name>
         <load_address>0x348e</load_address>
         <readonly>true</readonly>
         <executable>true</executable>
         <run_address>0x348e</run_address>
         <size>0x2</size>
         <alignment>0x2</alignment>
         <input_file_ref idref="fl-b"/>
      </object_component>
      <object_component id="oc-63">
         <name>.text.pvPortMalloc</name>
         <load_address>0x3490</load_address>
         <readonly>true</readonly>
         <executable>true</executable>
         <run_address>0x3490</run_address>
         <size>0x1c0</size>
         <alignment>0x4</alignment>
         <input_file_ref idref="fl-30"/>
      </object_component>
      <object_component id="oc-234">
         <name>.text.MLX90640_GetFrameData</name>
         <load_address>0x3650</load_address>
         <readonly>true</readonly>
         <executable>true</executable>
         <run_address>0x3650</run_address>
         <size>0x1b8</size>
         <alignment>0x2</alignment>
         <input_file_ref idref="fl-2"/>
      </object_component>
      <object_component id="oc-1c5">
         <name>.text.UARTMSP_enable</name>
         <load_address>0x3808</load_address>
         <readonly>true</readonly>
         <executable>true</executable>
         <run_address>0x3808</run_address>
         <size>0x1a8</size>
         <alignment>0x4</alignment>
         <input_file_ref idref="fl-1f"/>
      </object_component>
      <object_component id="oc-312">
         <name>.text.xQueueReceive</name>
         <load_address>0x39b0</load_address>
         <readonly>true</readonly>
         <executable>true</executable>
         <run_address>0x39b0</run_address>
         <size>0x1a4</size>
         <alignment>0x2</alignment>
         <input_file_ref idref="fl-27"/>
      </object_component>
      <object_component id="oc-2c1">
         <name>.text.ExtractCPParameters</name>
         <load_address>0x3b54</load_address>
         <readonly>true</readonly>
         <executable>true</executable>
         <run_address>0x3b54</run_address>
         <size>0x194</size>
         <alignment>0x4</alignment>
         <input_file_ref idref="fl-2"/>
      </object_component>
      <object_component id="oc-2b4">
         <name>.text.adddf3_subdf3</name>
         <load_address>0x3ce8</load_address>
         <readonly>true</readonly>
         <executable>true</executable>
         <run_address>0x3ce8</run_address>
         <size>0x192</size>
         <alignment>0x4</alignment>
         <input_file_ref idref="fl-bd"/>
      </object_component>
      <object_component id="oc-384">
         <name>.text.I2CSupport_powerRelConstraint</name>
         <load_address>0x3e7a</load_address>
         <readonly>true</readonly>
         <executable>true</executable>
         <run_address>0x3e7a</run_address>
         <size>0x2</size>
         <alignment>0x2</alignment>
         <input_file_ref idref="fl-1e"/>
      </object_component>
      <object_component id="oc-20e">
         <name>.text.vPortSuppressTicksAndSleep</name>
         <load_address>0x3e7c</load_address>
         <readonly>true</readonly>
         <executable>true</executable>
         <run_address>0x3e7c</run_address>
         <size>0x188</size>
         <alignment>0x4</alignment>
         <input_file_ref idref="fl-2a"/>
      </object_component>
      <object_component id="oc-2db">
         <name>.text.sqrt</name>
         <load_address>0x4004</load_address>
         <readonly>true</readonly>
         <executable>true</executable>
         <run_address>0x4004</run_address>
         <size>0x184</size>
         <alignment>0x4</alignment>
         <input_file_ref idref="fl-49"/>
      </object_component>
      <object_component id="oc-35c">
         <name>.text.DMAMSPM0_hwiFxn</name>
         <load_address>0x4188</load_address>
         <readonly>true</readonly>
         <executable>true</executable>
         <run_address>0x4188</run_address>
         <size>0x180</size>
         <alignment>0x4</alignment>
         <input_file_ref idref="fl-20"/>
      </object_component>
      <object_component id="oc-233">
         <name>.text.MLX90640_I2CRead</name>
         <load_address>0x4308</load_address>
         <readonly>true</readonly>
         <executable>true</executable>
         <run_address>0x4308</run_address>
         <size>0x164</size>
         <alignment>0x4</alignment>
         <input_file_ref idref="fl-4"/>
      </object_component>
      <object_component id="oc-98">
         <name>.text.xTaskIncrementTick</name>
         <load_address>0x446c</load_address>
         <readonly>true</readonly>
         <executable>true</executable>
         <run_address>0x446c</run_address>
         <size>0x158</size>
         <alignment>0x4</alignment>
         <input_file_ref idref="fl-28"/>
      </object_component>
      <object_component id="oc-280">
         <name>.text.prvProcessReceivedCommands</name>
         <load_address>0x45c4</load_address>
         <readonly>true</readonly>
         <executable>true</executable>
         <run_address>0x45c4</run_address>
         <size>0x154</size>
         <alignment>0x4</alignment>
         <input_file_ref idref="fl-29"/>
      </object_component>
      <object_component id="oc-12f">
         <name>.text.pthread_create</name>
         <load_address>0x4718</load_address>
         <readonly>true</readonly>
         <executable>true</executable>
         <run_address>0x4718</run_address>
         <size>0x14c</size>
         <alignment>0x4</alignment>
         <input_file_ref idref="fl-2d"/>
      </object_component>
      <object_component id="oc-b3">
         <name>.text.xTaskResumeAll</name>
         <load_address>0x4864</load_address>
         <readonly>true</readonly>
         <executable>true</executable>
         <run_address>0x4864</run_address>
         <size>0x134</size>
         <alignment>0x4</alignment>
         <input_file_ref idref="fl-28"/>
      </object_component>
      <object_component id="oc-343">
         <name>.text.I2C_transferTimeout</name>
         <load_address>0x4998</load_address>
         <readonly>true</readonly>
         <executable>true</executable>
         <run_address>0x4998</run_address>
         <size>0x12c</size>
         <alignment>0x2</alignment>
         <input_file_ref idref="fl-1c"/>
      </object_component>
      <object_component id="oc-372">
         <name>.text.xQueueGenericSendFromISR</name>
         <load_address>0x4ac4</load_address>
         <readonly>true</readonly>
         <executable>true</executable>
         <run_address>0x4ac4</run_address>
         <size>0x120</size>
         <alignment>0x2</alignment>
         <input_file_ref idref="fl-27"/>
      </object_component>
      <object_component id="oc-1fa">
         <name>.text.prvInitialiseNewTask</name>
         <load_address>0x4be4</load_address>
         <readonly>true</readonly>
         <executable>true</executable>
         <run_address>0x4be4</run_address>
         <size>0x11c</size>
         <alignment>0x2</alignment>
         <input_file_ref idref="fl-28"/>
      </object_component>
      <object_component id="oc-259">
         <name>.text.RingBuf_getn</name>
         <load_address>0x4d00</load_address>
         <readonly>true</readonly>
         <executable>true</executable>
         <run_address>0x4d00</run_address>
         <size>0x11a</size>
         <alignment>0x2</alignment>
         <input_file_ref idref="fl-21"/>
      </object_component>
      <object_component id="oc-309">
         <name>.text.RingBuf_putn</name>
         <load_address>0x4e1a</load_address>
         <readonly>true</readonly>
         <executable>true</executable>
         <run_address>0x4e1a</run_address>
         <size>0x116</size>
         <alignment>0x2</alignment>
         <input_file_ref idref="fl-21"/>
      </object_component>
      <object_component id="oc-272">
         <name>.text.vTaskSuspend</name>
         <load_address>0x4f30</load_address>
         <readonly>true</readonly>
         <executable>true</executable>
         <run_address>0x4f30</run_address>
         <size>0x110</size>
         <alignment>0x4</alignment>
         <input_file_ref idref="fl-28"/>
      </object_component>
      <object_component id="oc-2df">
         <name>.text.__divdf3</name>
         <load_address>0x5040</load_address>
         <readonly>true</readonly>
         <executable>true</executable>
         <run_address>0x5040</run_address>
         <size>0x10c</size>
         <alignment>0x4</alignment>
         <input_file_ref idref="fl-c2"/>
      </object_component>
      <object_component id="oc-32e">
         <name>.text.I2CMSPM0_primeWriteBurst</name>
         <load_address>0x514c</load_address>
         <readonly>true</readonly>
         <executable>true</executable>
         <run_address>0x514c</run_address>
         <size>0x108</size>
         <alignment>0x4</alignment>
         <input_file_ref idref="fl-1e"/>
      </object_component>
      <object_component id="oc-36d">
         <name>.text.vTaskPriorityDisinheritAfterTimeout</name>
         <load_address>0x5254</load_address>
         <readonly>true</readonly>
         <executable>true</executable>
         <run_address>0x5254</run_address>
         <size>0x100</size>
         <alignment>0x4</alignment>
         <input_file_ref idref="fl-28"/>
      </object_component>
      <object_component id="oc-f3">
         <name>.text.UARTMSP_dmaRx</name>
         <load_address>0x5354</load_address>
         <readonly>true</readonly>
         <executable>true</executable>
         <run_address>0x5354</run_address>
         <size>0xfc</size>
         <alignment>0x4</alignment>
         <input_file_ref idref="fl-1f"/>
      </object_component>
      <object_component id="oc-31c">
         <name>.text.GPIO_hwiIntFxn</name>
         <load_address>0x5450</load_address>
         <readonly>true</readonly>
         <executable>true</executable>
         <run_address>0x5450</run_address>
         <size>0xf8</size>
         <alignment>0x4</alignment>
         <input_file_ref idref="fl-23"/>
      </object_component>
      <object_component id="oc-1a5">
         <name>.text.MLX90640_DataProcessing</name>
         <load_address>0x5548</load_address>
         <readonly>true</readonly>
         <executable>true</executable>
         <run_address>0x5548</run_address>
         <size>0xf8</size>
         <alignment>0x4</alignment>
         <input_file_ref idref="fl-6"/>
      </object_component>
      <object_component id="oc-1c8">
         <name>.text.UART_readFullFeatured</name>
         <load_address>0x5640</load_address>
         <readonly>true</readonly>
         <executable>true</executable>
         <run_address>0x5640</run_address>
         <size>0xf6</size>
         <alignment>0x2</alignment>
         <input_file_ref idref="fl-1d"/>
      </object_component>
      <object_component id="oc-383">
         <name>.text.I2CSupport_powerSetConstraint</name>
         <load_address>0x5736</load_address>
         <readonly>true</readonly>
         <executable>true</executable>
         <run_address>0x5736</run_address>
         <size>0x2</size>
         <alignment>0x2</alignment>
         <input_file_ref idref="fl-1e"/>
      </object_component>
      <object_component id="oc-22d">
         <name>.text.DL_MCAN_writeMsgRam</name>
         <load_address>0x5738</load_address>
         <readonly>true</readonly>
         <executable>true</executable>
         <run_address>0x5738</run_address>
         <size>0xf4</size>
         <alignment>0x4</alignment>
         <input_file_ref idref="fl-36"/>
      </object_component>
      <object_component id="oc-2bc">
         <name>.text.ExtractKsToParameters</name>
         <load_address>0x582c</load_address>
         <readonly>true</readonly>
         <executable>true</executable>
         <run_address>0x582c</run_address>
         <size>0xf4</size>
         <alignment>0x4</alignment>
         <input_file_ref idref="fl-2"/>
      </object_component>
      <object_component id="oc-166">
         <name>.text.xQueueGiveFromISR</name>
         <load_address>0x5920</load_address>
         <readonly>true</readonly>
         <executable>true</executable>
         <run_address>0x5920</run_address>
         <size>0xf4</size>
         <alignment>0x2</alignment>
         <input_file_ref idref="fl-27"/>
      </object_component>
      <object_component id="oc-32c">
         <name>.text.I2CMSPM0_primeReadBurst</name>
         <load_address>0x5a14</load_address>
         <readonly>true</readonly>
         <executable>true</executable>
         <run_address>0x5a14</run_address>
         <size>0xec</size>
         <alignment>0x4</alignment>
         <input_file_ref idref="fl-1e"/>
      </object_component>
      <object_component id="oc-1a">
         <name>.text.vTaskSwitchContext</name>
         <load_address>0x5b00</load_address>
         <readonly>true</readonly>
         <executable>true</executable>
         <run_address>0x5b00</run_address>
         <size>0xec</size>
         <alignment>0x4</alignment>
         <input_file_ref idref="fl-28"/>
      </object_component>
      <object_component id="oc-2fa">
         <name>.text.xQueueReceiveFromISR</name>
         <load_address>0x5bec</load_address>
         <readonly>true</readonly>
         <executable>true</executable>
         <run_address>0x5bec</run_address>
         <size>0xec</size>
         <alignment>0x2</alignment>
         <input_file_ref idref="fl-27"/>
      </object_component>
      <object_component id="oc-273">
         <name>.text.vTaskDelete</name>
         <load_address>0x5cd8</load_address>
         <readonly>true</readonly>
         <executable>true</executable>
         <run_address>0x5cd8</run_address>
         <size>0xe8</size>
         <alignment>0x4</alignment>
         <input_file_ref idref="fl-28"/>
      </object_component>
      <object_component id="oc-1ef">
         <name>.text.DL_MCAN_config</name>
         <load_address>0x5dc0</load_address>
         <readonly>true</readonly>
         <executable>true</executable>
         <run_address>0x5dc0</run_address>
         <size>0xe4</size>
         <alignment>0x4</alignment>
         <input_file_ref idref="fl-36"/>
      </object_component>
      <object_component id="oc-2c8">
         <name>.text.MLX90640_GetTa</name>
         <load_address>0x5ea4</load_address>
         <readonly>true</readonly>
         <executable>true</executable>
         <run_address>0x5ea4</run_address>
         <size>0xe4</size>
         <alignment>0x4</alignment>
         <input_file_ref idref="fl-2"/>
      </object_component>
      <object_component id="oc-2b0">
         <name>.text.__muldf3</name>
         <load_address>0x5f88</load_address>
         <readonly>true</readonly>
         <executable>true</executable>
         <run_address>0x5f88</run_address>
         <size>0xe4</size>
         <alignment>0x4</alignment>
         <input_file_ref idref="fl-be"/>
      </object_component>
      <object_component id="oc-36b">
         <name>.text.xTaskPriorityInherit</name>
         <load_address>0x606c</load_address>
         <readonly>true</readonly>
         <executable>true</executable>
         <run_address>0x606c</run_address>
         <size>0xe4</size>
         <alignment>0x4</alignment>
         <input_file_ref idref="fl-28"/>
      </object_component>
      <object_component id="oc-1fb">
         <name>.text.prvAddNewTaskToReadyList</name>
         <load_address>0x6150</load_address>
         <readonly>true</readonly>
         <executable>true</executable>
         <run_address>0x6150</run_address>
         <size>0xe0</size>
         <alignment>0x4</alignment>
         <input_file_ref idref="fl-28"/>
      </object_component>
      <object_component id="oc-1ee">
         <name>.text.DL_MCAN_init</name>
         <load_address>0x6230</load_address>
         <readonly>true</readonly>
         <executable>true</executable>
         <run_address>0x6230</run_address>
         <size>0xdc</size>
         <alignment>0x4</alignment>
         <input_file_ref idref="fl-36"/>
      </object_component>
      <object_component id="oc-1d6">
         <name>.text.DL_SYSCTL_configSYSPLL</name>
         <load_address>0x630c</load_address>
         <readonly>true</readonly>
         <executable>true</executable>
         <run_address>0x630c</run_address>
         <size>0xdc</size>
         <alignment>0x4</alignment>
         <input_file_ref idref="fl-39"/>
      </object_component>
      <object_component id="oc-2ed">
         <name>.text.DMAMSPM0_init</name>
         <load_address>0x63e8</load_address>
         <readonly>true</readonly>
         <executable>true</executable>
         <run_address>0x63e8</run_address>
         <size>0xdc</size>
         <alignment>0x4</alignment>
         <input_file_ref idref="fl-20"/>
      </object_component>
      <object_component id="oc-175">
         <name>.text.SYSCFG_DL_MCAN0_init</name>
         <load_address>0x64c4</load_address>
         <readonly>true</readonly>
         <executable>true</executable>
         <run_address>0x64c4</run_address>
         <size>0xdc</size>
         <alignment>0x4</alignment>
         <input_file_ref idref="fl-a"/>
      </object_component>
      <object_component id="oc-1f0">
         <name>.text.DL_MCAN_setBitTime</name>
         <load_address>0x65a0</load_address>
         <readonly>true</readonly>
         <executable>true</executable>
         <run_address>0x65a0</run_address>
         <size>0xd8</size>
         <alignment>0x4</alignment>
         <input_file_ref idref="fl-36"/>
      </object_component>
      <object_component id="oc-33b">
         <name>.text.scalbn</name>
         <load_address>0x6678</load_address>
         <readonly>true</readonly>
         <executable>true</executable>
         <run_address>0x6678</run_address>
         <size>0xd8</size>
         <alignment>0x4</alignment>
         <input_file_ref idref="fl-4a"/>
      </object_component>
      <object_component id="oc-2a4">
         <name>.text</name>
         <load_address>0x6750</load_address>
         <readonly>true</readonly>
         <executable>true</executable>
         <run_address>0x6750</run_address>
         <size>0xd8</size>
         <alignment>0x4</alignment>
         <input_file_ref idref="fl-bc"/>
      </object_component>
      <object_component id="oc-1bc">
         <name>.text.prvCopyDataToQueue</name>
         <load_address>0x6828</load_address>
         <readonly>true</readonly>
         <executable>true</executable>
         <run_address>0x6828</run_address>
         <size>0xd4</size>
         <alignment>0x2</alignment>
         <input_file_ref idref="fl-27"/>
      </object_component>
      <object_component id="oc-243">
         <name>.text.xTaskPriorityDisinherit</name>
         <load_address>0x68fc</load_address>
         <readonly>true</readonly>
         <executable>true</executable>
         <run_address>0x68fc</run_address>
         <size>0xc4</size>
         <alignment>0x4</alignment>
         <input_file_ref idref="fl-28"/>
      </object_component>
      <object_component id="oc-2ee">
         <name>.text.DMAMSPM0_open</name>
         <load_address>0x69c0</load_address>
         <readonly>true</readonly>
         <executable>true</executable>
         <run_address>0x69c0</run_address>
         <size>0xc0</size>
         <alignment>0x4</alignment>
         <input_file_ref idref="fl-20"/>
      </object_component>
      <object_component id="oc-275">
         <name>.text.xQueueGenericCreateStatic</name>
         <load_address>0x6a80</load_address>
         <readonly>true</readonly>
         <executable>true</executable>
         <run_address>0x6a80</run_address>
         <size>0xc0</size>
         <alignment>0x2</alignment>
         <input_file_ref idref="fl-27"/>
      </object_component>
      <object_component id="oc-293">
         <name>.text.HwiP_construct</name>
         <load_address>0x6b40</load_address>
         <readonly>true</readonly>
         <executable>true</executable>
         <run_address>0x6b40</run_address>
         <size>0xbc</size>
         <alignment>0x4</alignment>
         <input_file_ref idref="fl-24"/>
      </object_component>
      <object_component id="oc-b2">
         <name>.text.prvInsertBlockIntoFreeList</name>
         <load_address>0x6bfc</load_address>
         <readonly>true</readonly>
         <executable>true</executable>
         <run_address>0x6bfc</run_address>
         <size>0xbc</size>
         <alignment>0x4</alignment>
         <input_file_ref idref="fl-30"/>
      </object_component>
      <object_component id="oc-130">
         <name>.text.vTaskStartScheduler</name>
         <load_address>0x6cb8</load_address>
         <readonly>true</readonly>
         <executable>true</executable>
         <run_address>0x6cb8</run_address>
         <size>0xbc</size>
         <alignment>0x4</alignment>
         <input_file_ref idref="fl-28"/>
      </object_component>
      <object_component id="oc-1c2">
         <name>.text.prvUnlockQueue</name>
         <load_address>0x6d74</load_address>
         <readonly>true</readonly>
         <executable>true</executable>
         <run_address>0x6d74</run_address>
         <size>0xb6</size>
         <alignment>0x2</alignment>
         <input_file_ref idref="fl-27"/>
      </object_component>
      <object_component id="oc-20f">
         <name>.text.I2C_init</name>
         <load_address>0x6e2a</load_address>
         <readonly>true</readonly>
         <executable>true</executable>
         <run_address>0x6e2a</run_address>
         <size>0x2</size>
         <alignment>0x2</alignment>
         <input_file_ref idref="fl-1c"/>
      </object_component>
      <object_component id="oc-2c3">
         <name>.text.MLX90640_I2CWrite</name>
         <load_address>0x6e2c</load_address>
         <readonly>true</readonly>
         <executable>true</executable>
         <run_address>0x6e2c</run_address>
         <size>0xb4</size>
         <alignment>0x4</alignment>
         <input_file_ref idref="fl-4"/>
      </object_component>
      <object_component id="oc-25e">
         <name>.text.UART_writeCallback</name>
         <load_address>0x6ee0</load_address>
         <readonly>true</readonly>
         <executable>true</executable>
         <run_address>0x6ee0</run_address>
         <size>0xb4</size>
         <alignment>0x4</alignment>
         <input_file_ref idref="fl-1d"/>
      </object_component>
      <object_component id="oc-1bf">
         <name>.text.xTaskCheckForTimeOut</name>
         <load_address>0x6f94</load_address>
         <readonly>true</readonly>
         <executable>true</executable>
         <run_address>0x6f94</run_address>
         <size>0xb4</size>
         <alignment>0x4</alignment>
         <input_file_ref idref="fl-28"/>
      </object_component>
      <object_component id="oc-245">
         <name>.text.prvAddCurrentTaskToDelayedList</name>
         <load_address>0x7048</load_address>
         <readonly>true</readonly>
         <executable>true</executable>
         <run_address>0x7048</run_address>
         <size>0xb0</size>
         <alignment>0x4</alignment>
         <input_file_ref idref="fl-28"/>
      </object_component>
      <object_component id="oc-b1">
         <name>.text.prvHeapInit</name>
         <load_address>0x70f8</load_address>
         <readonly>true</readonly>
         <executable>true</executable>
         <run_address>0x70f8</run_address>
         <size>0xb0</size>
         <alignment>0x4</alignment>
         <input_file_ref idref="fl-30"/>
      </object_component>
      <object_component id="oc-36f">
         <name>.text.prvSwitchTimerLists</name>
         <load_address>0x71a8</load_address>
         <readonly>true</readonly>
         <executable>true</executable>
         <run_address>0x71a8</run_address>
         <size>0xb0</size>
         <alignment>0x4</alignment>
         <input_file_ref idref="fl-29"/>
      </object_component>
      <object_component id="oc-1bd">
         <name>.text.xTaskRemoveFromEventList</name>
         <load_address>0x7258</load_address>
         <readonly>true</readonly>
         <executable>true</executable>
         <run_address>0x7258</run_address>
         <size>0xb0</size>
         <alignment>0x4</alignment>
         <input_file_ref idref="fl-28"/>
      </object_component>
      <object_component id="oc-316">
         <name>.text.GPIO_setInterruptConfig</name>
         <load_address>0x7308</load_address>
         <readonly>true</readonly>
         <executable>true</executable>
         <run_address>0x7308</run_address>
         <size>0xac</size>
         <alignment>0x4</alignment>
         <input_file_ref idref="fl-23"/>
      </object_component>
      <object_component id="oc-2c7">
         <name>.text.MLX90640_GetVdd</name>
         <load_address>0x73b4</load_address>
         <readonly>true</readonly>
         <executable>true</executable>
         <run_address>0x73b4</run_address>
         <size>0xac</size>
         <alignment>0x4</alignment>
         <input_file_ref idref="fl-2"/>
      </object_component>
      <object_component id="oc-17d">
         <name>.text.xQueueGenericCreate</name>
         <load_address>0x7460</load_address>
         <readonly>true</readonly>
         <executable>true</executable>
         <run_address>0x7460</run_address>
         <size>0xaa</size>
         <alignment>0x2</alignment>
         <input_file_ref idref="fl-27"/>
      </object_component>
      <object_component id="oc-44">
         <name>.text.SVC_Handler</name>
         <load_address>0x750a</load_address>
         <readonly>true</readonly>
         <executable>true</executable>
         <run_address>0x750a</run_address>
         <size>0x2</size>
         <alignment>0x2</alignment>
         <input_file_ref idref="fl-2a"/>
      </object_component>
      <object_component id="oc-251">
         <name>.text.DMA_Init</name>
         <load_address>0x750c</load_address>
         <readonly>true</readonly>
         <executable>true</executable>
         <run_address>0x750c</run_address>
         <size>0xa8</size>
         <alignment>0x4</alignment>
         <input_file_ref idref="fl-20"/>
      </object_component>
      <object_component id="oc-174">
         <name>.text.SYSCFG_DL_I2C_0_init</name>
         <load_address>0x75b4</load_address>
         <readonly>true</readonly>
         <executable>true</executable>
         <run_address>0x75b4</run_address>
         <size>0xa8</size>
         <alignment>0x4</alignment>
         <input_file_ref idref="fl-a"/>
      </object_component>
      <object_component id="oc-19d">
         <name>.text.CAN_transfer</name>
         <load_address>0x765c</load_address>
         <readonly>true</readonly>
         <executable>true</executable>
         <run_address>0x765c</run_address>
         <size>0xa4</size>
         <alignment>0x4</alignment>
         <input_file_ref idref="fl-1"/>
      </object_component>
      <object_component id="oc-1c7">
         <name>.text.UARTMSP_txChar</name>
         <load_address>0x7700</load_address>
         <readonly>true</readonly>
         <executable>true</executable>
         <run_address>0x7700</run_address>
         <size>0xa4</size>
         <alignment>0x4</alignment>
         <input_file_ref idref="fl-1f"/>
      </object_component>
      <object_component id="oc-364">
         <name>.text</name>
         <load_address>0x77a4</load_address>
         <readonly>true</readonly>
         <executable>true</executable>
         <run_address>0x77a4</run_address>
         <size>0xa2</size>
         <alignment>0x4</alignment>
         <input_file_ref idref="fl-d4"/>
      </object_component>
      <object_component id="oc-253">
         <name>.text.UARTMSP_eventCallback</name>
         <load_address>0x7846</load_address>
         <readonly>true</readonly>
         <executable>true</executable>
         <run_address>0x7846</run_address>
         <size>0x2</size>
         <alignment>0x2</alignment>
         <input_file_ref idref="fl-9"/>
      </object_component>
      <object_component id="oc-73">
         <name>.text.vPortFree</name>
         <load_address>0x7848</load_address>
         <readonly>true</readonly>
         <executable>true</executable>
         <run_address>0x7848</run_address>
         <size>0xa0</size>
         <alignment>0x4</alignment>
         <input_file_ref idref="fl-30"/>
      </object_component>
      <object_component id="oc-268">
         <name>.text.xQueueGenericReset</name>
         <load_address>0x78e8</load_address>
         <readonly>true</readonly>
         <executable>true</executable>
         <run_address>0x78e8</run_address>
         <size>0xa0</size>
         <alignment>0x2</alignment>
         <input_file_ref idref="fl-27"/>
      </object_component>
      <object_component id="oc-32d">
         <name>.text.I2CMSPM0_completeTransfer</name>
         <load_address>0x7988</load_address>
         <readonly>true</readonly>
         <executable>true</executable>
         <run_address>0x7988</run_address>
         <size>0x9c</size>
         <alignment>0x4</alignment>
         <input_file_ref idref="fl-1e"/>
      </object_component>
      <object_component id="oc-11f">
         <name>.text:memcpy</name>
         <load_address>0x7a24</load_address>
         <readonly>true</readonly>
         <executable>true</executable>
         <run_address>0x7a24</run_address>
         <size>0x9a</size>
         <alignment>0x1</alignment>
         <input_file_ref idref="fl-d8"/>
      </object_component>
      <object_component id="oc-25d">
         <name>.text.UART_writeBuffered</name>
         <load_address>0x7abe</load_address>
         <readonly>true</readonly>
         <executable>true</executable>
         <run_address>0x7abe</run_address>
         <size>0x98</size>
         <alignment>0x2</alignment>
         <input_file_ref idref="fl-1d"/>
      </object_component>
      <object_component id="oc-188">
         <name>.text.xTaskCreateStatic</name>
         <load_address>0x7b56</load_address>
         <readonly>true</readonly>
         <executable>true</executable>
         <run_address>0x7b56</run_address>
         <size>0x94</size>
         <alignment>0x2</alignment>
         <input_file_ref idref="fl-28"/>
      </object_component>
      <object_component id="oc-17e">
         <name>.text.xTaskCreate</name>
         <load_address>0x7bea</load_address>
         <readonly>true</readonly>
         <executable>true</executable>
         <run_address>0x7bea</run_address>
         <size>0x92</size>
         <alignment>0x2</alignment>
         <input_file_ref idref="fl-28"/>
      </object_component>
      <object_component id="oc-31f">
         <name>.text.DL_Interrupt_registerInterrupt</name>
         <load_address>0x7c7c</load_address>
         <readonly>true</readonly>
         <executable>true</executable>
         <run_address>0x7c7c</run_address>
         <size>0x90</size>
         <alignment>0x4</alignment>
         <input_file_ref idref="fl-38"/>
      </object_component>
      <object_component id="oc-f7">
         <name>.text.DMAMSPM0_setupTransfer</name>
         <load_address>0x7d0c</load_address>
         <readonly>true</readonly>
         <executable>true</executable>
         <run_address>0x7d0c</run_address>
         <size>0x90</size>
         <alignment>0x4</alignment>
         <input_file_ref idref="fl-20"/>
      </object_component>
      <object_component id="oc-314">
         <name>.text.xTimerGenericCommand</name>
         <load_address>0x7d9c</load_address>
         <readonly>true</readonly>
         <executable>true</executable>
         <run_address>0x7d9c</run_address>
         <size>0x90</size>
         <alignment>0x4</alignment>
         <input_file_ref idref="fl-29"/>
      </object_component>
      <object_component id="oc-2a8">
         <name>.text.__mulsf3</name>
         <load_address>0x7e2c</load_address>
         <readonly>true</readonly>
         <executable>true</executable>
         <run_address>0x7e2c</run_address>
         <size>0x8c</size>
         <alignment>0x4</alignment>
         <input_file_ref idref="fl-c0"/>
      </object_component>
      <object_component id="oc-27f">
         <name>.text.prvProcessTimerOrBlockTask</name>
         <load_address>0x7eb8</load_address>
         <readonly>true</readonly>
         <executable>true</executable>
         <run_address>0x7eb8</run_address>
         <size>0x8c</size>
         <alignment>0x4</alignment>
         <input_file_ref idref="fl-29"/>
      </object_component>
      <object_component id="oc-271">
         <name>.text.removeThreadKeys</name>
         <load_address>0x7f44</load_address>
         <readonly>true</readonly>
         <executable>true</executable>
         <run_address>0x7f44</run_address>
         <size>0x8c</size>
         <alignment>0x2</alignment>
         <input_file_ref idref="fl-2d"/>
      </object_component>
      <object_component id="oc-258">
         <name>.text.SemaphoreP_pend</name>
         <load_address>0x7fd0</load_address>
         <readonly>true</readonly>
         <executable>true</executable>
         <run_address>0x7fd0</run_address>
         <size>0x8a</size>
         <alignment>0x2</alignment>
         <input_file_ref idref="fl-25"/>
      </object_component>
      <object_component id="oc-bc">
         <name>.text.__aeabi_idiv0</name>
         <load_address>0x805a</load_address>
         <readonly>true</readonly>
         <executable>true</executable>
         <run_address>0x805a</run_address>
         <size>0x2</size>
         <alignment>0x2</alignment>
         <input_file_ref idref="fl-d7"/>
      </object_component>
      <object_component id="oc-257">
         <name>.text.DMAMSPM0_close</name>
         <load_address>0x805c</load_address>
         <readonly>true</readonly>
         <executable>true</executable>
         <run_address>0x805c</run_address>
         <size>0x88</size>
         <alignment>0x4</alignment>
         <input_file_ref idref="fl-20"/>
      </object_component>
      <object_component id="oc-325">
         <name>.text.__NVIC_SetPriority</name>
         <load_address>0x80e4</load_address>
         <readonly>true</readonly>
         <executable>true</executable>
         <run_address>0x80e4</run_address>
         <size>0x84</size>
         <alignment>0x4</alignment>
         <input_file_ref idref="fl-24"/>
      </object_component>
      <object_component id="oc-313">
         <name>.text.prvInsertTimerInActiveList</name>
         <load_address>0x8168</load_address>
         <readonly>true</readonly>
         <executable>true</executable>
         <run_address>0x8168</run_address>
         <size>0x84</size>
         <alignment>0x4</alignment>
         <input_file_ref idref="fl-29"/>
      </object_component>
      <object_component id="oc-2d3">
         <name>.text.__divsf3</name>
         <load_address>0x81ec</load_address>
         <readonly>true</readonly>
         <executable>true</executable>
         <run_address>0x81ec</run_address>
         <size>0x82</size>
         <alignment>0x4</alignment>
         <input_file_ref idref="fl-c1"/>
      </object_component>
      <object_component id="oc-38f">
         <name>.text.__aeabi_ldiv0</name>
         <load_address>0x826e</load_address>
         <readonly>true</readonly>
         <executable>true</executable>
         <run_address>0x826e</run_address>
         <size>0x2</size>
         <alignment>0x2</alignment>
         <input_file_ref idref="fl-d7"/>
      </object_component>
      <object_component id="oc-250">
         <name>.text.DL_UART_configBaudRate</name>
         <load_address>0x8270</load_address>
         <readonly>true</readonly>
         <executable>true</executable>
         <run_address>0x8270</run_address>
         <size>0x80</size>
         <alignment>0x4</alignment>
         <input_file_ref idref="fl-37"/>
      </object_component>
      <object_component id="oc-24">
         <name>.text.calloc</name>
         <load_address>0x82f0</load_address>
         <readonly>true</readonly>
         <executable>true</executable>
         <run_address>0x82f0</run_address>
         <size>0x7c</size>
         <alignment>0x2</alignment>
         <input_file_ref idref="fl-2c"/>
      </object_component>
      <object_component id="oc-287">
         <name>.text.eTaskConfirmSleepModeStatus</name>
         <load_address>0x836c</load_address>
         <readonly>true</readonly>
         <executable>true</executable>
         <run_address>0x836c</run_address>
         <size>0x7c</size>
         <alignment>0x4</alignment>
         <input_file_ref idref="fl-28"/>
      </object_component>
      <object_component id="oc-26c">
         <name>.text.prvInitialiseTaskLists</name>
         <load_address>0x83e8</load_address>
         <readonly>true</readonly>
         <executable>true</executable>
         <run_address>0x83e8</run_address>
         <size>0x7c</size>
         <alignment>0x4</alignment>
         <input_file_ref idref="fl-28"/>
      </object_component>
      <object_component id="oc-310">
         <name>.text.prvProcessExpiredTimer</name>
         <load_address>0x8464</load_address>
         <readonly>true</readonly>
         <executable>true</executable>
         <run_address>0x8464</run_address>
         <size>0x7c</size>
         <alignment>0x4</alignment>
         <input_file_ref idref="fl-29"/>
      </object_component>
      <object_component id="oc-189">
         <name>.text.xTimerCreateTimerTask</name>
         <load_address>0x84e0</load_address>
         <readonly>true</readonly>
         <executable>true</executable>
         <run_address>0x84e0</run_address>
         <size>0x7c</size>
         <alignment>0x4</alignment>
         <input_file_ref idref="fl-29"/>
      </object_component>
      <object_component id="oc-25a">
         <name>.text.UARTMSP_enableInts</name>
         <load_address>0x855c</load_address>
         <readonly>true</readonly>
         <executable>true</executable>
         <run_address>0x855c</run_address>
         <size>0x78</size>
         <alignment>0x4</alignment>
         <input_file_ref idref="fl-1f"/>
      </object_component>
      <object_component id="oc-2b">
         <name>.text:decompress:lzss</name>
         <load_address>0x85d4</load_address>
         <readonly>true</readonly>
         <executable>true</executable>
         <run_address>0x85d4</run_address>
         <size>0x78</size>
         <alignment>0x4</alignment>
         <input_file_ref idref="fl-53"/>
      </object_component>
      <object_component id="oc-37d">
         <name>.text.I2CSupport_primeTransfer</name>
         <load_address>0x864c</load_address>
         <readonly>true</readonly>
         <executable>true</executable>
         <run_address>0x864c</run_address>
         <size>0x74</size>
         <alignment>0x4</alignment>
         <input_file_ref idref="fl-1e"/>
      </object_component>
      <object_component id="oc-2b8">
         <name>.text.__truncdfsf2</name>
         <load_address>0x86c0</load_address>
         <readonly>true</readonly>
         <executable>true</executable>
         <run_address>0x86c0</run_address>
         <size>0x74</size>
         <alignment>0x10</alignment>
         <input_file_ref idref="fl-cb"/>
      </object_component>
      <object_component id="oc-20d">
         <name>.text.prvGetExpectedIdleTime</name>
         <load_address>0x8734</load_address>
         <readonly>true</readonly>
         <executable>true</executable>
         <run_address>0x8734</run_address>
         <size>0x74</size>
         <alignment>0x4</alignment>
         <input_file_ref idref="fl-28"/>
      </object_component>
      <object_component id="oc-38c">
         <name>.text.__gedf2</name>
         <load_address>0x87a8</load_address>
         <readonly>true</readonly>
         <executable>true</executable>
         <run_address>0x87a8</run_address>
         <size>0x70</size>
         <alignment>0x4</alignment>
         <input_file_ref idref="fl-d6"/>
      </object_component>
      <object_component id="oc-1fc">
         <name>.text.pthread_exit</name>
         <load_address>0x8818</load_address>
         <readonly>true</readonly>
         <executable>true</executable>
         <run_address>0x8818</run_address>
         <size>0x6e</size>
         <alignment>0x2</alignment>
         <input_file_ref idref="fl-2d"/>
      </object_component>
      <object_component id="oc-386">
         <name>.text.__ledf2</name>
         <load_address>0x8888</load_address>
         <readonly>true</readonly>
         <executable>true</executable>
         <run_address>0x8888</run_address>
         <size>0x6c</size>
         <alignment>0x4</alignment>
         <input_file_ref idref="fl-d6"/>
      </object_component>
      <object_component id="oc-201">
         <name>.text.prvCheckForValidListAndQueue</name>
         <load_address>0x88f4</load_address>
         <readonly>true</readonly>
         <executable>true</executable>
         <run_address>0x88f4</run_address>
         <size>0x6c</size>
         <alignment>0x4</alignment>
         <input_file_ref idref="fl-29"/>
      </object_component>
      <object_component id="oc-244">
         <name>.text.vListInsert</name>
         <load_address>0x8960</load_address>
         <readonly>true</readonly>
         <executable>true</executable>
         <run_address>0x8960</run_address>
         <size>0x6c</size>
         <alignment>0x2</alignment>
         <input_file_ref idref="fl-31"/>
      </object_component>
      <object_component id="oc-311">
         <name>.text.vQueueWaitForMessageRestricted</name>
         <load_address>0x89cc</load_address>
         <readonly>true</readonly>
         <executable>true</executable>
         <run_address>0x89cc</run_address>
         <size>0x6a</size>
         <alignment>0x2</alignment>
         <input_file_ref idref="fl-27"/>
      </object_component>
      <object_component id="oc-1c6">
         <name>.text.UARTMSP_disable</name>
         <load_address>0x8a38</load_address>
         <readonly>true</readonly>
         <executable>true</executable>
         <run_address>0x8a38</run_address>
         <size>0x68</size>
         <alignment>0x4</alignment>
         <input_file_ref idref="fl-1f"/>
      </object_component>
      <object_component id="oc-34c">
         <name>.text.__aeabi_dcmp</name>
         <load_address>0x8aa0</load_address>
         <readonly>true</readonly>
         <executable>true</executable>
         <run_address>0x8aa0</run_address>
         <size>0x62</size>
         <alignment>0x4</alignment>
         <input_file_ref idref="fl-cd"/>
      </object_component>
      <object_component id="oc-236">
         <name>.text.__aeabi_fcmp</name>
         <load_address>0x8b04</load_address>
         <readonly>true</readonly>
         <executable>true</executable>
         <run_address>0x8b04</run_address>
         <size>0x62</size>
         <alignment>0x4</alignment>
         <input_file_ref idref="fl-ce"/>
      </object_component>
      <object_component id="oc-119">
         <name>.text:memset</name>
         <load_address>0x8b66</load_address>
         <readonly>true</readonly>
         <executable>true</executable>
         <run_address>0x8b66</run_address>
         <size>0x62</size>
         <alignment>0x1</alignment>
         <input_file_ref idref="fl-d9"/>
      </object_component>
      <object_component id="oc-32b">
         <name>.text.DL_I2C_fillControllerTXFIFO</name>
         <load_address>0x8bc8</load_address>
         <readonly>true</readonly>
         <executable>true</executable>
         <run_address>0x8bc8</run_address>
         <size>0x5e</size>
         <alignment>0x2</alignment>
         <input_file_ref idref="fl-35"/>
      </object_component>
      <object_component id="oc-18f">
         <name>.text.prvIdleTask</name>
         <load_address>0x8c28</load_address>
         <readonly>true</readonly>
         <executable>true</executable>
         <run_address>0x8c28</run_address>
         <size>0x5c</size>
         <alignment>0x4</alignment>
         <input_file_ref idref="fl-28"/>
      </object_component>
      <object_component id="oc-26f">
         <name>.text.pthread_setcancelstate</name>
         <load_address>0x8c84</load_address>
         <readonly>true</readonly>
         <executable>true</executable>
         <run_address>0x8c84</run_address>
         <size>0x5a</size>
         <alignment>0x2</alignment>
         <input_file_ref idref="fl-2d"/>
      </object_component>
      <object_component id="oc-1f3">
         <name>.text.DL_MCAN_lpbkModeEnable</name>
         <load_address>0x8ce0</load_address>
         <readonly>true</readonly>
         <executable>true</executable>
         <run_address>0x8ce0</run_address>
         <size>0x58</size>
         <alignment>0x4</alignment>
         <input_file_ref idref="fl-36"/>
      </object_component>
      <object_component id="oc-376">
         <name>.text.__clzsi2</name>
         <load_address>0x8d38</load_address>
         <readonly>true</readonly>
         <executable>true</executable>
         <run_address>0x8d38</run_address>
         <size>0x58</size>
         <alignment>0x2</alignment>
         <input_file_ref idref="fl-cc"/>
      </object_component>
      <object_component id="oc-cd">
         <name>.text.main</name>
         <load_address>0x8d90</load_address>
         <readonly>true</readonly>
         <executable>true</executable>
         <run_address>0x8d90</run_address>
         <size>0x58</size>
         <alignment>0x4</alignment>
         <input_file_ref idref="fl-8"/>
      </object_component>
      <object_component id="oc-5f">
         <name>.text.__aeabi_errno_addr</name>
         <load_address>0x8de8</load_address>
         <readonly>true</readonly>
         <executable>true</executable>
         <run_address>0x8de8</run_address>
         <size>0x54</size>
         <alignment>0x4</alignment>
         <input_file_ref idref="fl-32"/>
      </object_component>
      <object_component id="oc-209">
         <name>.text.vPortSetupTimerInterrupt</name>
         <load_address>0x8e3c</load_address>
         <readonly>true</readonly>
         <executable>true</executable>
         <run_address>0x8e3c</run_address>
         <size>0x54</size>
         <alignment>0x4</alignment>
         <input_file_ref idref="fl-2a"/>
      </object_component>
      <object_component id="oc-32f">
         <name>.text.I2CMSPM0_readReceiveFifo</name>
         <load_address>0x8e90</load_address>
         <readonly>true</readonly>
         <executable>true</executable>
         <run_address>0x8e90</run_address>
         <size>0x50</size>
         <alignment>0x4</alignment>
         <input_file_ref idref="fl-1e"/>
      </object_component>
      <object_component id="oc-1a4">
         <name>.text.MLX90640_ReadTemperatures</name>
         <load_address>0x8ee0</load_address>
         <readonly>true</readonly>
         <executable>true</executable>
         <run_address>0x8ee0</run_address>
         <size>0x50</size>
         <alignment>0x4</alignment>
         <input_file_ref idref="fl-6"/>
      </object_component>
      <object_component id="oc-20c">
         <name>.text.prvCheckTasksWaitingTermination</name>
         <load_address>0x8f30</load_address>
         <readonly>true</readonly>
         <executable>true</executable>
         <run_address>0x8f30</run_address>
         <size>0x50</size>
         <alignment>0x4</alignment>
         <input_file_ref idref="fl-28"/>
      </object_component>
      <object_component id="oc-284">
         <name>.text.prvDeleteTCB</name>
         <load_address>0x8f80</load_address>
         <readonly>true</readonly>
         <executable>true</executable>
         <run_address>0x8f80</run_address>
         <size>0x50</size>
         <alignment>0x2</alignment>
         <input_file_ref idref="fl-28"/>
      </object_component>
      <object_component id="oc-10a">
         <name>.text.vTaskSetThreadLocalStoragePointer</name>
         <load_address>0x8fd0</load_address>
         <readonly>true</readonly>
         <executable>true</executable>
         <run_address>0x8fd0</run_address>
         <size>0x50</size>
         <alignment>0x4</alignment>
         <input_file_ref idref="fl-28"/>
      </object_component>
      <object_component id="oc-15b">
         <name>.text.DL_DMA_initChannel</name>
         <load_address>0x9020</load_address>
         <readonly>true</readonly>
         <executable>true</executable>
         <run_address>0x9020</run_address>
         <size>0x4c</size>
         <alignment>0x4</alignment>
         <input_file_ref idref="fl-34"/>
      </object_component>
      <object_component id="oc-197">
         <name>.text.MLX90640_Init</name>
         <load_address>0x906c</load_address>
         <readonly>true</readonly>
         <executable>true</executable>
         <run_address>0x906c</run_address>
         <size>0x4c</size>
         <alignment>0x4</alignment>
         <input_file_ref idref="fl-6"/>
      </object_component>
      <object_component id="oc-172">
         <name>.text.SYSCFG_DL_SYSCTL_init</name>
         <load_address>0x90b8</load_address>
         <readonly>true</readonly>
         <executable>true</executable>
         <run_address>0x90b8</run_address>
         <size>0x4c</size>
         <alignment>0x4</alignment>
         <input_file_ref idref="fl-a"/>
      </object_component>
      <object_component id="oc-107">
         <name>.text.pvTaskGetThreadLocalStoragePointer</name>
         <load_address>0x9104</load_address>
         <readonly>true</readonly>
         <executable>true</executable>
         <run_address>0x9104</run_address>
         <size>0x4c</size>
[...]
      </symbol>
      <symbol id="sm-4d9">
         <name>vPortFree</name>
         <value>0x7849</value>
         <object_component_ref idref="oc-73"/>
      </symbol>
      <symbol id="sm-4ea">
         <name>vListInitialise</name>
         <value>0x9f79</value>
         <object_component_ref idref="oc-274"/>
      </symbol>
      <symbol id="sm-4eb">
         <name>vListInitialiseItem</name>
         <value>0xa5c7</value>
         <object_component_ref idref="oc-26a"/>
      </symbol>
      <symbol id="sm-4ec">
         <name>vListInsertEnd</name>
         <value>0x987b</value>
         <object_component_ref idref="oc-de"/>
      </symbol>
      <symbol id="sm-4ed">
         <name>vListInsert</name>
         <value>0x8961</value>
         <object_component_ref idref="oc-244"/>
      </symbol>
      <symbol id="sm-4ee">
         <name>uxListRemove</name>
         <value>0x9231</value>
         <object_component_ref idref="oc-d9"/>
      </symbol>
      <symbol id="sm-4f9">
         <name>__aeabi_errno_addr</name>
         <value>0x8de9</value>
         <object_component_ref idref="oc-5f"/>
      </symbol>
      <symbol id="sm-502">
         <name>DL_Common_delayCycles</name>
         <value>0xa61d</value>
         <object_component_ref idref="oc-1d2"/>
      </symbol>
      <symbol id="sm-50c">
         <name>DL_DMA_initChannel</name>
         <value>0x9021</value>
         <object_component_ref idref="oc-15b"/>
      </symbol>
      <symbol id="sm-51e">
         <name>DL_I2C_setClockConfig</name>
         <value>0xa115</value>
         <object_component_ref idref="oc-1dd"/>
      </symbol>
      <symbol id="sm-51f">
         <name>DL_I2C_fillControllerTXFIFO</name>
         <value>0x8bc9</value>
         <object_component_ref idref="oc-32b"/>
      </symbol>
      <symbol id="sm-520">
         <name>DL_I2C_flushControllerTXFIFO</name>
         <value>0x969d</value>
         <object_component_ref idref="oc-295"/>
      </symbol>
      <symbol id="sm-521">
         <name>DL_I2C_flushControllerRXFIFO</name>
         <value>0x9d55</value>
         <object_component_ref idref="oc-296"/>
      </symbol>
      <symbol id="sm-551">
         <name>DL_MCAN_setClockConfig</name>
         <value>0xa161</value>
         <object_component_ref idref="oc-1e4"/>
      </symbol>
      <symbol id="sm-552">
         <name>DL_MCAN_isMemInitDone</name>
         <value>0xa529</value>
         <object_component_ref idref="oc-1eb"/>
      </symbol>
      <symbol id="sm-553">
         <name>DL_MCAN_setOpMode</name>
         <value>0xa389</value>
         <object_component_ref idref="oc-1ec"/>
      </symbol>
      <symbol id="sm-554">
         <name>DL_MCAN_getOpMode</name>
         <value>0xa519</value>
         <object_component_ref idref="oc-1ed"/>
      </symbol>
      <symbol id="sm-555">
         <name>DL_MCAN_init</name>
         <value>0x6231</value>
         <object_component_ref idref="oc-1ee"/>
      </symbol>
      <symbol id="sm-556">
         <name>DL_MCAN_config</name>
         <value>0x5dc1</value>
         <object_component_ref idref="oc-1ef"/>
      </symbol>
      <symbol id="sm-557">
         <name>DL_MCAN_setBitTime</name>
         <value>0x65a1</value>
         <object_component_ref idref="oc-1f0"/>
      </symbol>
      <symbol id="sm-558">
         <name>DL_MCAN_msgRAMConfig</name>
         <value>0x2701</value>
         <object_component_ref idref="oc-1f1"/>
      </symbol>
      <symbol id="sm-559">
         <name>DL_MCAN_setExtIDAndMask</name>
         <value>0x9ae1</value>
         <object_component_ref idref="oc-1f2"/>
      </symbol>
      <symbol id="sm-55a">
         <name>DL_MCAN_writeMsgRam</name>
         <value>0x5739</value>
         <object_component_ref idref="oc-22d"/>
      </symbol>
      <symbol id="sm-55b">
         <name>DL_MCAN_TXBufAddReq</name>
         <value>0x9aad</value>
         <object_component_ref idref="oc-22e"/>
      </symbol>
      <symbol id="sm-55c">
         <name>DL_MCAN_lpbkModeEnable</name>
         <value>0x8ce1</value>
         <object_component_ref idref="oc-1f3"/>
      </symbol>
      <symbol id="sm-55d">
         <name>DL_MCAN_getRevisionId</name>
         <value>0x9305</value>
         <object_component_ref idref="oc-1ea"/>
      </symbol>
      <symbol id="sm-56d">
         <name>DL_UART_init</name>
         <value>0x91e9</value>
         <object_component_ref idref="oc-24f"/>
      </symbol>
      <symbol id="sm-56e">
         <name>DL_UART_setClockConfig</name>
         <value>0xa4d1</value>
         <object_component_ref idref="oc-249"/>
      </symbol>
      <symbol id="sm-56f">
         <name>DL_UART_configBaudRate</name>
         <value>0x8271</value>
         <object_component_ref idref="oc-250"/>
      </symbol>
      <symbol id="sm-57f">
         <name>DL_Interrupt_registerInterrupt</name>
         <value>0x7c7d</value>
         <object_component_ref idref="oc-31f"/>
      </symbol>
      <symbol id="sm-580">
         <name>DL_Interrupt_unregisterInterrupt</name>
         <value>0xa431</value>
         <object_component_ref idref="oc-38e"/>
      </symbol>
      <symbol id="sm-58b">
         <name>DL_SYSCTL_configSYSPLL</name>
         <value>0x630d</value>
         <object_component_ref idref="oc-1d6"/>
      </symbol>
      <symbol id="sm-5b9">
         <name>pow</name>
         <value>0xc1</value>
         <object_component_ref idref="oc-2cd"/>
      </symbol>
      <symbol id="sm-5ba">
         <name>powl</name>
         <value>0xc1</value>
         <object_component_ref idref="oc-2cd"/>
      </symbol>
      <symbol id="sm-5c4">
         <name>sqrt</name>
         <value>0x4005</value>
         <object_component_ref idref="oc-2db"/>
      </symbol>
      <symbol id="sm-5c5">
         <name>sqrtl</name>
         <value>0x4005</value>
         <object_component_ref idref="oc-2db"/>
      </symbol>
      <symbol id="sm-5cf">
         <name>scalbn</name>
         <value>0x6679</value>
         <object_component_ref idref="oc-33b"/>
      </symbol>
      <symbol id="sm-5d0">
         <name>ldexp</name>
         <value>0x6679</value>
         <object_component_ref idref="oc-33b"/>
      </symbol>
      <symbol id="sm-5d1">
         <name>scalbnl</name>
         <value>0x6679</value>
         <object_component_ref idref="oc-33b"/>
      </symbol>
      <symbol id="sm-5d2">
         <name>ldexpl</name>
         <value>0x6679</value>
         <object_component_ref idref="oc-33b"/>
      </symbol>
      <symbol id="sm-5de">
         <name>_c_int00_noargs</name>
         <value>0xa0ed</value>
         <object_component_ref idref="oc-8d"/>
      </symbol>
      <symbol id="sm-5df">
         <name>__stack</name>
         <value>0x20207e00</value>
         <object_component_ref idref="oc-29"/>
      </symbol>
      <symbol id="sm-5eb">
         <name>__TI_auto_init_nobinit_nopinit</name>
         <value>0x97c9</value>
         <object_component_ref idref="oc-13c"/>
      </symbol>
      <symbol id="sm-5f3">
         <name>_system_pre_init</name>
         <value>0x938d</value>
         <object_component_ref idref="oc-c9"/>
      </symbol>
      <symbol id="sm-5fe">
         <name>__TI_zero_init</name>
         <value>0xa599</value>
         <object_component_ref idref="oc-8a"/>
      </symbol>
      <symbol id="sm-607">
         <name>__TI_decompress_none</name>
         <value>0xa507</value>
         <object_component_ref idref="oc-2f"/>
      </symbol>
      <symbol id="sm-612">
         <name>__TI_decompress_lzss</name>
         <value>0x85d5</value>
         <object_component_ref idref="oc-2b"/>
      </symbol>
      <symbol id="sm-61c">
         <name>abort</name>
         <value>0xa6b5</value>
         <object_component_ref idref="oc-135"/>
      </symbol>
      <symbol id="sm-61d">
         <name>C$$EXIT</name>
         <value>0xa6b4</value>
         <object_component_ref idref="oc-135"/>
      </symbol>
      <symbol id="sm-625">
         <name>__aeabi_fadd</name>
         <value>0x675b</value>
         <object_component_ref idref="oc-2a4"/>
      </symbol>
      <symbol id="sm-626">
         <name>__addsf3</name>
         <value>0x675b</value>
         <object_component_ref idref="oc-2a4"/>
      </symbol>
      <symbol id="sm-627">
         <name>__aeabi_fsub</name>
         <value>0x6751</value>
         <object_component_ref idref="oc-2a4"/>
      </symbol>
      <symbol id="sm-628">
         <name>__subsf3</name>
         <value>0x6751</value>
         <object_component_ref idref="oc-2a4"/>
      </symbol>
      <symbol id="sm-62e">
         <name>__aeabi_dadd</name>
         <value>0x3cf3</value>
         <object_component_ref idref="oc-2b4"/>
      </symbol>
      <symbol id="sm-62f">
         <name>__adddf3</name>
         <value>0x3cf3</value>
         <object_component_ref idref="oc-2b4"/>
      </symbol>
      <symbol id="sm-630">
         <name>__aeabi_dsub</name>
         <value>0x3ce9</value>
         <object_component_ref idref="oc-2b4"/>
      </symbol>
      <symbol id="sm-631">
         <name>__subdf3</name>
         <value>0x3ce9</value>
         <object_component_ref idref="oc-2b4"/>
      </symbol>
      <symbol id="sm-63d">
         <name>__aeabi_dmul</name>
         <value>0x5f89</value>
         <object_component_ref idref="oc-2b0"/>
      </symbol>
      <symbol id="sm-63e">
         <name>__muldf3</name>
         <value>0x5f89</value>
         <object_component_ref idref="oc-2b0"/>
      </symbol>
      <symbol id="sm-647">
         <name>__muldsi3</name>
         <value>0x9841</value>
         <object_component_ref idref="oc-332"/>
      </symbol>
      <symbol id="sm-64d">
         <name>__aeabi_fmul</name>
         <value>0x7e2d</value>
         <object_component_ref idref="oc-2a8"/>
      </symbol>
      <symbol id="sm-64e">
         <name>__mulsf3</name>
         <value>0x7e2d</value>
         <object_component_ref idref="oc-2a8"/>
      </symbol>
      <symbol id="sm-654">
         <name>__aeabi_fdiv</name>
         <value>0x81ed</value>
         <object_component_ref idref="oc-2d3"/>
      </symbol>
      <symbol id="sm-655">
         <name>__divsf3</name>
         <value>0x81ed</value>
         <object_component_ref idref="oc-2d3"/>
      </symbol>
      <symbol id="sm-65b">
         <name>__aeabi_ddiv</name>
         <value>0x5041</value>
         <object_component_ref idref="oc-2df"/>
      </symbol>
      <symbol id="sm-65c">
         <name>__divdf3</name>
         <value>0x5041</value>
         <object_component_ref idref="oc-2df"/>
      </symbol>
      <symbol id="sm-662">
         <name>__aeabi_f2d</name>
         <value>0x95a1</value>
         <object_component_ref idref="oc-2c9"/>
      </symbol>
      <symbol id="sm-663">
         <name>__extendsfdf2</name>
         <value>0x95a1</value>
         <object_component_ref idref="oc-2c9"/>
      </symbol>
      <symbol id="sm-669">
         <name>__aeabi_i2d</name>
         <value>0x9f21</value>
         <object_component_ref idref="oc-33f"/>
      </symbol>
      <symbol id="sm-66a">
         <name>__floatsidf</name>
         <value>0x9f21</value>
         <object_component_ref idref="oc-33f"/>
      </symbol>
      <symbol id="sm-670">
         <name>__aeabi_i2f</name>
         <value>0x96d9</value>
         <object_component_ref idref="oc-2d7"/>
      </symbol>
      <symbol id="sm-671">
         <name>__floatsisf</name>
         <value>0x96d9</value>
         <object_component_ref idref="oc-2d7"/>
      </symbol>
      <symbol id="sm-677">
         <name>__aeabi_ui2d</name>
         <value>0xa215</value>
         <object_component_ref idref="oc-2ac"/>
      </symbol>
      <symbol id="sm-678">
         <name>__floatunsidf</name>
         <value>0xa215</value>
         <object_component_ref idref="oc-2ac"/>
      </symbol>
      <symbol id="sm-67e">
         <name>__aeabi_ui2f</name>
         <value>0xa04d</value>
         <object_component_ref idref="oc-2a0"/>
      </symbol>
      <symbol id="sm-67f">
         <name>__floatunsisf</name>
         <value>0xa04d</value>
         <object_component_ref idref="oc-2a0"/>
      </symbol>
      <symbol id="sm-685">
         <name>__aeabi_lmul</name>
         <value>0xa239</value>
         <object_component_ref idref="oc-300"/>
      </symbol>
      <symbol id="sm-686">
         <name>__muldi3</name>
         <value>0xa239</value>
         <object_component_ref idref="oc-300"/>
      </symbol>
      <symbol id="sm-68d">
         <name>__aeabi_d2f</name>
         <value>0x86c1</value>
         <object_component_ref idref="oc-2b8"/>
      </symbol>
      <symbol id="sm-68e">
         <name>__truncdfsf2</name>
         <value>0x86c1</value>
         <object_component_ref idref="oc-2b8"/>
      </symbol>
      <symbol id="sm-697">
         <name>__clzsi2</name>
         <value>0x8d39</value>
         <object_component_ref idref="oc-376"/>
      </symbol>
      <symbol id="sm-69d">
         <name>__aeabi_dcmpeq</name>
         <value>0x8aa1</value>
         <object_component_ref idref="oc-34c"/>
      </symbol>
      <symbol id="sm-69e">
         <name>__aeabi_dcmplt</name>
         <value>0x8ab5</value>
         <object_component_ref idref="oc-34c"/>
      </symbol>
      <symbol id="sm-69f">
         <name>__aeabi_dcmple</name>
         <value>0x8ac9</value>
         <object_component_ref idref="oc-34c"/>
      </symbol>
      <symbol id="sm-6a0">
         <name>__aeabi_dcmpge</name>
         <value>0x8add</value>
         <object_component_ref idref="oc-34c"/>
      </symbol>
      <symbol id="sm-6a1">
         <name>__aeabi_dcmpgt</name>
         <value>0x8af1</value>
         <object_component_ref idref="oc-34c"/>
      </symbol>
      <symbol id="sm-6a7">
         <name>__aeabi_fcmpeq</name>
         <value>0x8b05</value>
         <object_component_ref idref="oc-236"/>
      </symbol>
      <symbol id="sm-6a8">
         <name>__aeabi_fcmplt</name>
         <value>0x8b19</value>
         <object_component_ref idref="oc-236"/>
      </symbol>
      <symbol id="sm-6a9">
         <name>__aeabi_fcmple</name>
         <value>0x8b2d</value>
         <object_component_ref idref="oc-236"/>
      </symbol>
      <symbol id="sm-6aa">
         <name>__aeabi_fcmpge</name>
         <value>0x8b41</value>
         <object_component_ref idref="oc-236"/>
      </symbol>
      <symbol id="sm-6ab">
         <name>__aeabi_fcmpgt</name>
         <value>0x8b55</value>
         <object_component_ref idref="oc-236"/>
      </symbol>
      <symbol id="sm-6b1">
         <name>__aeabi_memcpy</name>
         <value>0xa665</value>
         <object_component_ref idref="oc-7d"/>
      </symbol>
      <symbol id="sm-6b2">
         <name>__aeabi_memcpy4</name>
         <value>0xa665</value>
         <object_component_ref idref="oc-7d"/>
      </symbol>
      <symbol id="sm-6b3">
         <name>__aeabi_memcpy8</name>
         <value>0xa665</value>
         <object_component_ref idref="oc-7d"/>
      </symbol>
      <symbol id="sm-6bc">
         <name>__aeabi_memset</name>
         <value>0xa5b9</value>
         <object_component_ref idref="oc-269"/>
      </symbol>
      <symbol id="sm-6bd">
         <name>__aeabi_memset4</name>
         <value>0xa5b9</value>
         <object_component_ref idref="oc-269"/>
      </symbol>
      <symbol id="sm-6be">
         <name>__aeabi_memset8</name>
         <value>0xa5b9</value>
         <object_component_ref idref="oc-269"/>
      </symbol>
      <symbol id="sm-6bf">
         <name>__aeabi_memclr</name>
         <value>0xa5ed</value>
         <object_component_ref idref="oc-6e"/>
      </symbol>
      <symbol id="sm-6c0">
         <name>__aeabi_memclr4</name>
         <value>0xa5ed</value>
         <object_component_ref idref="oc-6e"/>
      </symbol>
      <symbol id="sm-6c1">
         <name>__aeabi_memclr8</name>
         <value>0xa5ed</value>
         <object_component_ref idref="oc-6e"/>
      </symbol>
      <symbol id="sm-6c7">
         <name>__aeabi_uidiv</name>
         <value>0x9561</value>
         <object_component_ref idref="oc-6a"/>
      </symbol>
      <symbol id="sm-6c8">
         <name>__aeabi_uidivmod</name>
         <value>0x9561</value>
         <object_component_ref idref="oc-6a"/>
      </symbol>
      <symbol id="sm-6ce">
         <name>__aeabi_uldivmod</name>
         <value>0xa481</value>
         <object_component_ref idref="oc-304"/>
      </symbol>
      <symbol id="sm-6d7">
         <name>__eqsf2</name>
         <value>0x9805</value>
         <object_component_ref idref="oc-2e3"/>
      </symbol>
      <symbol id="sm-6d8">
         <name>__lesf2</name>
         <value>0x9805</value>
         <object_component_ref idref="oc-2e3"/>
      </symbol>
      <symbol id="sm-6d9">
         <name>__ltsf2</name>
         <value>0x9805</value>
         <object_component_ref idref="oc-2e3"/>
      </symbol>
      <symbol id="sm-6da">
         <name>__nesf2</name>
         <value>0x9805</value>
         <object_component_ref idref="oc-2e3"/>
      </symbol>
      <symbol id="sm-6db">
         <name>__cmpsf2</name>
         <value>0x9805</value>
         <object_component_ref idref="oc-2e3"/>
      </symbol>
      <symbol id="sm-6dc">
         <name>__gtsf2</name>
         <value>0x9715</value>
         <object_component_ref idref="oc-2e8"/>
      </symbol>
      <symbol id="sm-6dd">
         <name>__gesf2</name>
         <value>0x9715</value>
         <object_component_ref idref="oc-2e8"/>
      </symbol>
      <symbol id="sm-6e3">
         <name>__udivmoddi4</name>
         <value>0x77a5</value>
         <object_component_ref idref="oc-364"/>
      </symbol>
      <symbol id="sm-6e9">
         <name>__aeabi_llsl</name>
         <value>0xa2dd</value>
         <object_component_ref idref="oc-390"/>
      </symbol>
      <symbol id="sm-6ea">
         <name>__ashldi3</name>
         <value>0xa2dd</value>
         <object_component_ref idref="oc-390"/>
      </symbol>
      <symbol id="sm-6f8">
         <name>__ledf2</name>
         <value>0x8889</value>
         <object_component_ref idref="oc-386"/>
      </symbol>
      <symbol id="sm-6f9">
         <name>__gedf2</name>
         <value>0x87a9</value>
         <object_component_ref idref="oc-38c"/>
      </symbol>
      <symbol id="sm-6fa">
         <name>__cmpdf2</name>
         <value>0x8889</value>
         <object_component_ref idref="oc-386"/>
      </symbol>
      <symbol id="sm-6fb">
         <name>__eqdf2</name>
         <value>0x8889</value>
         <object_component_ref idref="oc-386"/>
      </symbol>
      <symbol id="sm-6fc">
         <name>__ltdf2</name>
         <value>0x8889</value>
         <object_component_ref idref="oc-386"/>
      </symbol>
      <symbol id="sm-6fd">
         <name>__nedf2</name>
         <value>0x8889</value>
         <object_component_ref idref="oc-386"/>
      </symbol>
      <symbol id="sm-6fe">
         <name>__gtdf2</name>
         <value>0x87a9</value>
         <object_component_ref idref="oc-38c"/>
      </symbol>
      <symbol id="sm-70a">
         <name>__aeabi_idiv0</name>
         <value>0x805b</value>
         <object_component_ref idref="oc-bc"/>
      </symbol>
      <symbol id="sm-70b">
         <name>__aeabi_ldiv0</name>
         <value>0x826f</value>
         <object_component_ref idref="oc-38f"/>
      </symbol>
      <symbol id="sm-724">
         <name>memcpy</name>
         <value>0x7a25</value>
         <object_component_ref idref="oc-11f"/>
      </symbol>
      <symbol id="sm-733">
         <name>memset</name>
         <value>0x8b67</value>
         <object_component_ref idref="oc-119"/>
      </symbol>
      <symbol id="sm-734">
         <name>__TI_static_base__</name>
         <value>0x0</value>
      </symbol>
      <symbol id="sm-738">
         <name>__mpu_init</name>
         <value>0x0</value>
      </symbol>
      <symbol id="sm-739">
         <name>_system_post_cinit</name>
         <value>0x0</value>
      </symbol>
   </symbol_table>
   <title>Link successful</title>
</link_info>
