<?xml version="1.0" encoding="ISO-8859-1" ?>
<link_info>
   <banner>TI ARM Clang Linker Unix v4.0.2.LTS</banner>
   <copyright>Copyright (c) 1996-2018 Texas Instruments Incorporated</copyright>
   <command_line>/Applications/ti/ccs1281/ccs/tools/compiler/ti-cgt-armllvm_4.0.2.LTS/bin/tiarmlnk -I/Applications/ti/ccs1281/ccs/tools/compiler/ti-cgt-armllvm_4.0.2.LTS/lib -o TTS_SW_2025.out -mTTS_SW_2025.map -i/Users/krisztiancsuta/Documents/FRT/freertos_builds_LP_MSPM0G3507_release_ticlang/Debug -i/Users/krisztiancsuta/ti/mspm0_sdk_2_04_00_06/source -i/Users/krisztiancsuta/Documents/FRT/TTS_SW_2025 -i/Applications/ti/ccs1281/ccs/tools/compiler/ti-cgt-armllvm_4.0.2.LTS/lib --diag_wrap=off --display_error_number --warn_sections --xml_link_info=TTS_SW_2025_linkInfo.xml --rom_model ./MAS_CAN.o ./MLX90640_API.o ./MLX90640_Driver.o ./MLX90640_I2C_MSP.o ./MLX90640_Init.o ./MLX90640_Process.o ./i2ccontroller.o ./main_freertos.o ./ti_drivers_config.o ./ti_msp_dl_config.o ./freertos/ticlang/startup_mspm0g350x_ticlang.o ./ti/display/Display.o ./ti/display/DisplayUart.o ../mspm0g3507.cmd -l/Users/krisztiancsuta/ti/mspm0_sdk_2_04_00_06/source/ti/drivers/lib/ticlang/m0p/drivers_mspm0g1x0x_g3x0x.a -lfreertos_builds_LP_MSPM0G3507_release_ticlang.lib -l/Users/krisztiancsuta/ti/mspm0_sdk_2_04_00_06/source/ti/driverlib/lib/ticlang/m0p/mspm0g1x0x_g3x0x/driverlib.a -llibc.a --start-group -llibc++.a -llibc++abi.a -llibc.a -llibsys.a -llibsysbm.a -llibclang_rt.builtins.a -llibclang_rt.profile.a --end-group --cg_opt_level=2</command_line>
   <link_time>0x68a5788f</link_time>
   <link_errors>0x0</link_errors>
   <output_file>/Users/krisztiancsuta/Documents/FRT/TTS_SW_2025/Debug/TTS_SW_2025.out</output_file>
   <entry_point>
      <name>_c_int00_noargs</name>
      <address>0x9fdd</address>
   </entry_point>
   <input_file_list>
      <input_file id="fl-1">
         <path>/Users/krisztiancsuta/Documents/FRT/TTS_SW_2025/Debug/./</path>
         <kind>object</kind>
         <file>MAS_CAN.o</file>
         <name>MAS_CAN.o</name>
      </input_file>
      <input_file id="fl-2">
         <path>/Users/krisztiancsuta/Documents/FRT/TTS_SW_2025/Debug/./</path>
         <kind>object</kind>
         <file>MLX90640_API.o</file>
         <name>MLX90640_API.o</name>
      </input_file>
      <input_file id="fl-3">
         <path>/Users/krisztiancsuta/Documents/FRT/TTS_SW_2025/Debug/./</path>
         <kind>object</kind>
         <file>MLX90640_Driver.o</file>
         <name>MLX90640_Driver.o</name>
      </input_file>
      <input_file id="fl-4">
         <path>/Users/krisztiancsuta/Documents/FRT/TTS_SW_2025/Debug/./</path>
         <kind>object</kind>
         <file>MLX90640_I2C_MSP.o</file>
         <name>MLX90640_I2C_MSP.o</name>
      </input_file>
      <input_file id="fl-5">
         <path>/Users/krisztiancsuta/Documents/FRT/TTS_SW_2025/Debug/./</path>
         <kind>object</kind>
         <file>MLX90640_Init.o</file>
         <name>MLX90640_Init.o</name>
      </input_file>
      <input_file id="fl-6">
         <path>/Users/krisztiancsuta/Documents/FRT/TTS_SW_2025/Debug/./</path>
         <kind>object</kind>
         <file>MLX90640_Process.o</file>
         <name>MLX90640_Process.o</name>
      </input_file>
      <input_file id="fl-7">
         <path>/Users/krisztiancsuta/Documents/FRT/TTS_SW_2025/Debug/./</path>
         <kind>object</kind>
         <file>i2ccontroller.o</file>
         <name>i2ccontroller.o</name>
      </input_file>
      <input_file id="fl-8">
         <path>/Users/krisztiancsuta/Documents/FRT/TTS_SW_2025/Debug/./</path>
         <kind>object</kind>
         <file>main_freertos.o</file>
         <name>main_freertos.o</name>
      </input_file>
      <input_file id="fl-9">
         <path>/Users/krisztiancsuta/Documents/FRT/TTS_SW_2025/Debug/./</path>
         <kind>object</kind>
         <file>ti_drivers_config.o</file>
         <name>ti_drivers_config.o</name>
      </input_file>
      <input_file id="fl-a">
         <path>/Users/krisztiancsuta/Documents/FRT/TTS_SW_2025/Debug/./</path>
         <kind>object</kind>
         <file>ti_msp_dl_config.o</file>
         <name>ti_msp_dl_config.o</name>
      </input_file>
      <input_file id="fl-b">
         <path>/Users/krisztiancsuta/Documents/FRT/TTS_SW_2025/Debug/./freertos/ticlang/</path>
         <kind>object</kind>
         <file>startup_mspm0g350x_ticlang.o</file>
         <name>startup_mspm0g350x_ticlang.o</name>
      </input_file>
      <input_file id="fl-c">
         <path>/Users/krisztiancsuta/Documents/FRT/TTS_SW_2025/Debug/./ti/display/</path>
         <kind>object</kind>
         <file>Display.o</file>
         <name>Display.o</name>
      </input_file>
      <input_file id="fl-d">
         <path>/Users/krisztiancsuta/Documents/FRT/TTS_SW_2025/Debug/./ti/display/</path>
         <kind>object</kind>
         <file>DisplayUart.o</file>
         <name>DisplayUart.o</name>
      </input_file>
      <input_file id="fl-1b">
         <path>/Users/krisztiancsuta/Documents/FRT/TTS_SW_2025/Debug/</path>
         <kind>object</kind>
         <file>&lt;internal&gt;</file>
         <name>&lt;internal&gt;</name>
      </input_file>
      <input_file id="fl-1c">
         <path>/Users/krisztiancsuta/ti/mspm0_sdk_2_04_00_06/source/ti/drivers/lib/ticlang/m0p/</path>
         <kind>archive</kind>
         <file>drivers_mspm0g1x0x_g3x0x.a</file>
         <name>I2C.o</name>
      </input_file>
      <input_file id="fl-1d">
         <path>/Users/krisztiancsuta/ti/mspm0_sdk_2_04_00_06/source/ti/drivers/lib/ticlang/m0p/</path>
         <kind>archive</kind>
         <file>drivers_mspm0g1x0x_g3x0x.a</file>
         <name>UART.o</name>
      </input_file>
      <input_file id="fl-1e">
         <path>/Users/krisztiancsuta/ti/mspm0_sdk_2_04_00_06/source/ti/drivers/lib/ticlang/m0p/</path>
         <kind>archive</kind>
         <file>drivers_mspm0g1x0x_g3x0x.a</file>
         <name>I2CMSPM0.o</name>
      </input_file>
      <input_file id="fl-1f">
         <path>/Users/krisztiancsuta/ti/mspm0_sdk_2_04_00_06/source/ti/drivers/lib/ticlang/m0p/</path>
         <kind>archive</kind>
         <file>drivers_mspm0g1x0x_g3x0x.a</file>
         <name>UARTMSPM0.o</name>
      </input_file>
      <input_file id="fl-20">
         <path>/Users/krisztiancsuta/ti/mspm0_sdk_2_04_00_06/source/ti/drivers/lib/ticlang/m0p/</path>
         <kind>archive</kind>
         <file>drivers_mspm0g1x0x_g3x0x.a</file>
         <name>DMAMSPM0.o</name>
      </input_file>
      <input_file id="fl-21">
         <path>/Users/krisztiancsuta/ti/mspm0_sdk_2_04_00_06/source/ti/drivers/lib/ticlang/m0p/</path>
         <kind>archive</kind>
         <file>drivers_mspm0g1x0x_g3x0x.a</file>
         <name>RingBuf.o</name>
      </input_file>
      <input_file id="fl-22">
         <path>/Users/krisztiancsuta/ti/mspm0_sdk_2_04_00_06/source/ti/drivers/lib/ticlang/m0p/</path>
         <kind>archive</kind>
         <file>drivers_mspm0g1x0x_g3x0x.a</file>
         <name>GPIO.o</name>
      </input_file>
      <input_file id="fl-23">
         <path>/Users/krisztiancsuta/ti/mspm0_sdk_2_04_00_06/source/ti/drivers/lib/ticlang/m0p/</path>
         <kind>archive</kind>
         <file>drivers_mspm0g1x0x_g3x0x.a</file>
         <name>GPIOMSPM0.o</name>
      </input_file>
      <input_file id="fl-24">
         <path>/Users/krisztiancsuta/Documents/FRT/freertos_builds_LP_MSPM0G3507_release_ticlang/Debug/</path>
         <kind>archive</kind>
         <file>freertos_builds_LP_MSPM0G3507_release_ticlang.lib</file>
         <name>HwiPMSPM0_freertos.o</name>
      </input_file>
      <input_file id="fl-25">
         <path>/Users/krisztiancsuta/Documents/FRT/freertos_builds_LP_MSPM0G3507_release_ticlang/Debug/</path>
         <kind>archive</kind>
         <file>freertos_builds_LP_MSPM0G3507_release_ticlang.lib</file>
         <name>SemaphoreP_freertos.o</name>
      </input_file>
      <input_file id="fl-26">
         <path>/Users/krisztiancsuta/Documents/FRT/freertos_builds_LP_MSPM0G3507_release_ticlang/Debug/</path>
         <kind>archive</kind>
         <file>freertos_builds_LP_MSPM0G3507_release_ticlang.lib</file>
         <name>SystemP_freertos.o</name>
      </input_file>
      <input_file id="fl-27">
         <path>/Users/krisztiancsuta/Documents/FRT/freertos_builds_LP_MSPM0G3507_release_ticlang/Debug/</path>
         <kind>archive</kind>
         <file>freertos_builds_LP_MSPM0G3507_release_ticlang.lib</file>
         <name>queue.o</name>
      </input_file>
      <input_file id="fl-28">
         <path>/Users/krisztiancsuta/Documents/FRT/freertos_builds_LP_MSPM0G3507_release_ticlang/Debug/</path>
         <kind>archive</kind>
         <file>freertos_builds_LP_MSPM0G3507_release_ticlang.lib</file>
         <name>tasks.o</name>
      </input_file>
      <input_file id="fl-29">
         <path>/Users/krisztiancsuta/Documents/FRT/freertos_builds_LP_MSPM0G3507_release_ticlang/Debug/</path>
         <kind>archive</kind>
         <file>freertos_builds_LP_MSPM0G3507_release_ticlang.lib</file>
         <name>timers.o</name>
      </input_file>
      <input_file id="fl-2a">
         <path>/Users/krisztiancsuta/Documents/FRT/freertos_builds_LP_MSPM0G3507_release_ticlang/Debug/</path>
         <kind>archive</kind>
         <file>freertos_builds_LP_MSPM0G3507_release_ticlang.lib</file>
         <name>port.o</name>
      </input_file>
      <input_file id="fl-2b">
         <path>/Users/krisztiancsuta/Documents/FRT/freertos_builds_LP_MSPM0G3507_release_ticlang/Debug/</path>
         <kind>archive</kind>
         <file>freertos_builds_LP_MSPM0G3507_release_ticlang.lib</file>
         <name>PTLS.o</name>
      </input_file>
      <input_file id="fl-2c">
         <path>/Users/krisztiancsuta/Documents/FRT/freertos_builds_LP_MSPM0G3507_release_ticlang/Debug/</path>
         <kind>archive</kind>
         <file>freertos_builds_LP_MSPM0G3507_release_ticlang.lib</file>
         <name>memory.o</name>
      </input_file>
      <input_file id="fl-2d">
         <path>/Users/krisztiancsuta/Documents/FRT/freertos_builds_LP_MSPM0G3507_release_ticlang/Debug/</path>
         <kind>archive</kind>
         <file>freertos_builds_LP_MSPM0G3507_release_ticlang.lib</file>
         <name>pthread.o</name>
      </input_file>
      <input_file id="fl-2e">
         <path>/Users/krisztiancsuta/Documents/FRT/freertos_builds_LP_MSPM0G3507_release_ticlang/Debug/</path>
         <kind>archive</kind>
         <file>freertos_builds_LP_MSPM0G3507_release_ticlang.lib</file>
         <name>ClockP_freertos.o</name>
      </input_file>
      <input_file id="fl-2f">
         <path>/Users/krisztiancsuta/Documents/FRT/freertos_builds_LP_MSPM0G3507_release_ticlang/Debug/</path>
         <kind>archive</kind>
         <file>freertos_builds_LP_MSPM0G3507_release_ticlang.lib</file>
         <name>StaticAllocs_freertos.o</name>
      </input_file>
      <input_file id="fl-30">
         <path>/Users/krisztiancsuta/Documents/FRT/freertos_builds_LP_MSPM0G3507_release_ticlang/Debug/</path>
         <kind>archive</kind>
         <file>freertos_builds_LP_MSPM0G3507_release_ticlang.lib</file>
         <name>heap_4.o</name>
      </input_file>
      <input_file id="fl-31">
         <path>/Users/krisztiancsuta/Documents/FRT/freertos_builds_LP_MSPM0G3507_release_ticlang/Debug/</path>
         <kind>archive</kind>
         <file>freertos_builds_LP_MSPM0G3507_release_ticlang.lib</file>
         <name>list.o</name>
      </input_file>
      <input_file id="fl-32">
         <path>/Users/krisztiancsuta/Documents/FRT/freertos_builds_LP_MSPM0G3507_release_ticlang/Debug/</path>
         <kind>archive</kind>
         <file>freertos_builds_LP_MSPM0G3507_release_ticlang.lib</file>
         <name>aeabi_portable.o</name>
      </input_file>
      <input_file id="fl-33">
         <path>/Users/krisztiancsuta/ti/mspm0_sdk_2_04_00_06/source/ti/driverlib/lib/ticlang/m0p/mspm0g1x0x_g3x0x/</path>
         <kind>archive</kind>
         <file>driverlib.a</file>
         <name>dl_common.o</name>
      </input_file>
      <input_file id="fl-34">
         <path>/Users/krisztiancsuta/ti/mspm0_sdk_2_04_00_06/source/ti/driverlib/lib/ticlang/m0p/mspm0g1x0x_g3x0x/</path>
         <kind>archive</kind>
         <file>driverlib.a</file>
         <name>dl_dma.o</name>
      </input_file>
      <input_file id="fl-35">
         <path>/Users/krisztiancsuta/ti/mspm0_sdk_2_04_00_06/source/ti/driverlib/lib/ticlang/m0p/mspm0g1x0x_g3x0x/</path>
         <kind>archive</kind>
         <file>driverlib.a</file>
         <name>dl_i2c.o</name>
      </input_file>
      <input_file id="fl-36">
         <path>/Users/krisztiancsuta/ti/mspm0_sdk_2_04_00_06/source/ti/driverlib/lib/ticlang/m0p/mspm0g1x0x_g3x0x/</path>
         <kind>archive</kind>
         <file>driverlib.a</file>
         <name>dl_mcan.o</name>
      </input_file>
      <input_file id="fl-37">
         <path>/Users/krisztiancsuta/ti/mspm0_sdk_2_04_00_06/source/ti/driverlib/lib/ticlang/m0p/mspm0g1x0x_g3x0x/</path>
         <kind>archive</kind>
         <file>driverlib.a</file>
         <name>dl_uart.o</name>
      </input_file>
      <input_file id="fl-38">
         <path>/Users/krisztiancsuta/ti/mspm0_sdk_2_04_00_06/source/ti/driverlib/lib/ticlang/m0p/mspm0g1x0x_g3x0x/</path>
         <kind>archive</kind>
         <file>driverlib.a</file>
         <name>dl_interrupt.o</name>
      </input_file>
      <input_file id="fl-39">
         <path>/Users/krisztiancsuta/ti/mspm0_sdk_2_04_00_06/source/ti/driverlib/lib/ticlang/m0p/mspm0g1x0x_g3x0x/</path>
         <kind>archive</kind>
         <file>driverlib.a</file>
         <name>dl_sysctl_mspm0g1x0x_g3x0x.o</name>
      </input_file>
      <input_file id="fl-50">
         <path>/Applications/ti/ccs1281/ccs/tools/compiler/ti-cgt-armllvm_4.0.2.LTS/lib/armv6m-ti-none-eabi/c/</path>
         <kind>archive</kind>
         <file>libc.a</file>
         <name>e_pow.c.obj</name>
      </input_file>
      <input_file id="fl-51">
         <path>/Applications/ti/ccs1281/ccs/tools/compiler/ti-cgt-armllvm_4.0.2.LTS/lib/armv6m-ti-none-eabi/c/</path>
         <kind>archive</kind>
         <file>libc.a</file>
         <name>e_sqrt.c.obj</name>
      </input_file>
      <input_file id="fl-52">
         <path>/Applications/ti/ccs1281/ccs/tools/compiler/ti-cgt-armllvm_4.0.2.LTS/lib/armv6m-ti-none-eabi/c/</path>
         <kind>archive</kind>
         <file>libc.a</file>
         <name>s_scalbn.c.obj</name>
      </input_file>
      <input_file id="fl-53">
         <path>/Applications/ti/ccs1281/ccs/tools/compiler/ti-cgt-armllvm_4.0.2.LTS/lib/armv6m-ti-none-eabi/c/</path>
         <kind>archive</kind>
         <file>libc.a</file>
         <name>strlen.c.obj</name>
      </input_file>
      <input_file id="fl-54">
         <path>/Applications/ti/ccs1281/ccs/tools/compiler/ti-cgt-armllvm_4.0.2.LTS/lib/armv6m-ti-none-eabi/c/</path>
         <kind>archive</kind>
         <file>libc.a</file>
         <name>copy_zero_init.c.obj</name>
      </input_file>
      <input_file id="fl-55">
         <path>/Applications/ti/ccs1281/ccs/tools/compiler/ti-cgt-armllvm_4.0.2.LTS/lib/armv6m-ti-none-eabi/c/</path>
         <kind>archive</kind>
         <file>libc.a</file>
         <name>copy_decompress_none.c.obj</name>
      </input_file>
      <input_file id="fl-56">
         <path>/Applications/ti/ccs1281/ccs/tools/compiler/ti-cgt-armllvm_4.0.2.LTS/lib/armv6m-ti-none-eabi/c/</path>
         <kind>archive</kind>
         <file>libc.a</file>
         <name>copy_decompress_lzss.c.obj</name>
      </input_file>
      <input_file id="fl-57">
         <path>/Applications/ti/ccs1281/ccs/tools/compiler/ti-cgt-armllvm_4.0.2.LTS/lib/armv6m-ti-none-eabi/c/</path>
         <kind>archive</kind>
         <file>libc.a</file>
         <name>boot_cortex_m.c.obj</name>
      </input_file>
      <input_file id="fl-58">
         <path>/Applications/ti/ccs1281/ccs/tools/compiler/ti-cgt-armllvm_4.0.2.LTS/lib/armv6m-ti-none-eabi/c/</path>
         <kind>archive</kind>
         <file>libc.a</file>
         <name>mathacl_init.c.obj</name>
      </input_file>
      <input_file id="fl-59">
         <path>/Applications/ti/ccs1281/ccs/tools/compiler/ti-cgt-armllvm_4.0.2.LTS/lib/armv6m-ti-none-eabi/c/</path>
         <kind>archive</kind>
         <file>libc.a</file>
         <name>exit.c.obj</name>
      </input_file>
      <input_file id="fl-5a">
         <path>/Applications/ti/ccs1281/ccs/tools/compiler/ti-cgt-armllvm_4.0.2.LTS/lib/armv6m-ti-none-eabi/c/</path>
         <kind>archive</kind>
         <file>libc.a</file>
         <name>_lock.c.obj</name>
      </input_file>
      <input_file id="fl-5b">
         <path>/Applications/ti/ccs1281/ccs/tools/compiler/ti-cgt-armllvm_4.0.2.LTS/lib/armv6m-ti-none-eabi/c/</path>
         <kind>archive</kind>
         <file>libc.a</file>
         <name>args_main.c.obj</name>
      </input_file>
      <input_file id="fl-5c">
         <path>/Applications/ti/ccs1281/ccs/tools/compiler/ti-cgt-armllvm_4.0.2.LTS/lib/armv6m-ti-none-eabi/c/</path>
         <kind>archive</kind>
         <file>libc.a</file>
         <name>autoinit.c.obj</name>
      </input_file>
      <input_file id="fl-5d">
         <path>/Applications/ti/ccs1281/ccs/tools/compiler/ti-cgt-armllvm_4.0.2.LTS/lib/armv6m-ti-none-eabi/c/</path>
         <kind>archive</kind>
         <file>libc.a</file>
         <name>pre_init.c.obj</name>
      </input_file>
      <input_file id="fl-5e">
         <path>/Applications/ti/ccs1281/ccs/tools/compiler/ti-cgt-armllvm_4.0.2.LTS/lib/armv6m-ti-none-eabi/c/</path>
         <kind>archive</kind>
         <file>libc.a</file>
         <name>cpy_tbl.c.obj</name>
      </input_file>
      <input_file id="fl-fe">
         <path>/Applications/ti/ccs1281/ccs/tools/compiler/ti-cgt-armllvm_4.0.2.LTS/lib/armv6m-ti-none-eabi/c/</path>
         <kind>archive</kind>
         <file>libsysbm.a</file>
         <name>hostexit.c.obj</name>
      </input_file>
      <input_file id="fl-ff">
         <path>/Applications/ti/ccs1281/ccs/tools/compiler/ti-cgt-armllvm_4.0.2.LTS/lib/armv6m-ti-none-eabi/</path>
         <kind>archive</kind>
         <file>libclang_rt.builtins.a</file>
         <name>addsf3.S.obj</name>
      </input_file>
      <input_file id="fl-100">
         <path>/Applications/ti/ccs1281/ccs/tools/compiler/ti-cgt-armllvm_4.0.2.LTS/lib/armv6m-ti-none-eabi/</path>
         <kind>archive</kind>
         <file>libclang_rt.builtins.a</file>
         <name>adddf3.S.obj</name>
      </input_file>
      <input_file id="fl-101">
         <path>/Applications/ti/ccs1281/ccs/tools/compiler/ti-cgt-armllvm_4.0.2.LTS/lib/armv6m-ti-none-eabi/</path>
         <kind>archive</kind>
         <file>libclang_rt.builtins.a</file>
         <name>muldf3.S.obj</name>
      </input_file>
      <input_file id="fl-102">
         <path>/Applications/ti/ccs1281/ccs/tools/compiler/ti-cgt-armllvm_4.0.2.LTS/lib/armv6m-ti-none-eabi/</path>
         <kind>archive</kind>
         <file>libclang_rt.builtins.a</file>
         <name>muldsi3.S.obj</name>
      </input_file>
      <input_file id="fl-103">
         <path>/Applications/ti/ccs1281/ccs/tools/compiler/ti-cgt-armllvm_4.0.2.LTS/lib/armv6m-ti-none-eabi/</path>
         <kind>archive</kind>
         <file>libclang_rt.builtins.a</file>
         <name>mulsf3.S.obj</name>
      </input_file>
      <input_file id="fl-104">
         <path>/Applications/ti/ccs1281/ccs/tools/compiler/ti-cgt-armllvm_4.0.2.LTS/lib/armv6m-ti-none-eabi/</path>
         <kind>archive</kind>
         <file>libclang_rt.builtins.a</file>
         <name>divsf3.S.obj</name>
      </input_file>
      <input_file id="fl-105">
         <path>/Applications/ti/ccs1281/ccs/tools/compiler/ti-cgt-armllvm_4.0.2.LTS/lib/armv6m-ti-none-eabi/</path>
         <kind>archive</kind>
         <file>libclang_rt.builtins.a</file>
         <name>divdf3.S.obj</name>
      </input_file>
      <input_file id="fl-106">
         <path>/Applications/ti/ccs1281/ccs/tools/compiler/ti-cgt-armllvm_4.0.2.LTS/lib/armv6m-ti-none-eabi/</path>
         <kind>archive</kind>
         <file>libclang_rt.builtins.a</file>
         <name>extendsfdf2.S.obj</name>
      </input_file>
      <input_file id="fl-107">
         <path>/Applications/ti/ccs1281/ccs/tools/compiler/ti-cgt-armllvm_4.0.2.LTS/lib/armv6m-ti-none-eabi/</path>
         <kind>archive</kind>
         <file>libclang_rt.builtins.a</file>
         <name>fixdfsi.S.obj</name>
      </input_file>
      <input_file id="fl-108">
         <path>/Applications/ti/ccs1281/ccs/tools/compiler/ti-cgt-armllvm_4.0.2.LTS/lib/armv6m-ti-none-eabi/</path>
         <kind>archive</kind>
         <file>libclang_rt.builtins.a</file>
         <name>fixunsdfsi.S.obj</name>
      </input_file>
      <input_file id="fl-109">
         <path>/Applications/ti/ccs1281/ccs/tools/compiler/ti-cgt-armllvm_4.0.2.LTS/lib/armv6m-ti-none-eabi/</path>
         <kind>archive</kind>
         <file>libclang_rt.builtins.a</file>
         <name>floatsidf.S.obj</name>
      </input_file>
      <input_file id="fl-10a">
         <path>/Applications/ti/ccs1281/ccs/tools/compiler/ti-cgt-armllvm_4.0.2.LTS/lib/armv6m-ti-none-eabi/</path>
         <kind>archive</kind>
         <file>libclang_rt.builtins.a</file>
         <name>floatsisf.S.obj</name>
      </input_file>
      <input_file id="fl-10b">
         <path>/Applications/ti/ccs1281/ccs/tools/compiler/ti-cgt-armllvm_4.0.2.LTS/lib/armv6m-ti-none-eabi/</path>
         <kind>archive</kind>
         <file>libclang_rt.builtins.a</file>
         <name>floatunsidf.S.obj</name>
      </input_file>
      <input_file id="fl-10c">
         <path>/Applications/ti/ccs1281/ccs/tools/compiler/ti-cgt-armllvm_4.0.2.LTS/lib/armv6m-ti-none-eabi/</path>
         <kind>archive</kind>
         <file>libclang_rt.builtins.a</file>
         <name>floatunsisf.S.obj</name>
      </input_file>
      <input_file id="fl-10d">
         <path>/Applications/ti/ccs1281/ccs/tools/compiler/ti-cgt-armllvm_4.0.2.LTS/lib/armv6m-ti-none-eabi/</path>
         <kind>archive</kind>
         <file>libclang_rt.builtins.a</file>
         <name>muldi3.S.obj</name>
      </input_file>
      <input_file id="fl-10e">
         <path>/Applications/ti/ccs1281/ccs/tools/compiler/ti-cgt-armllvm_4.0.2.LTS/lib/armv6m-ti-none-eabi/</path>
         <kind>archive</kind>
         <file>libclang_rt.builtins.a</file>
         <name>truncdfsf2.S.obj</name>
      </input_file>
      <input_file id="fl-10f">
         <path>/Applications/ti/ccs1281/ccs/tools/compiler/ti-cgt-armllvm_4.0.2.LTS/lib/armv6m-ti-none-eabi/</path>
         <kind>archive</kind>
         <file>libclang_rt.builtins.a</file>
         <name>clzsi2.c.obj</name>
      </input_file>
      <input_file id="fl-110">
         <path>/Applications/ti/ccs1281/ccs/tools/compiler/ti-cgt-armllvm_4.0.2.LTS/lib/armv6m-ti-none-eabi/</path>
         <kind>archive</kind>
         <file>libclang_rt.builtins.a</file>
         <name>aeabi_dcmp.S.obj</name>
      </input_file>
      <input_file id="fl-111">
         <path>/Applications/ti/ccs1281/ccs/tools/compiler/ti-cgt-armllvm_4.0.2.LTS/lib/armv6m-ti-none-eabi/</path>
         <kind>archive</kind>
         <file>libclang_rt.builtins.a</file>
         <name>aeabi_fcmp.S.obj</name>
      </input_file>
      <input_file id="fl-112">
         <path>/Applications/ti/ccs1281/ccs/tools/compiler/ti-cgt-armllvm_4.0.2.LTS/lib/armv6m-ti-none-eabi/</path>
         <kind>archive</kind>
         <file>libclang_rt.builtins.a</file>
         <name>aeabi_memcpy.S.obj</name>
      </input_file>
      <input_file id="fl-113">
         <path>/Applications/ti/ccs1281/ccs/tools/compiler/ti-cgt-armllvm_4.0.2.LTS/lib/armv6m-ti-none-eabi/</path>
         <kind>archive</kind>
         <file>libclang_rt.builtins.a</file>
         <name>aeabi_memset.S.obj</name>
      </input_file>
      <input_file id="fl-114">
         <path>/Applications/ti/ccs1281/ccs/tools/compiler/ti-cgt-armllvm_4.0.2.LTS/lib/armv6m-ti-none-eabi/</path>
         <kind>archive</kind>
         <file>libclang_rt.builtins.a</file>
         <name>aeabi_uidivmod.S.obj</name>
      </input_file>
      <input_file id="fl-115">
         <path>/Applications/ti/ccs1281/ccs/tools/compiler/ti-cgt-armllvm_4.0.2.LTS/lib/armv6m-ti-none-eabi/</path>
         <kind>archive</kind>
         <file>libclang_rt.builtins.a</file>
         <name>aeabi_uldivmod.S.obj</name>
      </input_file>
      <input_file id="fl-116">
         <path>/Applications/ti/ccs1281/ccs/tools/compiler/ti-cgt-armllvm_4.0.2.LTS/lib/armv6m-ti-none-eabi/</path>
         <kind>archive</kind>
         <file>libclang_rt.builtins.a</file>
         <name>comparesf2.S.obj</name>
      </input_file>
      <input_file id="fl-117">
         <path>/Applications/ti/ccs1281/ccs/tools/compiler/ti-cgt-armllvm_4.0.2.LTS/lib/armv6m-ti-none-eabi/</path>
         <kind>archive</kind>
         <file>libclang_rt.builtins.a</file>
         <name>udivmoddi4.S.obj</name>
      </input_file>
      <input_file id="fl-118">
         <path>/Applications/ti/ccs1281/ccs/tools/compiler/ti-cgt-armllvm_4.0.2.LTS/lib/armv6m-ti-none-eabi/</path>
         <kind>archive</kind>
         <file>libclang_rt.builtins.a</file>
         <name>ashldi3.S.obj</name>
      </input_file>
      <input_file id="fl-119">
         <path>/Applications/ti/ccs1281/ccs/tools/compiler/ti-cgt-armllvm_4.0.2.LTS/lib/armv6m-ti-none-eabi/</path>
         <kind>archive</kind>
         <file>libclang_rt.builtins.a</file>
         <name>comparedf2.c.obj</name>
      </input_file>
      <input_file id="fl-11a">
         <path>/Applications/ti/ccs1281/ccs/tools/compiler/ti-cgt-armllvm_4.0.2.LTS/lib/armv6m-ti-none-eabi/</path>
         <kind>archive</kind>
         <file>libclang_rt.builtins.a</file>
         <name>aeabi_div0.c.obj</name>
      </input_file>
      <input_file id="fl-11b">
         <path>/Applications/ti/ccs1281/ccs/tools/compiler/ti-cgt-armllvm_4.0.2.LTS/lib/armv6m-ti-none-eabi/c/</path>
         <kind>archive</kind>
         <file>libc.a</file>
         <name>memcpy16.S.obj</name>
      </input_file>
      <input_file id="fl-11c">
         <path>/Applications/ti/ccs1281/ccs/tools/compiler/ti-cgt-armllvm_4.0.2.LTS/lib/armv6m-ti-none-eabi/c/</path>
         <kind>archive</kind>
         <file>libc.a</file>
         <name>memset16.S.obj</name>
      </input_file>
   </input_file_list>
   <object_component_list>
      <object_component id="oc-18">
         <name>.intvecs</name>
         <load_address>0x0</load_address>
         <readonly>true</readonly>
         <run_address>0x0</run_address>
         <size>0xc0</size>
         <alignment>0x4</alignment>
         <input_file_ref idref="fl-b"/>
      </object_component>
      <object_component id="oc-2d3">
         <name>.text.pow</name>
         <load_address>0xc0</load_address>
         <readonly>true</readonly>
         <executable>true</executable>
         <run_address>0xc0</run_address>
         <size>0xa48</size>
         <alignment>0x4</alignment>
         <input_file_ref idref="fl-50"/>
      </object_component>
      <object_component id="oc-239">
         <name>.text.MLX90640_CalculateTo</name>
         <load_address>0xb08</load_address>
         <readonly>true</readonly>
         <executable>true</executable>
         <run_address>0xb08</run_address>
         <size>0x604</size>
         <alignment>0x4</alignment>
         <input_file_ref idref="fl-2"/>
      </object_component>
      <object_component id="oc-2c3">
         <name>.text.ExtractAlphaParameters</name>
         <load_address>0x110c</load_address>
         <readonly>true</readonly>
         <executable>true</executable>
         <run_address>0x110c</run_address>
         <size>0x550</size>
         <alignment>0x4</alignment>
         <input_file_ref idref="fl-2"/>
      </object_component>
      <object_component id="oc-9a">
         <name>.text.UARTMSP_interruptHandler</name>
         <load_address>0x165c</load_address>
         <readonly>true</readonly>
         <executable>true</executable>
         <run_address>0x165c</run_address>
         <size>0x4f8</size>
         <alignment>0x4</alignment>
         <input_file_ref idref="fl-1f"/>
      </object_component>
      <object_component id="oc-2c4">
         <name>.text.ExtractOffsetParameters</name>
         <load_address>0x1b54</load_address>
         <readonly>true</readonly>
         <executable>true</executable>
         <run_address>0x1b54</run_address>
         <size>0x4d0</size>
         <alignment>0x4</alignment>
         <input_file_ref idref="fl-2"/>
      </object_component>
      <object_component id="oc-2c8">
         <name>.text.ExtractDeviatingPixels</name>
         <load_address>0x2024</load_address>
         <readonly>true</readonly>
         <executable>true</executable>
         <run_address>0x2024</run_address>
         <size>0x22c</size>
         <alignment>0x4</alignment>
         <input_file_ref idref="fl-2"/>
      </object_component>
      <object_component id="oc-228">
         <name>.text.MLX90640_ExtractParameters</name>
         <load_address>0x2250</load_address>
         <readonly>true</readonly>
         <executable>true</executable>
         <run_address>0x2250</run_address>
         <size>0x21c</size>
         <alignment>0x4</alignment>
         <input_file_ref idref="fl-2"/>
      </object_component>
      <object_component id="oc-1f5">
         <name>.text.DL_MCAN_msgRAMConfig</name>
         <load_address>0x246c</load_address>
         <readonly>true</readonly>
         <executable>true</executable>
         <run_address>0x246c</run_address>
         <size>0x214</size>
         <alignment>0x4</alignment>
         <input_file_ref idref="fl-36"/>
      </object_component>
      <object_component id="oc-292">
         <name>.text.GPIO_setConfigAndMux</name>
         <load_address>0x2680</load_address>
         <readonly>true</readonly>
         <executable>true</executable>
         <run_address>0x2680</run_address>
         <size>0x210</size>
         <alignment>0x4</alignment>
         <input_file_ref idref="fl-23"/>
      </object_component>
      <object_component id="oc-2c5">
         <name>.text.ExtractKtaPixelParameters</name>
         <load_address>0x2890</load_address>
         <readonly>true</readonly>
         <executable>true</executable>
         <run_address>0x2890</run_address>
         <size>0x1f4</size>
         <alignment>0x4</alignment>
         <input_file_ref idref="fl-2"/>
      </object_component>
      <object_component id="oc-219">
         <name>.text.I2C_open</name>
         <load_address>0x2a84</load_address>
         <readonly>true</readonly>
         <executable>true</executable>
         <run_address>0x2a84</run_address>
         <size>0x1f4</size>
         <alignment>0x4</alignment>
         <input_file_ref idref="fl-1e"/>
      </object_component>
      <object_component id="oc-30e">
         <name>.text.xQueueSemaphoreTake</name>
         <load_address>0x2c78</load_address>
         <readonly>true</readonly>
         <executable>true</executable>
         <run_address>0x2c78</run_address>
         <size>0x1ec</size>
         <alignment>0x2</alignment>
         <input_file_ref idref="fl-27"/>
      </object_component>
      <object_component id="oc-2a0">
         <name>.text.I2CMSPM0_hwiFxn</name>
         <load_address>0x2e64</load_address>
         <readonly>true</readonly>
         <executable>true</executable>
         <run_address>0x2e64</run_address>
         <size>0x1dc</size>
         <alignment>0x4</alignment>
         <input_file_ref idref="fl-1e"/>
      </object_component>
      <object_component id="oc-161">
         <name>.text.xQueueGenericSend</name>
         <load_address>0x3040</load_address>
         <readonly>true</readonly>
         <executable>true</executable>
         <run_address>0x3040</run_address>
         <size>0x1d2</size>
         <alignment>0x2</alignment>
         <input_file_ref idref="fl-27"/>
      </object_component>
      <object_component id="oc-42">
         <name>.text.Default_Handler</name>
         <load_address>0x3212</load_address>
         <readonly>true</readonly>
         <executable>true</executable>
         <run_address>0x3212</run_address>
         <size>0x2</size>
         <alignment>0x2</alignment>
         <input_file_ref idref="fl-b"/>
      </object_component>
      <object_component id="oc-63">
         <name>.text.pvPortMalloc</name>
         <load_address>0x3214</load_address>
         <readonly>true</readonly>
         <executable>true</executable>
         <run_address>0x3214</run_address>
         <size>0x1c0</size>
         <alignment>0x4</alignment>
         <input_file_ref idref="fl-30"/>
      </object_component>
      <object_component id="oc-238">
         <name>.text.MLX90640_GetFrameData</name>
         <load_address>0x33d4</load_address>
         <readonly>true</readonly>
         <executable>true</executable>
         <run_address>0x33d4</run_address>
         <size>0x1b8</size>
         <alignment>0x2</alignment>
         <input_file_ref idref="fl-2"/>
      </object_component>
      <object_component id="oc-1c9">
         <name>.text.UARTMSP_enable</name>
         <load_address>0x358c</load_address>
         <readonly>true</readonly>
         <executable>true</executable>
         <run_address>0x358c</run_address>
         <size>0x1a8</size>
         <alignment>0x4</alignment>
         <input_file_ref idref="fl-1f"/>
      </object_component>
      <object_component id="oc-318">
         <name>.text.xQueueReceive</name>
         <load_address>0x3734</load_address>
         <readonly>true</readonly>
         <executable>true</executable>
         <run_address>0x3734</run_address>
         <size>0x1a4</size>
         <alignment>0x2</alignment>
         <input_file_ref idref="fl-27"/>
      </object_component>
      <object_component id="oc-2c6">
         <name>.text.ExtractKvPixelParameters</name>
         <load_address>0x38d8</load_address>
         <readonly>true</readonly>
         <executable>true</executable>
         <run_address>0x38d8</run_address>
         <size>0x1a0</size>
         <alignment>0x4</alignment>
         <input_file_ref idref="fl-2"/>
      </object_component>
      <object_component id="oc-2ba">
         <name>.text.adddf3_subdf3</name>
         <load_address>0x3a78</load_address>
         <readonly>true</readonly>
         <executable>true</executable>
         <run_address>0x3a78</run_address>
         <size>0x192</size>
         <alignment>0x4</alignment>
         <input_file_ref idref="fl-100"/>
      </object_component>
      <object_component id="oc-38c">
         <name>.text.I2CSupport_powerRelConstraint</name>
         <load_address>0x3c0a</load_address>
         <readonly>true</readonly>
         <executable>true</executable>
         <run_address>0x3c0a</run_address>
         <size>0x2</size>
         <alignment>0x2</alignment>
         <input_file_ref idref="fl-1e"/>
      </object_component>
      <object_component id="oc-2c7">
         <name>.text.ExtractCPParameters</name>
         <load_address>0x3c0c</load_address>
         <readonly>true</readonly>
         <executable>true</executable>
         <run_address>0x3c0c</run_address>
         <size>0x190</size>
         <alignment>0x4</alignment>
         <input_file_ref idref="fl-2"/>
      </object_component>
      <object_component id="oc-212">
         <name>.text.vPortSuppressTicksAndSleep</name>
         <load_address>0x3d9c</load_address>
         <readonly>true</readonly>
         <executable>true</executable>
         <run_address>0x3d9c</run_address>
         <size>0x188</size>
         <alignment>0x4</alignment>
         <input_file_ref idref="fl-2a"/>
      </object_component>
      <object_component id="oc-364">
         <name>.text.DMAMSPM0_hwiFxn</name>
         <load_address>0x3f24</load_address>
         <readonly>true</readonly>
         <executable>true</executable>
         <run_address>0x3f24</run_address>
         <size>0x180</size>
         <alignment>0x4</alignment>
         <input_file_ref idref="fl-20"/>
      </object_component>
      <object_component id="oc-2e1">
         <name>.text.sqrt</name>
         <load_address>0x40a4</load_address>
         <readonly>true</readonly>
         <executable>true</executable>
         <run_address>0x40a4</run_address>
         <size>0x170</size>
         <alignment>0x4</alignment>
         <input_file_ref idref="fl-51"/>
      </object_component>
      <object_component id="oc-98">
         <name>.text.xTaskIncrementTick</name>
         <load_address>0x4214</load_address>
         <readonly>true</readonly>
         <executable>true</executable>
         <run_address>0x4214</run_address>
         <size>0x158</size>
         <alignment>0x4</alignment>
         <input_file_ref idref="fl-28"/>
      </object_component>
      <object_component id="oc-286">
         <name>.text.prvProcessReceivedCommands</name>
         <load_address>0x436c</load_address>
         <readonly>true</readonly>
         <executable>true</executable>
         <run_address>0x436c</run_address>
         <size>0x154</size>
         <alignment>0x4</alignment>
         <input_file_ref idref="fl-29"/>
      </object_component>
      <object_component id="oc-12f">
         <name>.text.pthread_create</name>
         <load_address>0x44c0</load_address>
         <readonly>true</readonly>
         <executable>true</executable>
         <run_address>0x44c0</run_address>
         <size>0x14c</size>
         <alignment>0x4</alignment>
         <input_file_ref idref="fl-2d"/>
      </object_component>
      <object_component id="oc-237">
         <name>.text.MLX90640_I2CRead</name>
         <load_address>0x460c</load_address>
         <readonly>true</readonly>
         <executable>true</executable>
         <run_address>0x460c</run_address>
         <size>0x13c</size>
         <alignment>0x4</alignment>
         <input_file_ref idref="fl-4"/>
      </object_component>
      <object_component id="oc-b3">
         <name>.text.xTaskResumeAll</name>
         <load_address>0x4748</load_address>
         <readonly>true</readonly>
         <executable>true</executable>
         <run_address>0x4748</run_address>
         <size>0x134</size>
         <alignment>0x4</alignment>
         <input_file_ref idref="fl-28"/>
      </object_component>
      <object_component id="oc-349">
         <name>.text.I2C_transferTimeout</name>
         <load_address>0x487c</load_address>
         <readonly>true</readonly>
         <executable>true</executable>
         <run_address>0x487c</run_address>
         <size>0x12c</size>
         <alignment>0x2</alignment>
         <input_file_ref idref="fl-1c"/>
      </object_component>
      <object_component id="oc-37a">
         <name>.text.xQueueGenericSendFromISR</name>
         <load_address>0x49a8</load_address>
         <readonly>true</readonly>
         <executable>true</executable>
         <run_address>0x49a8</run_address>
         <size>0x120</size>
         <alignment>0x2</alignment>
         <input_file_ref idref="fl-27"/>
      </object_component>
      <object_component id="oc-1fe">
         <name>.text.prvInitialiseNewTask</name>
         <load_address>0x4ac8</load_address>
         <readonly>true</readonly>
         <executable>true</executable>
         <run_address>0x4ac8</run_address>
         <size>0x11c</size>
         <alignment>0x2</alignment>
         <input_file_ref idref="fl-28"/>
      </object_component>
      <object_component id="oc-25f">
         <name>.text.RingBuf_getn</name>
         <load_address>0x4be4</load_address>
         <readonly>true</readonly>
         <executable>true</executable>
         <run_address>0x4be4</run_address>
         <size>0x11a</size>
         <alignment>0x2</alignment>
         <input_file_ref idref="fl-21"/>
      </object_component>
      <object_component id="oc-30f">
         <name>.text.RingBuf_putn</name>
         <load_address>0x4cfe</load_address>
         <readonly>true</readonly>
         <executable>true</executable>
         <run_address>0x4cfe</run_address>
         <size>0x116</size>
         <alignment>0x2</alignment>
         <input_file_ref idref="fl-21"/>
      </object_component>
      <object_component id="oc-278">
         <name>.text.vTaskSuspend</name>
         <load_address>0x4e14</load_address>
         <readonly>true</readonly>
         <executable>true</executable>
         <run_address>0x4e14</run_address>
         <size>0x110</size>
         <alignment>0x4</alignment>
         <input_file_ref idref="fl-28"/>
      </object_component>
      <object_component id="oc-2e5">
         <name>.text.__divdf3</name>
         <load_address>0x4f24</load_address>
         <readonly>true</readonly>
         <executable>true</executable>
         <run_address>0x4f24</run_address>
         <size>0x10c</size>
         <alignment>0x4</alignment>
         <input_file_ref idref="fl-105"/>
      </object_component>
      <object_component id="oc-334">
         <name>.text.I2CMSPM0_primeWriteBurst</name>
         <load_address>0x5030</load_address>
         <readonly>true</readonly>
         <executable>true</executable>
         <run_address>0x5030</run_address>
         <size>0x108</size>
         <alignment>0x4</alignment>
         <input_file_ref idref="fl-1e"/>
      </object_component>
      <object_component id="oc-375">
         <name>.text.vTaskPriorityDisinheritAfterTimeout</name>
         <load_address>0x5138</load_address>
         <readonly>true</readonly>
         <executable>true</executable>
         <run_address>0x5138</run_address>
         <size>0x100</size>
         <alignment>0x4</alignment>
         <input_file_ref idref="fl-28"/>
      </object_component>
      <object_component id="oc-2c2">
         <name>.text.ExtractKsToParameters</name>
         <load_address>0x5238</load_address>
         <readonly>true</readonly>
         <executable>true</executable>
         <run_address>0x5238</run_address>
         <size>0xfc</size>
         <alignment>0x4</alignment>
         <input_file_ref idref="fl-2"/>
      </object_component>
      <object_component id="oc-f3">
         <name>.text.UARTMSP_dmaRx</name>
         <load_address>0x5334</load_address>
         <readonly>true</readonly>
         <executable>true</executable>
         <run_address>0x5334</run_address>
         <size>0xfc</size>
         <alignment>0x4</alignment>
         <input_file_ref idref="fl-1f"/>
      </object_component>
      <object_component id="oc-322">
         <name>.text.GPIO_hwiIntFxn</name>
         <load_address>0x5430</load_address>
         <readonly>true</readonly>
         <executable>true</executable>
         <run_address>0x5430</run_address>
         <size>0xf8</size>
         <alignment>0x4</alignment>
         <input_file_ref idref="fl-23"/>
      </object_component>
      <object_component id="oc-1a5">
         <name>.text.MLX90640_DataProcessing</name>
         <load_address>0x5528</load_address>
         <readonly>true</readonly>
         <executable>true</executable>
         <run_address>0x5528</run_address>
         <size>0xf8</size>
         <alignment>0x4</alignment>
         <input_file_ref idref="fl-6"/>
      </object_component>
      <object_component id="oc-1cc">
         <name>.text.UART_readFullFeatured</name>
         <load_address>0x5620</load_address>
         <readonly>true</readonly>
         <executable>true</executable>
         <run_address>0x5620</run_address>
         <size>0xf6</size>
         <alignment>0x2</alignment>
         <input_file_ref idref="fl-1d"/>
      </object_component>
      <object_component id="oc-166">
         <name>.text.xQueueGiveFromISR</name>
         <load_address>0x5716</load_address>
         <readonly>true</readonly>
         <executable>true</executable>
         <run_address>0x5716</run_address>
         <size>0xf4</size>
         <alignment>0x2</alignment>
         <input_file_ref idref="fl-27"/>
      </object_component>
      <object_component id="oc-38b">
         <name>.text.I2CSupport_powerSetConstraint</name>
         <load_address>0x580a</load_address>
         <readonly>true</readonly>
         <executable>true</executable>
         <run_address>0x580a</run_address>
         <size>0x2</size>
         <alignment>0x2</alignment>
         <input_file_ref idref="fl-1e"/>
      </object_component>
      <object_component id="oc-332">
         <name>.text.I2CMSPM0_primeReadBurst</name>
         <load_address>0x580c</load_address>
         <readonly>true</readonly>
         <executable>true</executable>
         <run_address>0x580c</run_address>
         <size>0xec</size>
         <alignment>0x4</alignment>
         <input_file_ref idref="fl-1e"/>
      </object_component>
      <object_component id="oc-1a">
         <name>.text.vTaskSwitchContext</name>
         <load_address>0x58f8</load_address>
         <readonly>true</readonly>
         <executable>true</executable>
         <run_address>0x58f8</run_address>
         <size>0xec</size>
         <alignment>0x4</alignment>
         <input_file_ref idref="fl-28"/>
      </object_component>
      <object_component id="oc-300">
         <name>.text.xQueueReceiveFromISR</name>
         <load_address>0x59e4</load_address>
         <readonly>true</readonly>
         <executable>true</executable>
         <run_address>0x59e4</run_address>
         <size>0xec</size>
         <alignment>0x2</alignment>
         <input_file_ref idref="fl-27"/>
      </object_component>
      <object_component id="oc-279">
         <name>.text.vTaskDelete</name>
         <load_address>0x5ad0</load_address>
         <readonly>true</readonly>
         <executable>true</executable>
         <run_address>0x5ad0</run_address>
         <size>0xe8</size>
         <alignment>0x4</alignment>
         <input_file_ref idref="fl-28"/>
      </object_component>
      <object_component id="oc-1f3">
         <name>.text.DL_MCAN_config</name>
         <load_address>0x5bb8</load_address>
         <readonly>true</readonly>
         <executable>true</executable>
         <run_address>0x5bb8</run_address>
         <size>0xe4</size>
         <alignment>0x4</alignment>
         <input_file_ref idref="fl-36"/>
      </object_component>
      <object_component id="oc-231">
         <name>.text.DL_MCAN_writeMsgRam</name>
         <load_address>0x5c9c</load_address>
         <readonly>true</readonly>
         <executable>true</executable>
         <run_address>0x5c9c</run_address>
         <size>0xe4</size>
         <alignment>0x4</alignment>
         <input_file_ref idref="fl-36"/>
      </object_component>
      <object_component id="oc-2ce">
         <name>.text.MLX90640_GetTa</name>
         <load_address>0x5d80</load_address>
         <readonly>true</readonly>
         <executable>true</executable>
         <run_address>0x5d80</run_address>
         <size>0xe4</size>
         <alignment>0x4</alignment>
         <input_file_ref idref="fl-2"/>
      </object_component>
      <object_component id="oc-2b6">
         <name>.text.__muldf3</name>
         <load_address>0x5e64</load_address>
         <readonly>true</readonly>
         <executable>true</executable>
         <run_address>0x5e64</run_address>
         <size>0xe4</size>
         <alignment>0x4</alignment>
         <input_file_ref idref="fl-101"/>
      </object_component>
      <object_component id="oc-373">
         <name>.text.xTaskPriorityInherit</name>
         <load_address>0x5f48</load_address>
         <readonly>true</readonly>
         <executable>true</executable>
         <run_address>0x5f48</run_address>
         <size>0xe4</size>
         <alignment>0x4</alignment>
         <input_file_ref idref="fl-28"/>
      </object_component>
      <object_component id="oc-1ff">
         <name>.text.prvAddNewTaskToReadyList</name>
         <load_address>0x602c</load_address>
         <readonly>true</readonly>
         <executable>true</executable>
         <run_address>0x602c</run_address>
         <size>0xe0</size>
         <alignment>0x4</alignment>
         <input_file_ref idref="fl-28"/>
      </object_component>
      <object_component id="oc-1f2">
         <name>.text.DL_MCAN_init</name>
         <load_address>0x610c</load_address>
         <readonly>true</readonly>
         <executable>true</executable>
         <run_address>0x610c</run_address>
         <size>0xdc</size>
         <alignment>0x4</alignment>
         <input_file_ref idref="fl-36"/>
      </object_component>
      <object_component id="oc-1da">
         <name>.text.DL_SYSCTL_configSYSPLL</name>
         <load_address>0x61e8</load_address>
         <readonly>true</readonly>
         <executable>true</executable>
         <run_address>0x61e8</run_address>
         <size>0xdc</size>
         <alignment>0x4</alignment>
         <input_file_ref idref="fl-39"/>
      </object_component>
      <object_component id="oc-2f3">
         <name>.text.DMAMSPM0_init</name>
         <load_address>0x62c4</load_address>
         <readonly>true</readonly>
         <executable>true</executable>
         <run_address>0x62c4</run_address>
         <size>0xdc</size>
         <alignment>0x4</alignment>
         <input_file_ref idref="fl-20"/>
      </object_component>
      <object_component id="oc-175">
         <name>.text.SYSCFG_DL_MCAN0_init</name>
         <load_address>0x63a0</load_address>
         <readonly>true</readonly>
         <executable>true</executable>
         <run_address>0x63a0</run_address>
         <size>0xdc</size>
         <alignment>0x4</alignment>
         <input_file_ref idref="fl-a"/>
      </object_component>
      <object_component id="oc-1f4">
         <name>.text.DL_MCAN_setBitTime</name>
         <load_address>0x647c</load_address>
         <readonly>true</readonly>
         <executable>true</executable>
         <run_address>0x647c</run_address>
         <size>0xd8</size>
         <alignment>0x4</alignment>
         <input_file_ref idref="fl-36"/>
      </object_component>
      <object_component id="oc-341">
         <name>.text.scalbn</name>
         <load_address>0x6554</load_address>
         <readonly>true</readonly>
         <executable>true</executable>
         <run_address>0x6554</run_address>
         <size>0xd8</size>
         <alignment>0x4</alignment>
         <input_file_ref idref="fl-52"/>
      </object_component>
      <object_component id="oc-2aa">
         <name>.text</name>
         <load_address>0x662c</load_address>
         <readonly>true</readonly>
         <executable>true</executable>
         <run_address>0x662c</run_address>
         <size>0xd8</size>
         <alignment>0x4</alignment>
         <input_file_ref idref="fl-ff"/>
      </object_component>
      <object_component id="oc-1c0">
         <name>.text.prvCopyDataToQueue</name>
         <load_address>0x6704</load_address>
         <readonly>true</readonly>
         <executable>true</executable>
         <run_address>0x6704</run_address>
         <size>0xd4</size>
         <alignment>0x2</alignment>
         <input_file_ref idref="fl-27"/>
      </object_component>
      <object_component id="oc-249">
         <name>.text.xTaskPriorityDisinherit</name>
         <load_address>0x67d8</load_address>
         <readonly>true</readonly>
         <executable>true</executable>
         <run_address>0x67d8</run_address>
         <size>0xc4</size>
         <alignment>0x4</alignment>
         <input_file_ref idref="fl-28"/>
      </object_component>
      <object_component id="oc-2f4">
         <name>.text.DMAMSPM0_open</name>
         <load_address>0x689c</load_address>
         <readonly>true</readonly>
         <executable>true</executable>
         <run_address>0x689c</run_address>
         <size>0xc0</size>
         <alignment>0x4</alignment>
         <input_file_ref idref="fl-20"/>
      </object_component>
      <object_component id="oc-27b">
         <name>.text.xQueueGenericCreateStatic</name>
         <load_address>0x695c</load_address>
         <readonly>true</readonly>
         <executable>true</executable>
         <run_address>0x695c</run_address>
         <size>0xc0</size>
         <alignment>0x2</alignment>
         <input_file_ref idref="fl-27"/>
      </object_component>
      <object_component id="oc-299">
         <name>.text.HwiP_construct</name>
         <load_address>0x6a1c</load_address>
         <readonly>true</readonly>
         <executable>true</executable>
         <run_address>0x6a1c</run_address>
         <size>0xbc</size>
         <alignment>0x4</alignment>
         <input_file_ref idref="fl-24"/>
      </object_component>
      <object_component id="oc-b2">
         <name>.text.prvInsertBlockIntoFreeList</name>
         <load_address>0x6ad8</load_address>
         <readonly>true</readonly>
         <executable>true</executable>
         <run_address>0x6ad8</run_address>
         <size>0xbc</size>
         <alignment>0x4</alignment>
         <input_file_ref idref="fl-30"/>
      </object_component>
      <object_component id="oc-130">
         <name>.text.vTaskStartScheduler</name>
         <load_address>0x6b94</load_address>
         <readonly>true</readonly>
         <executable>true</executable>
         <run_address>0x6b94</run_address>
         <size>0xbc</size>
         <alignment>0x4</alignment>
         <input_file_ref idref="fl-28"/>
      </object_component>
      <object_component id="oc-1c6">
         <name>.text.prvUnlockQueue</name>
         <load_address>0x6c50</load_address>
         <readonly>true</readonly>
         <executable>true</executable>
         <run_address>0x6c50</run_address>
         <size>0xb6</size>
         <alignment>0x2</alignment>
         <input_file_ref idref="fl-27"/>
      </object_component>
      <object_component id="oc-213">
         <name>.text.I2C_init</name>
         <load_address>0x6d06</load_address>
         <readonly>true</readonly>
         <executable>true</executable>
         <run_address>0x6d06</run_address>
         <size>0x2</size>
         <alignment>0x2</alignment>
         <input_file_ref idref="fl-1c"/>
      </object_component>
      <object_component id="oc-19d">
         <name>.text.CAN_transfer</name>
         <load_address>0x6d08</load_address>
         <readonly>true</readonly>
         <executable>true</executable>
         <run_address>0x6d08</run_address>
         <size>0xb4</size>
         <alignment>0x4</alignment>
         <input_file_ref idref="fl-1"/>
      </object_component>
      <object_component id="oc-264">
         <name>.text.UART_writeCallback</name>
         <load_address>0x6dbc</load_address>
         <readonly>true</readonly>
         <executable>true</executable>
         <run_address>0x6dbc</run_address>
         <size>0xb4</size>
         <alignment>0x4</alignment>
         <input_file_ref idref="fl-1d"/>
      </object_component>
      <object_component id="oc-1c3">
         <name>.text.xTaskCheckForTimeOut</name>
         <load_address>0x6e70</load_address>
         <readonly>true</readonly>
         <executable>true</executable>
         <run_address>0x6e70</run_address>
         <size>0xb4</size>
         <alignment>0x4</alignment>
         <input_file_ref idref="fl-28"/>
      </object_component>
      <object_component id="oc-24b">
         <name>.text.prvAddCurrentTaskToDelayedList</name>
         <load_address>0x6f24</load_address>
         <readonly>true</readonly>
         <executable>true</executable>
         <run_address>0x6f24</run_address>
         <size>0xb0</size>
         <alignment>0x4</alignment>
         <input_file_ref idref="fl-28"/>
      </object_component>
      <object_component id="oc-b1">
         <name>.text.prvHeapInit</name>
         <load_address>0x6fd4</load_address>
         <readonly>true</readonly>
         <executable>true</executable>
         <run_address>0x6fd4</run_address>
         <size>0xb0</size>
         <alignment>0x4</alignment>
         <input_file_ref idref="fl-30"/>
      </object_component>
      <object_component id="oc-377">
         <name>.text.prvSwitchTimerLists</name>
         <load_address>0x7084</load_address>
         <readonly>true</readonly>
         <executable>true</executable>
         <run_address>0x7084</run_address>
         <size>0xb0</size>
         <alignment>0x4</alignment>
         <input_file_ref idref="fl-29"/>
      </object_component>
      <object_component id="oc-1c1">
         <name>.text.xTaskRemoveFromEventList</name>
         <load_address>0x7134</load_address>
         <readonly>true</readonly>
         <executable>true</executable>
         <run_address>0x7134</run_address>
         <size>0xb0</size>
         <alignment>0x4</alignment>
         <input_file_ref idref="fl-28"/>
      </object_component>
      <object_component id="oc-31c">
         <name>.text.GPIO_setInterruptConfig</name>
         <load_address>0x71e4</load_address>
         <readonly>true</readonly>
         <executable>true</executable>
         <run_address>0x71e4</run_address>
         <size>0xac</size>
         <alignment>0x4</alignment>
         <input_file_ref idref="fl-23"/>
      </object_component>
      <object_component id="oc-2cd">
         <name>.text.MLX90640_GetVdd</name>
         <load_address>0x7290</load_address>
         <readonly>true</readonly>
         <executable>true</executable>
         <run_address>0x7290</run_address>
         <size>0xac</size>
         <alignment>0x4</alignment>
         <input_file_ref idref="fl-2"/>
      </object_component>
      <object_component id="oc-2c9">
         <name>.text.MLX90640_I2CWrite</name>
         <load_address>0x733c</load_address>
         <readonly>true</readonly>
         <executable>true</executable>
         <run_address>0x733c</run_address>
         <size>0xac</size>
         <alignment>0x4</alignment>
         <input_file_ref idref="fl-4"/>
      </object_component>
      <object_component id="oc-17d">
         <name>.text.xQueueGenericCreate</name>
         <load_address>0x73e8</load_address>
         <readonly>true</readonly>
         <executable>true</executable>
         <run_address>0x73e8</run_address>
         <size>0xaa</size>
         <alignment>0x2</alignment>
         <input_file_ref idref="fl-27"/>
      </object_component>
      <object_component id="oc-44">
         <name>.text.SVC_Handler</name>
         <load_address>0x7492</load_address>
         <readonly>true</readonly>
         <executable>true</executable>
         <run_address>0x7492</run_address>
         <size>0x2</size>
         <alignment>0x2</alignment>
         <input_file_ref idref="fl-2a"/>
      </object_component>
      <object_component id="oc-257">
         <name>.text.DMA_Init</name>
         <load_address>0x7494</load_address>
         <readonly>true</readonly>
         <executable>true</executable>
         <run_address>0x7494</run_address>
         <size>0xa8</size>
         <alignment>0x4</alignment>
         <input_file_ref idref="fl-20"/>
      </object_component>
      <object_component id="oc-174">
         <name>.text.SYSCFG_DL_I2C_0_init</name>
         <load_address>0x753c</load_address>
         <readonly>true</readonly>
         <executable>true</executable>
         <run_address>0x753c</run_address>
         <size>0xa8</size>
         <alignment>0x4</alignment>
         <input_file_ref idref="fl-a"/>
      </object_component>
      <object_component id="oc-1cb">
         <name>.text.UARTMSP_txChar</name>
         <load_address>0x75e4</load_address>
         <readonly>true</readonly>
         <executable>true</executable>
         <run_address>0x75e4</run_address>
         <size>0xa4</size>
         <alignment>0x4</alignment>
         <input_file_ref idref="fl-1f"/>
      </object_component>
      <object_component id="oc-36c">
         <name>.text</name>
         <load_address>0x7688</load_address>
         <readonly>true</readonly>
         <executable>true</executable>
         <run_address>0x7688</run_address>
         <size>0xa2</size>
         <alignment>0x4</alignment>
         <input_file_ref idref="fl-117"/>
      </object_component>
      <object_component id="oc-259">
         <name>.text.UARTMSP_eventCallback</name>
         <load_address>0x772a</load_address>
         <readonly>true</readonly>
         <executable>true</executable>
         <run_address>0x772a</run_address>
         <size>0x2</size>
         <alignment>0x2</alignment>
         <input_file_ref idref="fl-9"/>
      </object_component>
      <object_component id="oc-73">
         <name>.text.vPortFree</name>
         <load_address>0x772c</load_address>
         <readonly>true</readonly>
         <executable>true</executable>
         <run_address>0x772c</run_address>
         <size>0xa0</size>
         <alignment>0x4</alignment>
         <input_file_ref idref="fl-30"/>
      </object_component>
      <object_component id="oc-26e">
         <name>.text.xQueueGenericReset</name>
         <load_address>0x77cc</load_address>
         <readonly>true</readonly>
         <executable>true</executable>
         <run_address>0x77cc</run_address>
         <size>0xa0</size>
         <alignment>0x2</alignment>
         <input_file_ref idref="fl-27"/>
      </object_component>
      <object_component id="oc-333">
         <name>.text.I2CMSPM0_completeTransfer</name>
         <load_address>0x786c</load_address>
         <readonly>true</readonly>
         <executable>true</executable>
         <run_address>0x786c</run_address>
         <size>0x9c</size>
         <alignment>0x4</alignment>
         <input_file_ref idref="fl-1e"/>
      </object_component>
      <object_component id="oc-11f">
         <name>.text:memcpy</name>
         <load_address>0x7908</load_address>
         <readonly>true</readonly>
         <executable>true</executable>
         <run_address>0x7908</run_address>
         <size>0x9a</size>
         <alignment>0x1</alignment>
         <input_file_ref idref="fl-11b"/>
      </object_component>
      <object_component id="oc-263">
         <name>.text.UART_writeBuffered</name>
         <load_address>0x79a2</load_address>
         <readonly>true</readonly>
         <executable>true</executable>
         <run_address>0x79a2</run_address>
         <size>0x98</size>
         <alignment>0x2</alignment>
         <input_file_ref idref="fl-1d"/>
      </object_component>
      <object_component id="oc-188">
         <name>.text.xTaskCreateStatic</name>
         <load_address>0x7a3a</load_address>
         <readonly>true</readonly>
         <executable>true</executable>
         <run_address>0x7a3a</run_address>
         <size>0x94</size>
         <alignment>0x2</alignment>
         <input_file_ref idref="fl-28"/>
      </object_component>
      <object_component id="oc-17e">
         <name>.text.xTaskCreate</name>
         <load_address>0x7ace</load_address>
         <readonly>true</readonly>
         <executable>true</executable>
         <run_address>0x7ace</run_address>
         <size>0x92</size>
         <alignment>0x2</alignment>
         <input_file_ref idref="fl-28"/>
      </object_component>
      <object_component id="oc-325">
         <name>.text.DL_Interrupt_registerInterrupt</name>
         <load_address>0x7b60</load_address>
         <readonly>true</readonly>
         <executable>true</executable>
         <run_address>0x7b60</run_address>
         <size>0x90</size>
         <alignment>0x4</alignment>
         <input_file_ref idref="fl-38"/>
      </object_component>
      <object_component id="oc-f7">
         <name>.text.DMAMSPM0_setupTransfer</name>
         <load_address>0x7bf0</load_address>
         <readonly>true</readonly>
         <executable>true</executable>
         <run_address>0x7bf0</run_address>
         <size>0x90</size>
         <alignment>0x4</alignment>
         <input_file_ref idref="fl-20"/>
      </object_component>
      <object_component id="oc-31a">
         <name>.text.xTimerGenericCommand</name>
         <load_address>0x7c80</load_address>
         <readonly>true</readonly>
         <executable>true</executable>
         <run_address>0x7c80</run_address>
         <size>0x90</size>
         <alignment>0x4</alignment>
         <input_file_ref idref="fl-29"/>
      </object_component>
      <object_component id="oc-2ae">
         <name>.text.__mulsf3</name>
         <load_address>0x7d10</load_address>
         <readonly>true</readonly>
         <executable>true</executable>
         <run_address>0x7d10</run_address>
         <size>0x8c</size>
         <alignment>0x4</alignment>
         <input_file_ref idref="fl-103"/>
      </object_component>
      <object_component id="oc-285">
         <name>.text.prvProcessTimerOrBlockTask</name>
         <load_address>0x7d9c</load_address>
         <readonly>true</readonly>
         <executable>true</executable>
         <run_address>0x7d9c</run_address>
         <size>0x8c</size>
         <alignment>0x4</alignment>
         <input_file_ref idref="fl-29"/>
      </object_component>
      <object_component id="oc-277">
         <name>.text.removeThreadKeys</name>
         <load_address>0x7e28</load_address>
         <readonly>true</readonly>
         <executable>true</executable>
         <run_address>0x7e28</run_address>
         <size>0x8c</size>
         <alignment>0x2</alignment>
         <input_file_ref idref="fl-2d"/>
      </object_component>
      <object_component id="oc-25e">
         <name>.text.SemaphoreP_pend</name>
         <load_address>0x7eb4</load_address>
         <readonly>true</readonly>
         <executable>true</executable>
         <run_address>0x7eb4</run_address>
         <size>0x8a</size>
         <alignment>0x2</alignment>
         <input_file_ref idref="fl-25"/>
      </object_component>
      <object_component id="oc-bc">
         <name>.text.__aeabi_idiv0</name>
         <load_address>0x7f3e</load_address>
         <readonly>true</readonly>
         <executable>true</executable>
         <run_address>0x7f3e</run_address>
         <size>0x2</size>
         <alignment>0x2</alignment>
         <input_file_ref idref="fl-11a"/>
      </object_component>
      <object_component id="oc-25d">
         <name>.text.DMAMSPM0_close</name>
         <load_address>0x7f40</load_address>
         <readonly>true</readonly>
         <executable>true</executable>
         <run_address>0x7f40</run_address>
         <size>0x88</size>
         <alignment>0x4</alignment>
         <input_file_ref idref="fl-20"/>
      </object_component>
      <object_component id="oc-32b">
         <name>.text.__NVIC_SetPriority</name>
         <load_address>0x7fc8</load_address>
         <readonly>true</readonly>
         <executable>true</executable>
         <run_address>0x7fc8</run_address>
         <size>0x84</size>
         <alignment>0x4</alignment>
         <input_file_ref idref="fl-24"/>
      </object_component>
      <object_component id="oc-319">
         <name>.text.prvInsertTimerInActiveList</name>
         <load_address>0x804c</load_address>
         <readonly>true</readonly>
         <executable>true</executable>
         <run_address>0x804c</run_address>
         <size>0x84</size>
         <alignment>0x4</alignment>
         <input_file_ref idref="fl-29"/>
      </object_component>
      <object_component id="oc-2d9">
         <name>.text.__divsf3</name>
         <load_address>0x80d0</load_address>
         <readonly>true</readonly>
         <executable>true</executable>
         <run_address>0x80d0</run_address>
         <size>0x82</size>
         <alignment>0x4</alignment>
         <input_file_ref idref="fl-104"/>
      </object_component>
      <object_component id="oc-397">
         <name>.text.__aeabi_ldiv0</name>
         <load_address>0x8152</load_address>
         <readonly>true</readonly>
         <executable>true</executable>
         <run_address>0x8152</run_address>
         <size>0x2</size>
         <alignment>0x2</alignment>
         <input_file_ref idref="fl-11a"/>
      </object_component>
      <object_component id="oc-256">
         <name>.text.DL_UART_configBaudRate</name>
         <load_address>0x8154</load_address>
         <readonly>true</readonly>
         <executable>true</executable>
         <run_address>0x8154</run_address>
         <size>0x80</size>
         <alignment>0x4</alignment>
         <input_file_ref idref="fl-37"/>
      </object_component>
      <object_component id="oc-24">
         <name>.text.calloc</name>
         <load_address>0x81d4</load_address>
         <readonly>true</readonly>
         <executable>true</executable>
         <run_address>0x81d4</run_address>
         <size>0x7c</size>
         <alignment>0x2</alignment>
         <input_file_ref idref="fl-2c"/>
      </object_component>
      <object_component id="oc-28d">
         <name>.text.eTaskConfirmSleepModeStatus</name>
         <load_address>0x8250</load_address>
         <readonly>true</readonly>
         <executable>true</executable>
         <run_address>0x8250</run_address>
         <size>0x7c</size>
         <alignment>0x4</alignment>
         <input_file_ref idref="fl-28"/>
      </object_component>
      <object_component id="oc-272">
         <name>.text.prvInitialiseTaskLists</name>
         <load_address>0x82cc</load_address>
         <readonly>true</readonly>
         <executable>true</executable>
         <run_address>0x82cc</run_address>
         <size>0x7c</size>
         <alignment>0x4</alignment>
         <input_file_ref idref="fl-28"/>
      </object_component>
      <object_component id="oc-316">
         <name>.text.prvProcessExpiredTimer</name>
         <load_address>0x8348</load_address>
         <readonly>true</readonly>
         <executable>true</executable>
         <run_address>0x8348</run_address>
         <size>0x7c</size>
         <alignment>0x4</alignment>
         <input_file_ref idref="fl-29"/>
      </object_component>
      <object_component id="oc-189">
         <name>.text.xTimerCreateTimerTask</name>
         <load_address>0x83c4</load_address>
         <readonly>true</readonly>
         <executable>true</executable>
         <run_address>0x83c4</run_address>
         <size>0x7c</size>
         <alignment>0x4</alignment>
         <input_file_ref idref="fl-29"/>
      </object_component>
      <object_component id="oc-2b">
         <name>.text:decompress:lzss</name>
         <load_address>0x8440</load_address>
         <readonly>true</readonly>
         <executable>true</executable>
         <run_address>0x8440</run_address>
         <size>0x7c</size>
         <alignment>0x4</alignment>
         <input_file_ref idref="fl-56"/>
      </object_component>
      <object_component id="oc-260">
         <name>.text.UARTMSP_enableInts</name>
         <load_address>0x84bc</load_address>
         <readonly>true</readonly>
         <executable>true</executable>
         <run_address>0x84bc</run_address>
         <size>0x78</size>
         <alignment>0x4</alignment>
         <input_file_ref idref="fl-1f"/>
      </object_component>
      <object_component id="oc-385">
         <name>.text.I2CSupport_primeTransfer</name>
         <load_address>0x8534</load_address>
         <readonly>true</readonly>
         <executable>true</executable>
         <run_address>0x8534</run_address>
         <size>0x74</size>
         <alignment>0x4</alignment>
         <input_file_ref idref="fl-1e"/>
      </object_component>
      <object_component id="oc-394">
         <name>.text.__gedf2</name>
         <load_address>0x85a8</load_address>
         <readonly>true</readonly>
         <executable>true</executable>
         <run_address>0x85a8</run_address>
         <size>0x74</size>
         <alignment>0x4</alignment>
         <input_file_ref idref="fl-119"/>
      </object_component>
      <object_component id="oc-1ab">
         <name>.text.HOSTexit</name>
         <load_address>0x861c</load_address>
         <readonly>true</readonly>
         <executable>true</executable>
         <run_address>0x861c</run_address>
         <size>0x4</size>
         <alignment>0x2</alignment>
         <input_file_ref idref="fl-fe"/>
      </object_component>
      <object_component id="oc-2be">
         <name>.text.__truncdfsf2</name>
         <load_address>0x8620</load_address>
         <readonly>true</readonly>
         <executable>true</executable>
         <run_address>0x8620</run_address>
         <size>0x74</size>
         <alignment>0x10</alignment>
         <input_file_ref idref="fl-10e"/>
      </object_component>
      <object_component id="oc-211">
         <name>.text.prvGetExpectedIdleTime</name>
         <load_address>0x8694</load_address>
         <readonly>true</readonly>
         <executable>true</executable>
         <run_address>0x8694</run_address>
         <size>0x74</size>
         <alignment>0x4</alignment>
         <input_file_ref idref="fl-28"/>
      </object_component>
      <object_component id="oc-200">
         <name>.text.pthread_exit</name>
         <load_address>0x8708</load_address>
         <readonly>true</readonly>
         <executable>true</executable>
         <run_address>0x8708</run_address>
         <size>0x6e</size>
         <alignment>0x2</alignment>
         <input_file_ref idref="fl-2d"/>
      </object_component>
      <object_component id="oc-205">
         <name>.text.prvCheckForValidListAndQueue</name>
         <load_address>0x8778</load_address>
         <readonly>true</readonly>
         <executable>true</executable>
         <run_address>0x8778</run_address>
         <size>0x6c</size>
         <alignment>0x4</alignment>
         <input_file_ref idref="fl-29"/>
      </object_component>
      <object_component id="oc-24a">
         <name>.text.vListInsert</name>
         <load_address>0x87e4</load_address>
         <readonly>true</readonly>
         <executable>true</executable>
         <run_address>0x87e4</run_address>
         <size>0x6c</size>
         <alignment>0x2</alignment>
         <input_file_ref idref="fl-31"/>
      </object_component>
      <object_component id="oc-317">
         <name>.text.vQueueWaitForMessageRestricted</name>
         <load_address>0x8850</load_address>
         <readonly>true</readonly>
         <executable>true</executable>
         <run_address>0x8850</run_address>
         <size>0x6a</size>
         <alignment>0x2</alignment>
         <input_file_ref idref="fl-27"/>
      </object_component>
      <object_component id="oc-1ca">
         <name>.text.UARTMSP_disable</name>
         <load_address>0x88bc</load_address>
         <readonly>true</readonly>
         <executable>true</executable>
         <run_address>0x88bc</run_address>
         <size>0x68</size>
         <alignment>0x4</alignment>
         <input_file_ref idref="fl-1f"/>
      </object_component>
      <object_component id="oc-38e">
         <name>.text.__ledf2</name>
         <load_address>0x8924</load_address>
         <readonly>true</readonly>
         <executable>true</executable>
         <run_address>0x8924</run_address>
         <size>0x68</size>
         <alignment>0x4</alignment>
         <input_file_ref idref="fl-119"/>
      </object_component>
      <object_component id="oc-354">
         <name>.text.__aeabi_dcmp</name>
         <load_address>0x898c</load_address>
         <readonly>true</readonly>
         <executable>true</executable>
         <run_address>0x898c</run_address>
         <size>0x62</size>
         <alignment>0x4</alignment>
         <input_file_ref idref="fl-110"/>
      </object_component>
      <object_component id="oc-23a">
         <name>.text.__aeabi_fcmp</name>
         <load_address>0x89f0</load_address>
         <readonly>true</readonly>
         <executable>true</executable>
         <run_address>0x89f0</run_address>
         <size>0x62</size>
         <alignment>0x4</alignment>
         <input_file_ref idref="fl-111"/>
      </object_component>
      <object_component id="oc-119">
         <name>.text:memset</name>
         <load_address>0x8a52</load_address>
         <readonly>true</readonly>
         <executable>true</executable>
         <run_address>0x8a52</run_address>
         <size>0x62</size>
         <alignment>0x1</alignment>
         <input_file_ref idref="fl-11c"/>
      </object_component>
      <object_component id="oc-331">
         <name>.text.DL_I2C_fillControllerTXFIFO</name>
         <load_address>0x8ab4</load_address>
         <readonly>true</readonly>
         <executable>true</executable>
         <run_address>0x8ab4</run_address>
         <size>0x5e</size>
         <alignment>0x2</alignment>
         <input_file_ref idref="fl-35"/>
      </object_component>
      <object_component id="oc-18f">
         <name>.text.prvIdleTask</name>
         <load_address>0x8b14</load_address>
         <readonly>true</readonly>
         <executable>true</executable>
         <run_address>0x8b14</run_address>
         <size>0x5c</size>
         <alignment>0x4</alignment>
         <input_file_ref idref="fl-28"/>
      </object_component>
      <object_component id="oc-275">
         <name>.text.pthread_setcancelstate</name>
         <load_address>0x8b70</load_address>
         <readonly>true</readonly>
         <executable>true</executable>
         <run_address>0x8b70</run_address>
         <size>0x5a</size>
         <alignment>0x2</alignment>
         <input_file_ref idref="fl-2d"/>
      </object_component>
      <object_component id="oc-1f7">
         <name>.text.DL_MCAN_lpbkModeEnable</name>
         <load_address>0x8bcc</load_address>
         <readonly>true</readonly>
         <executable>true</executable>
         <run_address>0x8bcc</run_address>
         <size>0x58</size>
         <alignment>0x4</alignment>
         <input_file_ref idref="fl-36"/>
      </object_component>
      <object_component id="oc-37e">
         <name>.text.__clzsi2</name>
         <load_address>0x8c24</load_address>
         <readonly>true</readonly>
         <executable>true</executable>
         <run_address>0x8c24</run_address>
         <size>0x58</size>
         <alignment>0x2</alignment>
         <input_file_ref idref="fl-10f"/>
      </object_component>
      <object_component id="oc-cd">
         <name>.text.main</name>
         <load_address>0x8c7c</load_address>
         <readonly>true</readonly>
         <executable>true</executable>
         <run_address>0x8c7c</run_address>
         <size>0x58</size>
         <alignment>0x4</alignment>
         <input_file_ref idref="fl-8"/>
      </object_component>
      <object_component id="oc-5f">
         <name>.text.__aeabi_errno_addr</name>
         <load_address>0x8cd4</load_address>
         <readonly>true</readonly>
         <executable>true</executable>
         <run_address>0x8cd4</run_address>
         <size>0x54</size>
         <alignment>0x4</alignment>
         <input_file_ref idref="fl-32"/>
      </object_component>
      <object_component id="oc-20d">
         <name>.text.vPortSetupTimerInterrupt</name>
         <load_address>0x8d28</load_address>
         <readonly>true</readonly>
         <executable>true</executable>
         <run_address>0x8d28</run_address>
         <size>0x54</size>
         <alignment>0x4</alignment>
         <input_file_ref idref="fl-2a"/>
      </object_component>
      <object_component id="oc-335">
         <name>.text.I2CMSPM0_readReceiveFifo</name>
         <load_address>0x8d7c</load_address>
         <readonly>true</readonly>
         <executable>true</executable>
         <run_address>0x8d7c</run_address>
         <size>0x50</size>
         <alignment>0x4</alignment>
         <input_file_ref idref="fl-1e"/>
      </object_component>
      <object_component id="oc-1a4">
         <name>.text.MLX90640_ReadTemperatures</name>
         <load_address>0x8dcc</load_address>
         <readonly>true</readonly>
         <executable>true</executable>
         <run_address>0x8dcc</run_address>
         <size>0x50</size>
         <alignment>0x4</alignment>
         <input_file_ref idref="fl-6"/>
      </object_component>
      <object_component id="oc-210">
         <name>.text.prvCheckTasksWaitingTermination</name>
[...]
      </symbol>
      <symbol id="sm-4ea">
         <name>vListInitialise</name>
         <value>0x9e69</value>
         <object_component_ref idref="oc-27a"/>
      </symbol>
      <symbol id="sm-4eb">
         <name>vListInitialiseItem</name>
         <value>0xa4b7</value>
         <object_component_ref idref="oc-270"/>
      </symbol>
      <symbol id="sm-4ec">
         <name>vListInsertEnd</name>
         <value>0x976b</value>
         <object_component_ref idref="oc-de"/>
      </symbol>
      <symbol id="sm-4ed">
         <name>vListInsert</name>
         <value>0x87e5</value>
         <object_component_ref idref="oc-24a"/>
      </symbol>
      <symbol id="sm-4ee">
         <name>uxListRemove</name>
         <value>0x911d</value>
         <object_component_ref idref="oc-d9"/>
      </symbol>
      <symbol id="sm-4f9">
         <name>__aeabi_errno_addr</name>
         <value>0x8cd5</value>
         <object_component_ref idref="oc-5f"/>
      </symbol>
      <symbol id="sm-502">
         <name>DL_Common_delayCycles</name>
         <value>0xa50d</value>
         <object_component_ref idref="oc-1d6"/>
      </symbol>
      <symbol id="sm-50c">
         <name>DL_DMA_initChannel</name>
         <value>0x8f0d</value>
         <object_component_ref idref="oc-15b"/>
      </symbol>
      <symbol id="sm-51e">
         <name>DL_I2C_setClockConfig</name>
         <value>0xa005</value>
         <object_component_ref idref="oc-1e1"/>
      </symbol>
      <symbol id="sm-51f">
         <name>DL_I2C_fillControllerTXFIFO</name>
         <value>0x8ab5</value>
         <object_component_ref idref="oc-331"/>
      </symbol>
      <symbol id="sm-520">
         <name>DL_I2C_flushControllerTXFIFO</name>
         <value>0x958d</value>
         <object_component_ref idref="oc-29b"/>
      </symbol>
      <symbol id="sm-521">
         <name>DL_I2C_flushControllerRXFIFO</name>
         <value>0x9c45</value>
         <object_component_ref idref="oc-29c"/>
      </symbol>
      <symbol id="sm-551">
         <name>DL_MCAN_setClockConfig</name>
         <value>0xa051</value>
         <object_component_ref idref="oc-1e8"/>
      </symbol>
      <symbol id="sm-552">
         <name>DL_MCAN_isMemInitDone</name>
         <value>0xa419</value>
         <object_component_ref idref="oc-1ef"/>
      </symbol>
      <symbol id="sm-553">
         <name>DL_MCAN_setOpMode</name>
         <value>0xa279</value>
         <object_component_ref idref="oc-1f0"/>
      </symbol>
      <symbol id="sm-554">
         <name>DL_MCAN_getOpMode</name>
         <value>0xa409</value>
         <object_component_ref idref="oc-1f1"/>
      </symbol>
      <symbol id="sm-555">
         <name>DL_MCAN_init</name>
         <value>0x610d</value>
         <object_component_ref idref="oc-1f2"/>
      </symbol>
      <symbol id="sm-556">
         <name>DL_MCAN_config</name>
         <value>0x5bb9</value>
         <object_component_ref idref="oc-1f3"/>
      </symbol>
      <symbol id="sm-557">
         <name>DL_MCAN_setBitTime</name>
         <value>0x647d</value>
         <object_component_ref idref="oc-1f4"/>
      </symbol>
      <symbol id="sm-558">
         <name>DL_MCAN_msgRAMConfig</name>
         <value>0x246d</value>
         <object_component_ref idref="oc-1f5"/>
      </symbol>
      <symbol id="sm-559">
         <name>DL_MCAN_setExtIDAndMask</name>
         <value>0x99d1</value>
         <object_component_ref idref="oc-1f6"/>
      </symbol>
      <symbol id="sm-55a">
         <name>DL_MCAN_writeMsgRam</name>
         <value>0x5c9d</value>
         <object_component_ref idref="oc-231"/>
      </symbol>
      <symbol id="sm-55b">
         <name>DL_MCAN_TXBufAddReq</name>
         <value>0x999d</value>
         <object_component_ref idref="oc-232"/>
      </symbol>
      <symbol id="sm-55c">
         <name>DL_MCAN_lpbkModeEnable</name>
         <value>0x8bcd</value>
         <object_component_ref idref="oc-1f7"/>
      </symbol>
      <symbol id="sm-55d">
         <name>DL_MCAN_getRevisionId</name>
         <value>0x91f1</value>
         <object_component_ref idref="oc-1ee"/>
      </symbol>
      <symbol id="sm-56d">
         <name>DL_UART_init</name>
         <value>0x90d5</value>
         <object_component_ref idref="oc-255"/>
      </symbol>
      <symbol id="sm-56e">
         <name>DL_UART_setClockConfig</name>
         <value>0xa3c1</value>
         <object_component_ref idref="oc-24f"/>
      </symbol>
      <symbol id="sm-56f">
         <name>DL_UART_configBaudRate</name>
         <value>0x8155</value>
         <object_component_ref idref="oc-256"/>
      </symbol>
      <symbol id="sm-57f">
         <name>DL_Interrupt_registerInterrupt</name>
         <value>0x7b61</value>
         <object_component_ref idref="oc-325"/>
      </symbol>
      <symbol id="sm-580">
         <name>DL_Interrupt_unregisterInterrupt</name>
         <value>0xa321</value>
         <object_component_ref idref="oc-396"/>
      </symbol>
      <symbol id="sm-58b">
         <name>DL_SYSCTL_configSYSPLL</name>
         <value>0x61e9</value>
         <object_component_ref idref="oc-1da"/>
      </symbol>
      <symbol id="sm-5bf">
         <name>pow</name>
         <value>0xc1</value>
         <object_component_ref idref="oc-2d3"/>
      </symbol>
      <symbol id="sm-5c0">
         <name>powl</name>
         <value>0xc1</value>
         <object_component_ref idref="oc-2d3"/>
      </symbol>
      <symbol id="sm-5ca">
         <name>sqrt</name>
         <value>0x40a5</value>
         <object_component_ref idref="oc-2e1"/>
      </symbol>
      <symbol id="sm-5cb">
         <name>sqrtl</name>
         <value>0x40a5</value>
         <object_component_ref idref="oc-2e1"/>
      </symbol>
      <symbol id="sm-5d5">
         <name>scalbn</name>
         <value>0x6555</value>
         <object_component_ref idref="oc-341"/>
      </symbol>
      <symbol id="sm-5d6">
         <name>ldexp</name>
         <value>0x6555</value>
         <object_component_ref idref="oc-341"/>
      </symbol>
      <symbol id="sm-5d7">
         <name>scalbnl</name>
         <value>0x6555</value>
         <object_component_ref idref="oc-341"/>
      </symbol>
      <symbol id="sm-5d8">
         <name>ldexpl</name>
         <value>0x6555</value>
         <object_component_ref idref="oc-341"/>
      </symbol>
      <symbol id="sm-5e3">
         <name>__TI_zero_init</name>
         <value>0xa489</value>
         <object_component_ref idref="oc-8a"/>
      </symbol>
      <symbol id="sm-5ec">
         <name>__TI_decompress_none</name>
         <value>0xa3f7</value>
         <object_component_ref idref="oc-2f"/>
      </symbol>
      <symbol id="sm-5f7">
         <name>__TI_decompress_lzss</name>
         <value>0x8441</value>
         <object_component_ref idref="oc-2b"/>
      </symbol>
      <symbol id="sm-602">
         <name>_c_int00_noargs</name>
         <value>0x9fdd</value>
         <object_component_ref idref="oc-8d"/>
      </symbol>
      <symbol id="sm-603">
         <name>__stack</name>
         <value>0x20207e00</value>
         <object_component_ref idref="oc-29"/>
      </symbol>
      <symbol id="sm-60e">
         <name>abort</name>
         <value>0xa593</value>
         <object_component_ref idref="oc-135"/>
      </symbol>
      <symbol id="sm-61b">
         <name>__TI_auto_init_nobinit_nopinit</name>
         <value>0x96b9</value>
         <object_component_ref idref="oc-13c"/>
      </symbol>
      <symbol id="sm-623">
         <name>_system_pre_init</name>
         <value>0xa5a9</value>
         <object_component_ref idref="oc-c9"/>
      </symbol>
      <symbol id="sm-62c">
         <name>HOSTexit</name>
         <value>0x861d</value>
         <object_component_ref idref="oc-1ab"/>
      </symbol>
      <symbol id="sm-62d">
         <name>C$$EXIT</name>
         <value>0x861c</value>
         <object_component_ref idref="oc-1ab"/>
      </symbol>
      <symbol id="sm-633">
         <name>__aeabi_fadd</name>
         <value>0x6637</value>
         <object_component_ref idref="oc-2aa"/>
      </symbol>
      <symbol id="sm-634">
         <name>__addsf3</name>
         <value>0x6637</value>
         <object_component_ref idref="oc-2aa"/>
      </symbol>
      <symbol id="sm-635">
         <name>__aeabi_fsub</name>
         <value>0x662d</value>
         <object_component_ref idref="oc-2aa"/>
      </symbol>
      <symbol id="sm-636">
         <name>__subsf3</name>
         <value>0x662d</value>
         <object_component_ref idref="oc-2aa"/>
      </symbol>
      <symbol id="sm-63c">
         <name>__aeabi_dadd</name>
         <value>0x3a83</value>
         <object_component_ref idref="oc-2ba"/>
      </symbol>
      <symbol id="sm-63d">
         <name>__adddf3</name>
         <value>0x3a83</value>
         <object_component_ref idref="oc-2ba"/>
      </symbol>
      <symbol id="sm-63e">
         <name>__aeabi_dsub</name>
         <value>0x3a79</value>
         <object_component_ref idref="oc-2ba"/>
      </symbol>
      <symbol id="sm-63f">
         <name>__subdf3</name>
         <value>0x3a79</value>
         <object_component_ref idref="oc-2ba"/>
      </symbol>
      <symbol id="sm-64b">
         <name>__aeabi_dmul</name>
         <value>0x5e65</value>
         <object_component_ref idref="oc-2b6"/>
      </symbol>
      <symbol id="sm-64c">
         <name>__muldf3</name>
         <value>0x5e65</value>
         <object_component_ref idref="oc-2b6"/>
      </symbol>
      <symbol id="sm-655">
         <name>__muldsi3</name>
         <value>0x9731</value>
         <object_component_ref idref="oc-338"/>
      </symbol>
      <symbol id="sm-65b">
         <name>__aeabi_fmul</name>
         <value>0x7d11</value>
         <object_component_ref idref="oc-2ae"/>
      </symbol>
      <symbol id="sm-65c">
         <name>__mulsf3</name>
         <value>0x7d11</value>
         <object_component_ref idref="oc-2ae"/>
      </symbol>
      <symbol id="sm-662">
         <name>__aeabi_fdiv</name>
         <value>0x80d1</value>
         <object_component_ref idref="oc-2d9"/>
      </symbol>
      <symbol id="sm-663">
         <name>__divsf3</name>
         <value>0x80d1</value>
         <object_component_ref idref="oc-2d9"/>
      </symbol>
      <symbol id="sm-669">
         <name>__aeabi_ddiv</name>
         <value>0x4f25</value>
         <object_component_ref idref="oc-2e5"/>
      </symbol>
      <symbol id="sm-66a">
         <name>__divdf3</name>
         <value>0x4f25</value>
         <object_component_ref idref="oc-2e5"/>
      </symbol>
      <symbol id="sm-670">
         <name>__aeabi_f2d</name>
         <value>0x9491</value>
         <object_component_ref idref="oc-2cf"/>
      </symbol>
      <symbol id="sm-671">
         <name>__extendsfdf2</name>
         <value>0x9491</value>
         <object_component_ref idref="oc-2cf"/>
      </symbol>
      <symbol id="sm-677">
         <name>__aeabi_i2d</name>
         <value>0x9e11</value>
         <object_component_ref idref="oc-345"/>
      </symbol>
      <symbol id="sm-678">
         <name>__floatsidf</name>
         <value>0x9e11</value>
         <object_component_ref idref="oc-345"/>
      </symbol>
      <symbol id="sm-67e">
         <name>__aeabi_i2f</name>
         <value>0x95c9</value>
         <object_component_ref idref="oc-2dd"/>
      </symbol>
      <symbol id="sm-67f">
         <name>__floatsisf</name>
         <value>0x95c9</value>
         <object_component_ref idref="oc-2dd"/>
      </symbol>
      <symbol id="sm-685">
         <name>__aeabi_ui2d</name>
         <value>0xa105</value>
         <object_component_ref idref="oc-2b2"/>
      </symbol>
      <symbol id="sm-686">
         <name>__floatunsidf</name>
         <value>0xa105</value>
         <object_component_ref idref="oc-2b2"/>
      </symbol>
      <symbol id="sm-68c">
         <name>__aeabi_ui2f</name>
         <value>0x9f3d</value>
         <object_component_ref idref="oc-2a6"/>
      </symbol>
      <symbol id="sm-68d">
         <name>__floatunsisf</name>
         <value>0x9f3d</value>
         <object_component_ref idref="oc-2a6"/>
      </symbol>
      <symbol id="sm-693">
         <name>__aeabi_lmul</name>
         <value>0xa129</value>
         <object_component_ref idref="oc-306"/>
      </symbol>
      <symbol id="sm-694">
         <name>__muldi3</name>
         <value>0xa129</value>
         <object_component_ref idref="oc-306"/>
      </symbol>
      <symbol id="sm-69b">
         <name>__aeabi_d2f</name>
         <value>0x8621</value>
         <object_component_ref idref="oc-2be"/>
      </symbol>
      <symbol id="sm-69c">
         <name>__truncdfsf2</name>
         <value>0x8621</value>
         <object_component_ref idref="oc-2be"/>
      </symbol>
      <symbol id="sm-6a5">
         <name>__clzsi2</name>
         <value>0x8c25</value>
         <object_component_ref idref="oc-37e"/>
      </symbol>
      <symbol id="sm-6ab">
         <name>__aeabi_dcmpeq</name>
         <value>0x898d</value>
         <object_component_ref idref="oc-354"/>
      </symbol>
      <symbol id="sm-6ac">
         <name>__aeabi_dcmplt</name>
         <value>0x89a1</value>
         <object_component_ref idref="oc-354"/>
      </symbol>
      <symbol id="sm-6ad">
         <name>__aeabi_dcmple</name>
         <value>0x89b5</value>
         <object_component_ref idref="oc-354"/>
      </symbol>
      <symbol id="sm-6ae">
         <name>__aeabi_dcmpge</name>
         <value>0x89c9</value>
         <object_component_ref idref="oc-354"/>
      </symbol>
      <symbol id="sm-6af">
         <name>__aeabi_dcmpgt</name>
         <value>0x89dd</value>
         <object_component_ref idref="oc-354"/>
      </symbol>
      <symbol id="sm-6b5">
         <name>__aeabi_fcmpeq</name>
         <value>0x89f1</value>
         <object_component_ref idref="oc-23a"/>
      </symbol>
      <symbol id="sm-6b6">
         <name>__aeabi_fcmplt</name>
         <value>0x8a05</value>
         <object_component_ref idref="oc-23a"/>
      </symbol>
      <symbol id="sm-6b7">
         <name>__aeabi_fcmple</name>
         <value>0x8a19</value>
         <object_component_ref idref="oc-23a"/>
      </symbol>
      <symbol id="sm-6b8">
         <name>__aeabi_fcmpge</name>
         <value>0x8a2d</value>
         <object_component_ref idref="oc-23a"/>
      </symbol>
      <symbol id="sm-6b9">
         <name>__aeabi_fcmpgt</name>
         <value>0x8a41</value>
         <object_component_ref idref="oc-23a"/>
      </symbol>
      <symbol id="sm-6bf">
         <name>__aeabi_memcpy</name>
         <value>0x9279</value>
         <object_component_ref idref="oc-7d"/>
      </symbol>
      <symbol id="sm-6c0">
         <name>__aeabi_memcpy4</name>
         <value>0x9279</value>
         <object_component_ref idref="oc-7d"/>
      </symbol>
      <symbol id="sm-6c1">
         <name>__aeabi_memcpy8</name>
         <value>0x9279</value>
         <object_component_ref idref="oc-7d"/>
      </symbol>
      <symbol id="sm-6ca">
         <name>__aeabi_memset</name>
         <value>0xa4a9</value>
         <object_component_ref idref="oc-26f"/>
      </symbol>
      <symbol id="sm-6cb">
         <name>__aeabi_memset4</name>
         <value>0xa4a9</value>
         <object_component_ref idref="oc-26f"/>
      </symbol>
      <symbol id="sm-6cc">
         <name>__aeabi_memset8</name>
         <value>0xa4a9</value>
         <object_component_ref idref="oc-26f"/>
      </symbol>
      <symbol id="sm-6cd">
         <name>__aeabi_memclr</name>
         <value>0xa4dd</value>
         <object_component_ref idref="oc-6e"/>
      </symbol>
      <symbol id="sm-6ce">
         <name>__aeabi_memclr4</name>
         <value>0xa4dd</value>
         <object_component_ref idref="oc-6e"/>
      </symbol>
      <symbol id="sm-6cf">
         <name>__aeabi_memclr8</name>
         <value>0xa4dd</value>
         <object_component_ref idref="oc-6e"/>
      </symbol>
      <symbol id="sm-6d5">
         <name>__aeabi_uidiv</name>
         <value>0x9451</value>
         <object_component_ref idref="oc-6a"/>
      </symbol>
      <symbol id="sm-6d6">
         <name>__aeabi_uidivmod</name>
         <value>0x9451</value>
         <object_component_ref idref="oc-6a"/>
      </symbol>
      <symbol id="sm-6dc">
         <name>__aeabi_uldivmod</name>
         <value>0xa371</value>
         <object_component_ref idref="oc-30a"/>
      </symbol>
      <symbol id="sm-6e5">
         <name>__eqsf2</name>
         <value>0x96f5</value>
         <object_component_ref idref="oc-2e9"/>
      </symbol>
      <symbol id="sm-6e6">
         <name>__lesf2</name>
         <value>0x96f5</value>
         <object_component_ref idref="oc-2e9"/>
      </symbol>
      <symbol id="sm-6e7">
         <name>__ltsf2</name>
         <value>0x96f5</value>
         <object_component_ref idref="oc-2e9"/>
      </symbol>
      <symbol id="sm-6e8">
         <name>__nesf2</name>
         <value>0x96f5</value>
         <object_component_ref idref="oc-2e9"/>
      </symbol>
      <symbol id="sm-6e9">
         <name>__cmpsf2</name>
         <value>0x96f5</value>
         <object_component_ref idref="oc-2e9"/>
      </symbol>
      <symbol id="sm-6ea">
         <name>__gtsf2</name>
         <value>0x9605</value>
         <object_component_ref idref="oc-2ee"/>
      </symbol>
      <symbol id="sm-6eb">
         <name>__gesf2</name>
         <value>0x9605</value>
         <object_component_ref idref="oc-2ee"/>
      </symbol>
      <symbol id="sm-6f1">
         <name>__udivmoddi4</name>
         <value>0x7689</value>
         <object_component_ref idref="oc-36c"/>
      </symbol>
      <symbol id="sm-6f7">
         <name>__aeabi_llsl</name>
         <value>0xa1cd</value>
         <object_component_ref idref="oc-398"/>
      </symbol>
      <symbol id="sm-6f8">
         <name>__ashldi3</name>
         <value>0xa1cd</value>
         <object_component_ref idref="oc-398"/>
      </symbol>
      <symbol id="sm-706">
         <name>__ledf2</name>
         <value>0x8925</value>
         <object_component_ref idref="oc-38e"/>
      </symbol>
      <symbol id="sm-707">
         <name>__gedf2</name>
         <value>0x85a9</value>
         <object_component_ref idref="oc-394"/>
      </symbol>
      <symbol id="sm-708">
         <name>__cmpdf2</name>
         <value>0x8925</value>
         <object_component_ref idref="oc-38e"/>
      </symbol>
      <symbol id="sm-709">
         <name>__eqdf2</name>
         <value>0x8925</value>
         <object_component_ref idref="oc-38e"/>
      </symbol>
      <symbol id="sm-70a">
         <name>__ltdf2</name>
         <value>0x8925</value>
         <object_component_ref idref="oc-38e"/>
      </symbol>
      <symbol id="sm-70b">
         <name>__nedf2</name>
         <value>0x8925</value>
         <object_component_ref idref="oc-38e"/>
      </symbol>
      <symbol id="sm-70c">
         <name>__gtdf2</name>
         <value>0x85a9</value>
         <object_component_ref idref="oc-394"/>
      </symbol>
      <symbol id="sm-718">
         <name>__aeabi_idiv0</name>
         <value>0x7f3f</value>
         <object_component_ref idref="oc-bc"/>
      </symbol>
      <symbol id="sm-719">
         <name>__aeabi_ldiv0</name>
         <value>0x8153</value>
         <object_component_ref idref="oc-397"/>
      </symbol>
      <symbol id="sm-732">
         <name>memcpy</name>
         <value>0x7909</value>
         <object_component_ref idref="oc-11f"/>
      </symbol>
      <symbol id="sm-741">
         <name>memset</name>
         <value>0x8a53</value>
         <object_component_ref idref="oc-119"/>
      </symbol>
      <symbol id="sm-742">
         <name>__TI_static_base__</name>
         <value>0x0</value>
      </symbol>
      <symbol id="sm-746">
         <name>__mpu_init</name>
         <value>0x0</value>
      </symbol>
      <symbol id="sm-747">
         <name>_system_post_cinit</name>
         <value>0x0</value>
      </symbol>
   </symbol_table>
   <title>Link successful</title>
</link_info>
